Component: ARM Compiler 5.06 update 4 (build 422) Tool: armlink [4d35d2]

==============================================================================

Section Cross References

    main.o(i.main) refers to misc.o(i.NVIC_PriorityGroupConfig) for NVIC_PriorityGroupConfig
    main.o(i.main) refers to delay.o(i.systick_init) for systick_init
    main.o(i.main) refers to led.o(i.LED_Init) for LED_Init
    main.o(i.main) refers to usart.o(i.USART1_Init) for USART1_Init
    main.o(i.main) refers to tianwen.o(i.USART2_Init) for USART2_Init
    main.o(i.main) refers to bluetooth.o(i.USART3_Init) for USART3_Init
    main.o(i.main) refers to oled.o(i.OLED_Init) for OLED_Init
    main.o(i.main) refers to oled.o(i.OLED_Clear) for OLED_Clear
    main.o(i.main) refers to leg.o(i.TIM4_CH1_Init) for TIM4_CH1_Init
    main.o(i.main) refers to leg.o(i.TIM4_CH2_Init) for TIM4_CH2_Init
    main.o(i.main) refers to leg.o(i.TIM4_CH3_Init) for TIM4_CH3_Init
    main.o(i.main) refers to leg.o(i.TIM4_CH4_Init) for TIM4_CH4_Init
    main.o(i.main) refers to leg.o(i.TIM3_CH1_Init) for TIM3_CH1_Init
    main.o(i.main) refers to oled.o(i.OLED_ShowImage) for OLED_ShowImage
    main.o(i.main) refers to oled.o(i.OLED_Update) for OLED_Update
    main.o(i.main) refers to mode.o(i.Sleep) for Sleep
    main.o(i.main) refers to mode.o(i.SlowStand) for SlowStand
    main.o(i.main) refers to mode.o(i.Stand) for Stand
    main.o(i.main) refers to mode.o(i.Advance) for Advance
    main.o(i.main) refers to mode.o(i.Queen) for Queen
    main.o(i.main) refers to mode.o(i.Left) for Left
    main.o(i.main) refers to mode.o(i.Right) for Right
    main.o(i.main) refers to mode.o(i.Handshake) for Handshake
    main.o(i.main) refers to mode.o(i.Sit) for Sit
    main.o(i.main) refers to mode.o(i.Rock) for Rock
    main.o(i.main) refers to mode.o(i.dance) for dance
    main.o(i.main) refers to mode.o(i.laugh) for laugh
    main.o(i.main) refers to mode.o(i.fierce) for fierce
    main.o(i.main) refers to mode.o(i.pee) for pee
    main.o(i.main) refers to mode.o(i.roll) for roll
    main.o(i.main) refers to mode.o(i.Hidden_Action) for Hidden_Action
    main.o(i.main) refers to delay.o(i.delay_ms) for delay_ms
    main.o(i.main) refers to oled_data.o(.constdata) for BMP13_2
    main.o(i.main) refers to main.o(.data) for Sign
    system_stm32f10x.o(i.SetSysClock) refers to system_stm32f10x.o(i.SetSysClockTo72) for SetSysClockTo72
    system_stm32f10x.o(i.SystemCoreClockUpdate) refers to system_stm32f10x.o(.data) for SystemCoreClock
    system_stm32f10x.o(i.SystemInit) refers to system_stm32f10x.o(i.SetSysClock) for SetSysClock
    led.o(i.LED_Init) refers to stm32f10x_rcc.o(i.RCC_APB2PeriphClockCmd) for RCC_APB2PeriphClockCmd
    led.o(i.LED_Init) refers to stm32f10x_gpio.o(i.GPIO_Init) for GPIO_Init
    led.o(i.LED_Init) refers to stm32f10x_gpio.o(i.GPIO_SetBits) for GPIO_SetBits
    oled.o(i.OLED_Clear) refers to oled.o(.bss) for OLED_DisplayBuf
    oled.o(i.OLED_ClearArea) refers to oled.o(.bss) for OLED_DisplayBuf
    oled.o(i.OLED_GPIO_Init) refers to stm32f10x_rcc.o(i.RCC_APB2PeriphClockCmd) for RCC_APB2PeriphClockCmd
    oled.o(i.OLED_GPIO_Init) refers to stm32f10x_gpio.o(i.GPIO_Init) for GPIO_Init
    oled.o(i.OLED_GPIO_Init) refers to oled.o(i.OLED_W_SCL) for OLED_W_SCL
    oled.o(i.OLED_GPIO_Init) refers to oled.o(i.OLED_W_SDA) for OLED_W_SDA
    oled.o(i.OLED_I2C_SendByte) refers to oled.o(i.OLED_W_SDA) for OLED_W_SDA
    oled.o(i.OLED_I2C_SendByte) refers to oled.o(i.OLED_W_SCL) for OLED_W_SCL
    oled.o(i.OLED_I2C_Start) refers to oled.o(i.OLED_W_SDA) for OLED_W_SDA
    oled.o(i.OLED_I2C_Start) refers to oled.o(i.OLED_W_SCL) for OLED_W_SCL
    oled.o(i.OLED_I2C_Stop) refers to oled.o(i.OLED_W_SDA) for OLED_W_SDA
    oled.o(i.OLED_I2C_Stop) refers to oled.o(i.OLED_W_SCL) for OLED_W_SCL
    oled.o(i.OLED_Init) refers to oled.o(i.OLED_GPIO_Init) for OLED_GPIO_Init
    oled.o(i.OLED_Init) refers to oled.o(i.OLED_WriteCommand) for OLED_WriteCommand
    oled.o(i.OLED_Init) refers to oled.o(i.OLED_Clear) for OLED_Clear
    oled.o(i.OLED_Init) refers to oled.o(i.OLED_Update) for OLED_Update
    oled.o(i.OLED_SetCursor) refers to oled.o(i.OLED_WriteCommand) for OLED_WriteCommand
    oled.o(i.OLED_ShowImage) refers to oled.o(i.OLED_ClearArea) for OLED_ClearArea
    oled.o(i.OLED_ShowImage) refers to oled.o(.bss) for OLED_DisplayBuf
    oled.o(i.OLED_Update) refers to oled.o(i.OLED_SetCursor) for OLED_SetCursor
    oled.o(i.OLED_Update) refers to oled.o(i.OLED_WriteData) for OLED_WriteData
    oled.o(i.OLED_Update) refers to oled.o(.bss) for OLED_DisplayBuf
    oled.o(i.OLED_W_SCL) refers to stm32f10x_gpio.o(i.GPIO_WriteBit) for GPIO_WriteBit
    oled.o(i.OLED_W_SDA) refers to stm32f10x_gpio.o(i.GPIO_WriteBit) for GPIO_WriteBit
    oled.o(i.OLED_WriteCommand) refers to oled.o(i.OLED_I2C_Start) for OLED_I2C_Start
    oled.o(i.OLED_WriteCommand) refers to oled.o(i.OLED_I2C_SendByte) for OLED_I2C_SendByte
[...]
    Removing stm32f10x_crc.o(i.CRC_CalcBlockCRC), (36 bytes).
    Removing stm32f10x_crc.o(i.CRC_CalcCRC), (16 bytes).
    Removing stm32f10x_crc.o(i.CRC_GetCRC), (12 bytes).
    Removing stm32f10x_crc.o(i.CRC_GetIDRegister), (12 bytes).
    Removing stm32f10x_crc.o(i.CRC_ResetDR), (12 bytes).
    Removing stm32f10x_crc.o(i.CRC_SetIDRegister), (12 bytes).
    Removing stm32f10x_dac.o(i.DAC_Cmd), (40 bytes).
    Removing stm32f10x_dac.o(i.DAC_DMACmd), (44 bytes).
    Removing stm32f10x_dac.o(i.DAC_DeInit), (22 bytes).
    Removing stm32f10x_dac.o(i.DAC_DualSoftwareTriggerCmd), (36 bytes).
    Removing stm32f10x_dac.o(i.DAC_GetDataOutputValue), (36 bytes).
    Removing stm32f10x_dac.o(i.DAC_Init), (52 bytes).
    Removing stm32f10x_dac.o(i.DAC_SetChannel1Data), (32 bytes).
    Removing stm32f10x_dac.o(i.DAC_SetChannel2Data), (32 bytes).
    Removing stm32f10x_dac.o(i.DAC_SetDualChannelData), (36 bytes).
    Removing stm32f10x_dac.o(i.DAC_SoftwareTriggerCmd), (44 bytes).
    Removing stm32f10x_dac.o(i.DAC_StructInit), (12 bytes).
    Removing stm32f10x_dac.o(i.DAC_WaveGenerationCmd), (40 bytes).
    Removing stm32f10x_dma.o(i.DMA_ClearFlag), (28 bytes).
    Removing stm32f10x_dma.o(i.DMA_ClearITPendingBit), (28 bytes).
    Removing stm32f10x_dma.o(i.DMA_Cmd), (24 bytes).
    Removing stm32f10x_dma.o(i.DMA_DeInit), (332 bytes).
    Removing stm32f10x_dma.o(i.DMA_GetCurrDataCounter), (8 bytes).
    Removing stm32f10x_dma.o(i.DMA_GetFlagStatus), (44 bytes).
    Removing stm32f10x_dma.o(i.DMA_GetITStatus), (44 bytes).
    Removing stm32f10x_dma.o(i.DMA_ITConfig), (18 bytes).
    Removing stm32f10x_dma.o(i.DMA_Init), (60 bytes).
    Removing stm32f10x_dma.o(i.DMA_SetCurrDataCounter), (4 bytes).
    Removing stm32f10x_dma.o(i.DMA_StructInit), (26 bytes).
    Removing stm32f10x_exti.o(i.EXTI_ClearFlag), (12 bytes).
    Removing stm32f10x_exti.o(i.EXTI_ClearITPendingBit), (12 bytes).
    Removing stm32f10x_exti.o(i.EXTI_DeInit), (36 bytes).
    Removing stm32f10x_exti.o(i.EXTI_GenerateSWInterrupt), (16 bytes).
    Removing stm32f10x_exti.o(i.EXTI_GetFlagStatus), (24 bytes).
    Removing stm32f10x_exti.o(i.EXTI_GetITStatus), (40 bytes).
    Removing stm32f10x_exti.o(i.EXTI_Init), (148 bytes).
    Removing stm32f10x_exti.o(i.EXTI_StructInit), (16 bytes).
    Removing stm32f10x_flash.o(i.FLASH_ClearFlag), (12 bytes).
    Removing stm32f10x_flash.o(i.FLASH_EnableWriteProtection), (196 bytes).
    Removing stm32f10x_flash.o(i.FLASH_EraseAllBank1Pages), (72 bytes).
    Removing stm32f10x_flash.o(i.FLASH_EraseAllPages), (72 bytes).
    Removing stm32f10x_flash.o(i.FLASH_EraseOptionBytes), (168 bytes).
    Removing stm32f10x_flash.o(i.FLASH_ErasePage), (76 bytes).
    Removing stm32f10x_flash.o(i.FLASH_GetBank1Status), (52 bytes).
    Removing stm32f10x_flash.o(i.FLASH_GetFlagStatus), (48 bytes).
    Removing stm32f10x_flash.o(i.FLASH_GetPrefetchBufferStatus), (24 bytes).
    Removing stm32f10x_flash.o(i.FLASH_GetReadOutProtectionStatus), (24 bytes).
    Removing stm32f10x_flash.o(i.FLASH_GetStatus), (52 bytes).
    Removing stm32f10x_flash.o(i.FLASH_GetUserOptionByte), (12 bytes).
    Removing stm32f10x_flash.o(i.FLASH_GetWriteProtectionOptionByte), (12 bytes).
    Removing stm32f10x_flash.o(i.FLASH_HalfCycleAccessCmd), (28 bytes).
    Removing stm32f10x_flash.o(i.FLASH_ITConfig), (32 bytes).
    Removing stm32f10x_flash.o(i.FLASH_Lock), (20 bytes).
    Removing stm32f10x_flash.o(i.FLASH_LockBank1), (20 bytes).
    Removing stm32f10x_flash.o(i.FLASH_PrefetchBufferCmd), (28 bytes).
    Removing stm32f10x_flash.o(i.FLASH_ProgramHalfWord), (64 bytes).
    Removing stm32f10x_flash.o(i.FLASH_ProgramOptionByteData), (84 bytes).
    Removing stm32f10x_flash.o(i.FLASH_ProgramWord), (108 bytes).
    Removing stm32f10x_flash.o(i.FLASH_ReadOutProtection), (172 bytes).
    Removing stm32f10x_flash.o(i.FLASH_SetLatency), (24 bytes).
    Removing stm32f10x_flash.o(i.FLASH_Unlock), (24 bytes).
    Removing stm32f10x_flash.o(i.FLASH_UnlockBank1), (24 bytes).
    Removing stm32f10x_flash.o(i.FLASH_UserOptionByteConfig), (104 bytes).
    Removing stm32f10x_flash.o(i.FLASH_WaitForLastBank1Operation), (38 bytes).
    Removing stm32f10x_flash.o(i.FLASH_WaitForLastOperation), (38 bytes).
    Removing stm32f10x_fsmc.o(i.FSMC_ClearFlag), (64 bytes).
    Removing stm32f10x_fsmc.o(i.FSMC_ClearITPendingBit), (72 bytes).
    Removing stm32f10x_fsmc.o(i.FSMC_GetECC), (28 bytes).
    Removing stm32f10x_fsmc.o(i.FSMC_GetFlagStatus), (56 bytes).
    Removing stm32f10x_fsmc.o(i.FSMC_GetITStatus), (68 bytes).
    Removing stm32f10x_fsmc.o(i.FSMC_ITConfig), (128 bytes).
    Removing stm32f10x_fsmc.o(i.FSMC_NANDCmd), (92 bytes).
    Removing stm32f10x_fsmc.o(i.FSMC_NANDDeInit), (68 bytes).
    Removing stm32f10x_fsmc.o(i.FSMC_NANDECCCmd), (92 bytes).
    Removing stm32f10x_fsmc.o(i.FSMC_NANDInit), (136 bytes).
    Removing stm32f10x_fsmc.o(i.FSMC_NANDStructInit), (54 bytes).
    Removing stm32f10x_fsmc.o(i.FSMC_NORSRAMCmd), (52 bytes).
    Removing stm32f10x_fsmc.o(i.FSMC_NORSRAMDeInit), (54 bytes).
    Removing stm32f10x_fsmc.o(i.FSMC_NORSRAMInit), (230 bytes).
    Removing stm32f10x_fsmc.o(i.FSMC_NORSRAMStructInit), (114 bytes).
    Removing stm32f10x_fsmc.o(i.FSMC_PCCARDCmd), (48 bytes).
    Removing stm32f10x_fsmc.o(i.FSMC_PCCARDDeInit), (40 bytes).
    Removing stm32f10x_fsmc.o(i.FSMC_PCCARDInit), (132 bytes).
    Removing stm32f10x_fsmc.o(i.FSMC_PCCARDStructInit), (60 bytes).
    Removing stm32f10x_i2c.o(i.I2C_ARPCmd), (24 bytes).
    Removing stm32f10x_i2c.o(i.I2C_AcknowledgeConfig), (24 bytes).
    Removing stm32f10x_i2c.o(i.I2C_CalculatePEC), (24 bytes).
    Removing stm32f10x_i2c.o(i.I2C_CheckEvent), (42 bytes).
    Removing stm32f10x_i2c.o(i.I2C_ClearFlag), (12 bytes).
    Removing stm32f10x_i2c.o(i.I2C_ClearITPendingBit), (12 bytes).
    Removing stm32f10x_i2c.o(i.I2C_Cmd), (24 bytes).
    Removing stm32f10x_i2c.o(i.I2C_DMACmd), (24 bytes).
    Removing stm32f10x_i2c.o(i.I2C_DMALastTransferCmd), (24 bytes).
    Removing stm32f10x_i2c.o(i.I2C_DeInit), (56 bytes).
    Removing stm32f10x_i2c.o(i.I2C_DualAddressCmd), (24 bytes).
    Removing stm32f10x_i2c.o(i.I2C_FastModeDutyCycleConfig), (28 bytes).
    Removing stm32f10x_i2c.o(i.I2C_GeneralCallCmd), (24 bytes).
    Removing stm32f10x_i2c.o(i.I2C_GenerateSTART), (24 bytes).
    Removing stm32f10x_i2c.o(i.I2C_GenerateSTOP), (24 bytes).
    Removing stm32f10x_i2c.o(i.I2C_GetFlagStatus), (58 bytes).
    Removing stm32f10x_i2c.o(i.I2C_GetITStatus), (38 bytes).
    Removing stm32f10x_i2c.o(i.I2C_GetLastEvent), (26 bytes).
    Removing stm32f10x_i2c.o(i.I2C_GetPEC), (8 bytes).
    Removing stm32f10x_i2c.o(i.I2C_ITConfig), (18 bytes).
    Removing stm32f10x_i2c.o(i.I2C_Init), (236 bytes).
    Removing stm32f10x_i2c.o(i.I2C_NACKPositionConfig), (28 bytes).
    Removing stm32f10x_i2c.o(i.I2C_OwnAddress2Config), (22 bytes).
    Removing stm32f10x_i2c.o(i.I2C_PECPositionConfig), (28 bytes).
    Removing stm32f10x_i2c.o(i.I2C_ReadRegister), (22 bytes).
    Removing stm32f10x_i2c.o(i.I2C_ReceiveData), (8 bytes).
    Removing stm32f10x_i2c.o(i.I2C_SMBusAlertConfig), (28 bytes).
    Removing stm32f10x_i2c.o(i.I2C_Send7bitAddress), (18 bytes).
    Removing stm32f10x_i2c.o(i.I2C_SendData), (4 bytes).
    Removing stm32f10x_i2c.o(i.I2C_SoftwareResetCmd), (22 bytes).
    Removing stm32f10x_i2c.o(i.I2C_StretchClockCmd), (24 bytes).
    Removing stm32f10x_i2c.o(i.I2C_StructInit), (30 bytes).
    Removing stm32f10x_i2c.o(i.I2C_TransmitPEC), (24 bytes).
    Removing stm32f10x_iwdg.o(i.IWDG_Enable), (16 bytes).
    Removing stm32f10x_iwdg.o(i.IWDG_GetFlagStatus), (24 bytes).
    Removing stm32f10x_iwdg.o(i.IWDG_ReloadCounter), (16 bytes).
    Removing stm32f10x_iwdg.o(i.IWDG_SetPrescaler), (12 bytes).
    Removing stm32f10x_iwdg.o(i.IWDG_SetReload), (12 bytes).
    Removing stm32f10x_iwdg.o(i.IWDG_WriteAccessCmd), (12 bytes).
    Removing stm32f10x_pwr.o(i.PWR_BackupAccessCmd), (12 bytes).
    Removing stm32f10x_pwr.o(i.PWR_ClearFlag), (20 bytes).
    Removing stm32f10x_pwr.o(i.PWR_DeInit), (22 bytes).
    Removing stm32f10x_pwr.o(i.PWR_EnterSTANDBYMode), (52 bytes).
    Removing stm32f10x_pwr.o(i.PWR_EnterSTOPMode), (64 bytes).
    Removing stm32f10x_pwr.o(i.PWR_GetFlagStatus), (24 bytes).
    Removing stm32f10x_pwr.o(i.PWR_PVDCmd), (12 bytes).
    Removing stm32f10x_pwr.o(i.PWR_PVDLevelConfig), (24 bytes).
    Removing stm32f10x_pwr.o(i.PWR_WakeUpPinCmd), (12 bytes).
    Removing stm32f10x_rtc.o(i.RTC_ClearFlag), (16 bytes).
    Removing stm32f10x_rtc.o(i.RTC_ClearITPendingBit), (16 bytes).
    Removing stm32f10x_rtc.o(i.RTC_EnterConfigMode), (20 bytes).
    Removing stm32f10x_rtc.o(i.RTC_ExitConfigMode), (20 bytes).
    Removing stm32f10x_rtc.o(i.RTC_GetCounter), (20 bytes).
    Removing stm32f10x_rtc.o(i.RTC_GetDivider), (24 bytes).
    Removing stm32f10x_rtc.o(i.RTC_GetFlagStatus), (24 bytes).
    Removing stm32f10x_rtc.o(i.RTC_GetITStatus), (36 bytes).
    Removing stm32f10x_rtc.o(i.RTC_ITConfig), (32 bytes).
    Removing stm32f10x_rtc.o(i.RTC_SetAlarm), (28 bytes).
    Removing stm32f10x_rtc.o(i.RTC_SetCounter), (28 bytes).
    Removing stm32f10x_rtc.o(i.RTC_SetPrescaler), (32 bytes).
    Removing stm32f10x_rtc.o(i.RTC_WaitForLastTask), (20 bytes).
    Removing stm32f10x_rtc.o(i.RTC_WaitForSynchro), (36 bytes).
    Removing stm32f10x_sdio.o(i.SDIO_CEATAITCmd), (16 bytes).
    Removing stm32f10x_sdio.o(i.SDIO_ClearFlag), (12 bytes).
    Removing stm32f10x_sdio.o(i.SDIO_ClearITPendingBit), (12 bytes).
    Removing stm32f10x_sdio.o(i.SDIO_ClockCmd), (12 bytes).
    Removing stm32f10x_sdio.o(i.SDIO_CmdStructInit), (14 bytes).
    Removing stm32f10x_sdio.o(i.SDIO_CommandCompletionCmd), (12 bytes).
    Removing stm32f10x_sdio.o(i.SDIO_DMACmd), (12 bytes).
    Removing stm32f10x_sdio.o(i.SDIO_DataConfig), (48 bytes).
    Removing stm32f10x_sdio.o(i.SDIO_DataStructInit), (20 bytes).
    Removing stm32f10x_sdio.o(i.SDIO_DeInit), (36 bytes).
    Removing stm32f10x_sdio.o(i.SDIO_GetCommandResponse), (12 bytes).
    Removing stm32f10x_sdio.o(i.SDIO_GetDataCounter), (12 bytes).
    Removing stm32f10x_sdio.o(i.SDIO_GetFIFOCount), (12 bytes).
    Removing stm32f10x_sdio.o(i.SDIO_GetFlagStatus), (24 bytes).
    Removing stm32f10x_sdio.o(i.SDIO_GetITStatus), (24 bytes).
    Removing stm32f10x_sdio.o(i.SDIO_GetPowerState), (16 bytes).
    Removing stm32f10x_sdio.o(i.SDIO_GetResponse), (24 bytes).
    Removing stm32f10x_sdio.o(i.SDIO_ITConfig), (32 bytes).
    Removing stm32f10x_sdio.o(i.SDIO_Init), (48 bytes).
    Removing stm32f10x_sdio.o(i.SDIO_ReadData), (12 bytes).
    Removing stm32f10x_sdio.o(i.SDIO_SendCEATACmd), (12 bytes).
    Removing stm32f10x_sdio.o(i.SDIO_SendCommand), (44 bytes).
    Removing stm32f10x_sdio.o(i.SDIO_SendSDIOSuspendCmd), (12 bytes).
    Removing stm32f10x_sdio.o(i.SDIO_SetPowerState), (28 bytes).
    Removing stm32f10x_sdio.o(i.SDIO_SetSDIOOperation), (12 bytes).
    Removing stm32f10x_sdio.o(i.SDIO_SetSDIOReadWaitMode), (12 bytes).
    Removing stm32f10x_sdio.o(i.SDIO_StartSDIOReadWait), (12 bytes).
    Removing stm32f10x_sdio.o(i.SDIO_StopSDIOReadWait), (12 bytes).
    Removing stm32f10x_sdio.o(i.SDIO_StructInit), (16 bytes).
    Removing stm32f10x_sdio.o(i.SDIO_WriteData), (12 bytes).
    Removing stm32f10x_spi.o(i.I2S_Cmd), (24 bytes).
    Removing stm32f10x_spi.o(i.I2S_Init), (232 bytes).
    Removing stm32f10x_spi.o(i.I2S_StructInit), (20 bytes).
    Removing stm32f10x_spi.o(i.SPI_BiDirectionalLineConfig), (28 bytes).
    Removing stm32f10x_spi.o(i.SPI_CalculateCRC), (24 bytes).
    Removing stm32f10x_spi.o(i.SPI_Cmd), (24 bytes).
    Removing stm32f10x_spi.o(i.SPI_DataSizeConfig), (18 bytes).
    Removing stm32f10x_spi.o(i.SPI_GetCRC), (16 bytes).
    Removing stm32f10x_spi.o(i.SPI_GetCRCPolynomial), (6 bytes).
    Removing stm32f10x_spi.o(i.SPI_I2S_ClearFlag), (6 bytes).
    Removing stm32f10x_spi.o(i.SPI_I2S_ClearITPendingBit), (20 bytes).
    Removing stm32f10x_spi.o(i.SPI_I2S_DMACmd), (18 bytes).
    Removing stm32f10x_spi.o(i.SPI_I2S_DeInit), (88 bytes).
    Removing stm32f10x_spi.o(i.SPI_I2S_GetFlagStatus), (18 bytes).
    Removing stm32f10x_spi.o(i.SPI_I2S_GetITStatus), (52 bytes).
    Removing stm32f10x_spi.o(i.SPI_I2S_ITConfig), (32 bytes).
    Removing stm32f10x_spi.o(i.SPI_I2S_ReceiveData), (6 bytes).
    Removing stm32f10x_spi.o(i.SPI_I2S_SendData), (4 bytes).
    Removing stm32f10x_spi.o(i.SPI_Init), (60 bytes).
    Removing stm32f10x_spi.o(i.SPI_NSSInternalSoftwareConfig), (30 bytes).
    Removing stm32f10x_spi.o(i.SPI_SSOutputCmd), (24 bytes).
    Removing stm32f10x_spi.o(i.SPI_StructInit), (24 bytes).
    Removing stm32f10x_spi.o(i.SPI_TransmitCRC), (10 bytes).
    Removing stm32f10x_tim.o(i.TI1_Config), (128 bytes).
    Removing stm32f10x_tim.o(i.TI2_Config), (152 bytes).
    Removing stm32f10x_tim.o(i.TI3_Config), (144 bytes).
    Removing stm32f10x_tim.o(i.TI4_Config), (152 bytes).
    Removing stm32f10x_tim.o(i.TIM_ARRPreloadConfig), (24 bytes).
    Removing stm32f10x_tim.o(i.TIM_BDTRConfig), (32 bytes).
    Removing stm32f10x_tim.o(i.TIM_BDTRStructInit), (18 bytes).
    Removing stm32f10x_tim.o(i.TIM_CCPreloadControl), (24 bytes).
    Removing stm32f10x_tim.o(i.TIM_CCxCmd), (30 bytes).
    Removing stm32f10x_tim.o(i.TIM_CCxNCmd), (30 bytes).
    Removing stm32f10x_tim.o(i.TIM_ClearFlag), (6 bytes).
    Removing stm32f10x_tim.o(i.TIM_ClearITPendingBit), (6 bytes).
    Removing stm32f10x_tim.o(i.TIM_ClearOC1Ref), (18 bytes).
    Removing stm32f10x_tim.o(i.TIM_ClearOC2Ref), (24 bytes).
    Removing stm32f10x_tim.o(i.TIM_ClearOC3Ref), (18 bytes).
    Removing stm32f10x_tim.o(i.TIM_ClearOC4Ref), (24 bytes).
    Removing stm32f10x_tim.o(i.TIM_CounterModeConfig), (18 bytes).
    Removing stm32f10x_tim.o(i.TIM_CtrlPWMOutputs), (30 bytes).
    Removing stm32f10x_tim.o(i.TIM_DMACmd), (18 bytes).
    Removing stm32f10x_tim.o(i.TIM_DMAConfig), (10 bytes).
    Removing stm32f10x_tim.o(i.TIM_DeInit), (488 bytes).
    Removing stm32f10x_tim.o(i.TIM_ETRClockMode1Config), (54 bytes).
    Removing stm32f10x_tim.o(i.TIM_ETRClockMode2Config), (32 bytes).
    Removing stm32f10x_tim.o(i.TIM_ETRConfig), (28 bytes).
    Removing stm32f10x_tim.o(i.TIM_EncoderInterfaceConfig), (66 bytes).
    Removing stm32f10x_tim.o(i.TIM_ForcedOC1Config), (18 bytes).
    Removing stm32f10x_tim.o(i.TIM_ForcedOC2Config), (26 bytes).
    Removing stm32f10x_tim.o(i.TIM_ForcedOC3Config), (18 bytes).
    Removing stm32f10x_tim.o(i.TIM_ForcedOC4Config), (26 bytes).
    Removing stm32f10x_tim.o(i.TIM_GenerateEvent), (4 bytes).
    Removing stm32f10x_tim.o(i.TIM_GetCapture1), (6 bytes).
    Removing stm32f10x_tim.o(i.TIM_GetCapture2), (6 bytes).
    Removing stm32f10x_tim.o(i.TIM_GetCapture3), (6 bytes).
    Removing stm32f10x_tim.o(i.TIM_GetCapture4), (8 bytes).
    Removing stm32f10x_tim.o(i.TIM_GetCounter), (6 bytes).
    Removing stm32f10x_tim.o(i.TIM_GetFlagStatus), (18 bytes).
    Removing stm32f10x_tim.o(i.TIM_GetITStatus), (34 bytes).
    Removing stm32f10x_tim.o(i.TIM_GetPrescaler), (6 bytes).
    Removing stm32f10x_tim.o(i.TIM_ICInit), (172 bytes).
    Removing stm32f10x_tim.o(i.TIM_ICStructInit), (18 bytes).
    Removing stm32f10x_tim.o(i.TIM_ITConfig), (18 bytes).
    Removing stm32f10x_tim.o(i.TIM_ITRxExternalClockConfig), (24 bytes).
    Removing stm32f10x_tim.o(i.TIM_InternalClockConfig), (12 bytes).
    Removing stm32f10x_tim.o(i.TIM_OC1FastConfig), (18 bytes).
    Removing stm32f10x_tim.o(i.TIM_OC1NPolarityConfig), (18 bytes).
    Removing stm32f10x_tim.o(i.TIM_OC1PolarityConfig), (18 bytes).
    Removing stm32f10x_tim.o(i.TIM_OC2FastConfig), (26 bytes).
    Removing stm32f10x_tim.o(i.TIM_OC2NPolarityConfig), (26 bytes).
    Removing stm32f10x_tim.o(i.TIM_OC2PolarityConfig), (26 bytes).
    Removing stm32f10x_tim.o(i.TIM_OC3FastConfig), (18 bytes).
    Removing stm32f10x_tim.o(i.TIM_OC3NPolarityConfig), (26 bytes).
    Removing stm32f10x_tim.o(i.TIM_OC3PolarityConfig), (26 bytes).
    Removing stm32f10x_tim.o(i.TIM_OC4FastConfig), (26 bytes).
    Removing stm32f10x_tim.o(i.TIM_OC4PolarityConfig), (26 bytes).
    Removing stm32f10x_tim.o(i.TIM_OCStructInit), (20 bytes).
    Removing stm32f10x_tim.o(i.TIM_PWMIConfig), (124 bytes).
    Removing stm32f10x_tim.o(i.TIM_PrescalerConfig), (6 bytes).
    Removing stm32f10x_tim.o(i.TIM_SelectCCDMA), (24 bytes).
    Removing stm32f10x_tim.o(i.TIM_SelectCOM), (24 bytes).
    Removing stm32f10x_tim.o(i.TIM_SelectHallSensor), (24 bytes).
    Removing stm32f10x_tim.o(i.TIM_SelectInputTrigger), (18 bytes).
    Removing stm32f10x_tim.o(i.TIM_SelectMasterSlaveMode), (18 bytes).
    Removing stm32f10x_tim.o(i.TIM_SelectOCxM), (82 bytes).
    Removing stm32f10x_tim.o(i.TIM_SelectOnePulseMode), (18 bytes).
    Removing stm32f10x_tim.o(i.TIM_SelectOutputTrigger), (18 bytes).
    Removing stm32f10x_tim.o(i.TIM_SelectSlaveMode), (18 bytes).
    Removing stm32f10x_tim.o(i.TIM_SetAutoreload), (4 bytes).
    Removing stm32f10x_tim.o(i.TIM_SetClockDivision), (18 bytes).
    Removing stm32f10x_tim.o(i.TIM_SetCounter), (4 bytes).
    Removing stm32f10x_tim.o(i.TIM_SetIC1Prescaler), (18 bytes).
    Removing stm32f10x_tim.o(i.TIM_SetIC2Prescaler), (26 bytes).
    Removing stm32f10x_tim.o(i.TIM_SetIC3Prescaler), (18 bytes).
    Removing stm32f10x_tim.o(i.TIM_SetIC4Prescaler), (26 bytes).
    Removing stm32f10x_tim.o(i.TIM_TIxExternalClockConfig), (62 bytes).
    Removing stm32f10x_tim.o(i.TIM_TimeBaseStructInit), (18 bytes).
    Removing stm32f10x_tim.o(i.TIM_UpdateDisableConfig), (24 bytes).
    Removing stm32f10x_tim.o(i.TIM_UpdateRequestConfig), (24 bytes).
    Removing stm32f10x_wwdg.o(i.WWDG_ClearFlag), (12 bytes).
    Removing stm32f10x_wwdg.o(i.WWDG_DeInit), (22 bytes).
    Removing stm32f10x_wwdg.o(i.WWDG_Enable), (16 bytes).
    Removing stm32f10x_wwdg.o(i.WWDG_EnableIT), (12 bytes).
    Removing stm32f10x_wwdg.o(i.WWDG_GetFlagStatus), (12 bytes).
    Removing stm32f10x_wwdg.o(i.WWDG_SetCounter), (16 bytes).
    Removing stm32f10x_wwdg.o(i.WWDG_SetPrescaler), (24 bytes).
    Removing stm32f10x_wwdg.o(i.WWDG_SetWindowValue), (40 bytes).

454 unused section(s) (total 17522 bytes) removed from the image.

==============================================================================

Image Symbol Table

    Local Symbols

    Symbol Name                              Value     Ov Type        Size  Object(Section)

    ../clib/angel/boardlib.s                 0x00000000   Number         0  boardshut.o ABSOLUTE
    ../clib/angel/boardlib.s                 0x00000000   Number         0  boardinit2.o ABSOLUTE
    ../clib/angel/boardlib.s                 0x00000000   Number         0  boardinit3.o ABSOLUTE
    ../clib/angel/boardlib.s                 0x00000000   Number         0  boardinit1.o ABSOLUTE
    ../clib/angel/handlers.s                 0x00000000   Number         0  __scatter_zi.o ABSOLUTE
    ../clib/angel/handlers.s                 0x00000000   Number         0  __scatter_copy.o ABSOLUTE
    ../clib/angel/kernel.s                   0x00000000   Number         0  __rtentry4.o ABSOLUTE
    ../clib/angel/kernel.s                   0x00000000   Number         0  rtexit2.o ABSOLUTE
    ../clib/angel/kernel.s                   0x00000000   Number         0  rtexit.o ABSOLUTE
    ../clib/angel/kernel.s                   0x00000000   Number         0  __rtentry.o ABSOLUTE
    ../clib/angel/kernel.s                   0x00000000   Number         0  __rtentry2.o ABSOLUTE
    ../clib/angel/rt.s                       0x00000000   Number         0  rt_raise.o ABSOLUTE
    ../clib/angel/scatter.s                  0x00000000   Number         0  __scatter.o ABSOLUTE
    ../clib/angel/startup.s                  0x00000000   Number         0  __main.o ABSOLUTE
    ../clib/angel/sys.s                      0x00000000   Number         0  indicate_semi.o ABSOLUTE
    ../clib/angel/sys.s                      0x00000000   Number         0  sys_stackheap_outer.o ABSOLUTE
    ../clib/angel/sys.s                      0x00000000   Number         0  libspace.o ABSOLUTE
    ../clib/angel/sys.s                      0x00000000   Number         0  use_no_semi.o ABSOLUTE
    ../clib/angel/sysapp.c                   0x00000000   Number         0  sys_command.o ABSOLUTE
    ../clib/angel/sysapp.c                   0x00000000   Number         0  sys_wrch.o ABSOLUTE
    ../clib/angel/sysapp.c                   0x00000000   Number         0  sys_exit.o ABSOLUTE
    ../clib/armsys.c                         0x00000000   Number         0  _get_argv_nomalloc.o ABSOLUTE
    ../clib/armsys.c                         0x00000000   Number         0  no_argv.o ABSOLUTE
    ../clib/armsys.c                         0x00000000   Number         0  argv_veneer.o ABSOLUTE
    ../clib/armsys.c                         0x00000000   Number         0  argv_veneer.o ABSOLUTE
    ../clib/heapalloc.c                      0x00000000   Number         0  hrguard.o ABSOLUTE
    ../clib/heapaux.c                        0x00000000   Number         0  heapauxi.o ABSOLUTE
    ../clib/libinit.s                        0x00000000   Number         0  libshutdown2.o ABSOLUTE
    ../clib/libinit.s                        0x00000000   Number         0  libinit.o ABSOLUTE
    ../clib/libinit.s                        0x00000000   Number         0  libshutdown.o ABSOLUTE
    ../clib/libinit.s                        0x00000000   Number         0  libinit2.o ABSOLUTE
    ../clib/signal.c                         0x00000000   Number         0  defsig_segv_inner.o ABSOLUTE
    ../clib/signal.c                         0x00000000   Number         0  defsig_cppl_inner.o ABSOLUTE
    ../clib/signal.c                         0x00000000   Number         0  defsig_pvfn_inner.o ABSOLUTE
    ../clib/signal.c                         0x00000000   Number         0  defsig_other.o ABSOLUTE
    ../clib/signal.c                         0x00000000   Number         0  defsig_rtred_inner.o ABSOLUTE
    ../clib/signal.c                         0x00000000   Number         0  defsig_rtmem_inner.o ABSOLUTE
    ../clib/signal.c                         0x00000000   Number         0  defsig_exit.o ABSOLUTE
    ../clib/signal.c                         0x00000000   Number         0  defsig_rtmem_formal.o ABSOLUTE
    ../clib/signal.c                         0x00000000   Number         0  defsig_rtmem_outer.o ABSOLUTE
    ../clib/signal.c                         0x00000000   Number         0  defsig_general.o ABSOLUTE
    ../clib/signal.c                         0x00000000   Number         0  defsig_abrt_inner.o ABSOLUTE
    ../clib/signal.c                         0x00000000   Number         0  __raise.o ABSOLUTE
    ../clib/signal.c                         0x00000000   Number         0  defsig_stak_inner.o ABSOLUTE
    ../clib/signal.c                         0x00000000   Number         0  defsig_fpe_inner.o ABSOLUTE
    ../clib/signal.s                         0x00000000   Number         0  defsig.o ABSOLUTE
    ../clib/stdlib.c                         0x00000000   Number         0  exit.o ABSOLUTE
    ../fplib/fpinit.s                        0x00000000   Number         0  fpinit.o ABSOLUTE
    ..\CORE\core_cm3.c                       0x00000000   Number         0  core_cm3.o ABSOLUTE
    ..\CORE\startup_stm32f10x_md.s           0x00000000   Number         0  startup_stm32f10x_md.o ABSOLUTE
    ..\HARDWARE\LED\led.c                    0x00000000   Number         0  led.o ABSOLUTE
    ..\HARDWARE\LEG\leg.c                    0x00000000   Number         0  leg.o ABSOLUTE
    ..\HARDWARE\MODE\mode.c                  0x00000000   Number         0  mode.o ABSOLUTE
    ..\HARDWARE\OLED\OLED.c                  0x00000000   Number         0  oled.o ABSOLUTE
    ..\HARDWARE\OLED\OLED_Data.c             0x00000000   Number         0  oled_data.o ABSOLUTE
    ..\HARDWARE\Tianwen\tianwen.c            0x00000000   Number         0  tianwen.o ABSOLUTE
    ..\HARDWARE\bluebooth\bluetooth.c        0x00000000   Number         0  bluetooth.o ABSOLUTE
    ..\STM32F10x_FWLib\src\misc.c            0x00000000   Number         0  misc.o ABSOLUTE
    ..\STM32F10x_FWLib\src\stm32f10x_adc.c   0x00000000   Number         0  stm32f10x_adc.o ABSOLUTE
    ..\STM32F10x_FWLib\src\stm32f10x_bkp.c   0x00000000   Number         0  stm32f10x_bkp.o ABSOLUTE
    ..\STM32F10x_FWLib\src\stm32f10x_can.c   0x00000000   Number         0  stm32f10x_can.o ABSOLUTE
    ..\STM32F10x_FWLib\src\stm32f10x_cec.c   0x00000000   Number         0  stm32f10x_cec.o ABSOLUTE
    ..\STM32F10x_FWLib\src\stm32f10x_crc.c   0x00000000   Number         0  stm32f10x_crc.o ABSOLUTE
    ..\STM32F10x_FWLib\src\stm32f10x_dac.c   0x00000000   Number         0  stm32f10x_dac.o ABSOLUTE
    ..\STM32F10x_FWLib\src\stm32f10x_dbgmcu.c 0x00000000   Number         0  stm32f10x_dbgmcu.o ABSOLUTE
    ..\STM32F10x_FWLib\src\stm32f10x_dma.c   0x00000000   Number         0  stm32f10x_dma.o ABSOLUTE
    ..\STM32F10x_FWLib\src\stm32f10x_exti.c  0x00000000   Number         0  stm32f10x_exti.o ABSOLUTE
    ..\STM32F10x_FWLib\src\stm32f10x_flash.c 0x00000000   Number         0  stm32f10x_flash.o ABSOLUTE
    ..\STM32F10x_FWLib\src\stm32f10x_fsmc.c  0x00000000   Number         0  stm32f10x_fsmc.o ABSOLUTE
    ..\STM32F10x_FWLib\src\stm32f10x_gpio.c  0x00000000   Number         0  stm32f10x_gpio.o ABSOLUTE
    ..\STM32F10x_FWLib\src\stm32f10x_i2c.c   0x00000000   Number         0  stm32f10x_i2c.o ABSOLUTE
    ..\STM32F10x_FWLib\src\stm32f10x_iwdg.c  0x00000000   Number         0  stm32f10x_iwdg.o ABSOLUTE
    ..\STM32F10x_FWLib\src\stm32f10x_pwr.c   0x00000000   Number         0  stm32f10x_pwr.o ABSOLUTE
    ..\STM32F10x_FWLib\src\stm32f10x_rcc.c   0x00000000   Number         0  stm32f10x_rcc.o ABSOLUTE
    ..\STM32F10x_FWLib\src\stm32f10x_rtc.c   0x00000000   Number         0  stm32f10x_rtc.o ABSOLUTE
    ..\STM32F10x_FWLib\src\stm32f10x_sdio.c  0x00000000   Number         0  stm32f10x_sdio.o ABSOLUTE
    ..\STM32F10x_FWLib\src\stm32f10x_spi.c   0x00000000   Number         0  stm32f10x_spi.o ABSOLUTE
    ..\STM32F10x_FWLib\src\stm32f10x_tim.c   0x00000000   Number         0  stm32f10x_tim.o ABSOLUTE
    ..\STM32F10x_FWLib\src\stm32f10x_usart.c 0x00000000   Number         0  stm32f10x_usart.o ABSOLUTE
    ..\STM32F10x_FWLib\src\stm32f10x_wwdg.c  0x00000000   Number         0  stm32f10x_wwdg.o ABSOLUTE
    ..\SYSTEM\delay\delay.c                  0x00000000   Number         0  delay.o ABSOLUTE
    ..\SYSTEM\sys\sys.c                      0x00000000   Number         0  sys.o ABSOLUTE
    ..\SYSTEM\usart\usart.c                  0x00000000   Number         0  usart.o ABSOLUTE
    ..\\CORE\\core_cm3.c                     0x00000000   Number         0  core_cm3.o ABSOLUTE
    ..\\SYSTEM\\sys\\sys.c                   0x00000000   Number         0  sys.o ABSOLUTE
    dc.s                                     0x00000000   Number         0  dc.o ABSOLUTE
    main.c                                   0x00000000   Number         0  main.o ABSOLUTE
    stm32f10x_it.c                           0x00000000   Number         0  stm32f10x_it.o ABSOLUTE
    system_stm32f10x.c                       0x00000000   Number         0  system_stm32f10x.o ABSOLUTE
    RESET                                    0x08000000   Section      236  startup_stm32f10x_md.o(RESET)
    !!!main                                  0x080000ec   Section        8  __main.o(!!!main)
    !!!scatter                               0x080000f4   Section       52  __scatter.o(!!!scatter)
    !!handler_copy                           0x08000128   Section       26  __scatter_copy.o(!!handler_copy)
    !!handler_zi                             0x08000144   Section       28  __scatter_zi.o(!!handler_zi)
    .ARM.Collect$$libinit$$00000000          0x08000160   Section        2  libinit.o(.ARM.Collect$$libinit$$00000000)
    .ARM.Collect$$libinit$$00000002          0x08000162   Section        0  libinit2.o(.ARM.Collect$$libinit$$00000002)
    .ARM.Collect$$libinit$$00000004          0x08000162   Section        0  libinit2.o(.ARM.Collect$$libinit$$00000004)
    .ARM.Collect$$libinit$$0000000A          0x08000162   Section        0  libinit2.o(.ARM.Collect$$libinit$$0000000A)
    .ARM.Collect$$libinit$$0000000C          0x08000162   Section        0  libinit2.o(.ARM.Collect$$libinit$$0000000C)
    .ARM.Collect$$libinit$$0000000E          0x08000162   Section        0  libinit2.o(.ARM.Collect$$libinit$$0000000E)
    .ARM.Collect$$libinit$$00000011          0x08000162   Section        0  libinit2.o(.ARM.Collect$$libinit$$00000011)
    .ARM.Collect$$libinit$$00000013          0x08000162   Section        0  libinit2.o(.ARM.Collect$$libinit$$00000013)
    .ARM.Collect$$libinit$$00000015          0x08000162   Section        0  libinit2.o(.ARM.Collect$$libinit$$00000015)
    .ARM.Collect$$libinit$$00000017          0x08000162   Section        0  libinit2.o(.ARM.Collect$$libinit$$00000017)
    .ARM.Collect$$libinit$$00000019          0x08000162   Section        0  libinit2.o(.ARM.Collect$$libinit$$00000019)
    .ARM.Collect$$libinit$$0000001B          0x08000162   Section        0  libinit2.o(.ARM.Collect$$libinit$$0000001B)
    .ARM.Collect$$libinit$$0000001D          0x08000162   Section        0  libinit2.o(.ARM.Collect$$libinit$$0000001D)
    .ARM.Collect$$libinit$$0000001F          0x08000162   Section        0  libinit2.o(.ARM.Collect$$libinit$$0000001F)
    .ARM.Collect$$libinit$$00000021          0x08000162   Section        0  libinit2.o(.ARM.Collect$$libinit$$00000021)
    .ARM.Collect$$libinit$$00000023          0x08000162   Section        0  libinit2.o(.ARM.Collect$$libinit$$00000023)
    .ARM.Collect$$libinit$$00000025          0x08000162   Section        0  libinit2.o(.ARM.Collect$$libinit$$00000025)
    .ARM.Collect$$libinit$$0000002C          0x08000162   Section        0  libinit2.o(.ARM.Collect$$libinit$$0000002C)
    .ARM.Collect$$libinit$$0000002E          0x08000162   Section        0  libinit2.o(.ARM.Collect$$libinit$$0000002E)
    .ARM.Collect$$libinit$$00000030          0x08000162   Section        0  libinit2.o(.ARM.Collect$$libinit$$00000030)
    .ARM.Collect$$libinit$$00000032          0x08000162   Section        0  libinit2.o(.ARM.Collect$$libinit$$00000032)
    .ARM.Collect$$libinit$$00000033          0x08000162   Section        2  libinit2.o(.ARM.Collect$$libinit$$00000033)
    .ARM.Collect$$libshutdown$$00000000      0x08000164   Section        2  libshutdown.o(.ARM.Collect$$libshutdown$$00000000)
    .ARM.Collect$$libshutdown$$00000002      0x08000166   Section        0  libshutdown2.o(.ARM.Collect$$libshutdown$$00000002)
    .ARM.Collect$$libshutdown$$00000004      0x08000166   Section        0  libshutdown2.o(.ARM.Collect$$libshutdown$$00000004)
    .ARM.Collect$$libshutdown$$00000007      0x08000166   Section        0  libshutdown2.o(.ARM.Collect$$libshutdown$$00000007)
    .ARM.Collect$$libshutdown$$0000000A      0x08000166   Section        0  libshutdown2.o(.ARM.Collect$$libshutdown$$0000000A)
    .ARM.Collect$$libshutdown$$0000000C      0x08000166   Section        0  libshutdown2.o(.ARM.Collect$$libshutdown$$0000000C)
    .ARM.Collect$$libshutdown$$0000000F      0x08000166   Section        0  libshutdown2.o(.ARM.Collect$$libshutdown$$0000000F)
    .ARM.Collect$$libshutdown$$00000010      0x08000166   Section        2  libshutdown2.o(.ARM.Collect$$libshutdown$$00000010)
    .ARM.Collect$$rtentry$$00000000          0x08000168   Section        0  __rtentry.o(.ARM.Collect$$rtentry$$00000000)
    .ARM.Collect$$rtentry$$00000002          0x08000168   Section        0  __rtentry2.o(.ARM.Collect$$rtentry$$00000002)
    .ARM.Collect$$rtentry$$00000004          0x08000168   Section        6  __rtentry4.o(.ARM.Collect$$rtentry$$00000004)
    .ARM.Collect$$rtentry$$00000009          0x0800016e   Section        0  __rtentry2.o(.ARM.Collect$$rtentry$$00000009)
    .ARM.Collect$$rtentry$$0000000A          0x0800016e   Section        4  __rtentry2.o(.ARM.Collect$$rtentry$$0000000A)
    .ARM.Collect$$rtentry$$0000000C          0x08000172   Section        0  __rtentry2.o(.ARM.Collect$$rtentry$$0000000C)
    .ARM.Collect$$rtentry$$0000000D          0x08000172   Section        8  __rtentry2.o(.ARM.Collect$$rtentry$$0000000D)
    .ARM.Collect$$rtexit$$00000000           0x0800017a   Section        2  rtexit.o(.ARM.Collect$$rtexit$$00000000)
    .ARM.Collect$$rtexit$$00000002           0x0800017c   Section        0  rtexit2.o(.ARM.Collect$$rtexit$$00000002)
    .ARM.Collect$$rtexit$$00000003           0x0800017c   Section        4  rtexit2.o(.ARM.Collect$$rtexit$$00000003)
    .ARM.Collect$$rtexit$$00000004           0x08000180   Section        6  rtexit2.o(.ARM.Collect$$rtexit$$00000004)
    .text                                    0x08000188   Section       64  startup_stm32f10x_md.o(.text)
    .text                                    0x080001c8   Section        0  heapauxi.o(.text)
    .text                                    0x080001ce   Section       74  sys_stackheap_outer.o(.text)
    .text                                    0x08000218   Section        0  exit.o(.text)
    .text                                    0x0800022c   Section        8  libspace.o(.text)
    .text                                    0x08000234   Section        0  sys_exit.o(.text)
    .text                                    0x08000240   Section        2  use_no_semi.o(.text)
    .text                                    0x08000242   Section        0  indicate_semi.o(.text)
    i.Advance                                0x08000244   Section        0  mode.o(i.Advance)
    i.BusFault_Handler                       0x0800039c   Section        0  stm32f10x_it.o(i.BusFault_Handler)
    i.DebugMon_Handler                       0x080003a0   Section        0  stm32f10x_it.o(i.DebugMon_Handler)
    i.For                                    0x080003a4   Section        0  mode.o(i.For)
    i.GPIO_Init                              0x080004d0   Section        0  stm32f10x_gpio.o(i.GPIO_Init)
    i.GPIO_SetBits                           0x080005e6   Section        0  stm32f10x_gpio.o(i.GPIO_SetBits)
    i.GPIO_WriteBit                          0x080005ea   Section        0  stm32f10x_gpio.o(i.GPIO_WriteBit)
    i.Handshake                              0x080005f4   Section        0  mode.o(i.Handshake)
    i.HardFault_Handler                      0x080006e0   Section        0  stm32f10x_it.o(i.HardFault_Handler)
    i.Hidden_Action                          0x080006e4   Section        0  mode.o(i.Hidden_Action)
    i.LED_Init                               0x08000768   Section        0  led.o(i.LED_Init)
    i.Left                                   0x080007a0   Section        0  mode.o(i.Left)
    i.MemManage_Handler                      0x080008bc   Section        0  stm32f10x_it.o(i.MemManage_Handler)
    i.NMI_Handler                            0x080008c0   Section        0  stm32f10x_it.o(i.NMI_Handler)
    i.NVIC_Init                              0x080008c4   Section        0  misc.o(i.NVIC_Init)
    i.NVIC_PriorityGroupConfig               0x08000934   Section        0  misc.o(i.NVIC_PriorityGroupConfig)
    i.OLED_Clear                             0x08000948   Section        0  oled.o(i.OLED_Clear)
    i.OLED_ClearArea                         0x08000970   Section        0  oled.o(i.OLED_ClearArea)
    i.OLED_GPIO_Init                         0x08000a00   Section        0  oled.o(i.OLED_GPIO_Init)
    i.OLED_I2C_SendByte                      0x08000a60   Section        0  oled.o(i.OLED_I2C_SendByte)
    i.OLED_I2C_Start                         0x08000a9e   Section        0  oled.o(i.OLED_I2C_Start)
    i.OLED_I2C_Stop                          0x08000aba   Section        0  oled.o(i.OLED_I2C_Stop)
    i.OLED_Init                              0x08000ad0   Section        0  oled.o(i.OLED_Init)
    i.OLED_SetCursor                         0x08000b6a   Section        0  oled.o(i.OLED_SetCursor)
    i.OLED_ShowImage                         0x08000b8c   Section        0  oled.o(i.OLED_ShowImage)
    i.OLED_Update                            0x08000c88   Section        0  oled.o(i.OLED_Update)
    i.OLED_W_SCL                             0x08000cb0   Section        0  oled.o(i.OLED_W_SCL)
    i.OLED_W_SDA                             0x08000cc8   Section        0  oled.o(i.OLED_W_SDA)
    i.OLED_WriteCommand                      0x08000ce0   Section        0  oled.o(i.OLED_WriteCommand)
    i.OLED_WriteData                         0x08000d00   Section        0  oled.o(i.OLED_WriteData)
    i.PendSV_Handler                         0x08000d2e   Section        0  stm32f10x_it.o(i.PendSV_Handler)
    i.Queen                                  0x08000d30   Section        0  mode.o(i.Queen)
    i.RCC_APB1PeriphClockCmd                 0x08000e88   Section        0  stm32f10x_rcc.o(i.RCC_APB1PeriphClockCmd)
    i.RCC_APB2PeriphClockCmd                 0x08000ea8   Section        0  stm32f10x_rcc.o(i.RCC_APB2PeriphClockCmd)
    i.RCC_GetClocksFreq                      0x08000ec8   Section        0  stm32f10x_rcc.o(i.RCC_GetClocksFreq)
    i.Right                                  0x08000f9c   Section        0  mode.o(i.Right)
    i.Rock                                   0x080010b8   Section        0  mode.o(i.Rock)
    i.SVC_Handler                            0x080011c0   Section        0  stm32f10x_it.o(i.SVC_Handler)
    i.SetSysClock                            0x080011c2   Section        0  system_stm32f10x.o(i.SetSysClock)
    SetSysClock                              0x080011c3   Thumb Code     8  system_stm32f10x.o(i.SetSysClock)
    i.SetSysClockTo72                        0x080011cc   Section        0  system_stm32f10x.o(i.SetSysClockTo72)
    SetSysClockTo72                          0x080011cd   Thumb Code   214  system_stm32f10x.o(i.SetSysClockTo72)
    i.Sit                                    0x080012ac   Section        0  mode.o(i.Sit)
    i.Sleep                                  0x08001378   Section        0  mode.o(i.Sleep)
    i.SlowStand                              0x08001488   Section        0  mode.o(i.SlowStand)
    i.Stand                                  0x080015a4   Section        0  mode.o(i.Stand)
    i.SysTick_Handler                        0x08001670   Section        0  stm32f10x_it.o(i.SysTick_Handler)
    i.SystemInit                             0x08001674   Section        0  system_stm32f10x.o(i.SystemInit)
    i.TIM3_CH1_Init                          0x080016d4   Section        0  leg.o(i.TIM3_CH1_Init)
    i.TIM4_CH1_Init                          0x08001758   Section        0  leg.o(i.TIM4_CH1_Init)
    i.TIM4_CH2_Init                          0x080017dc   Section        0  leg.o(i.TIM4_CH2_Init)
    i.TIM4_CH3_Init                          0x08001860   Section        0  leg.o(i.TIM4_CH3_Init)
    i.TIM4_CH4_Init                          0x080018e4   Section        0  leg.o(i.TIM4_CH4_Init)
    i.TIM_Cmd                                0x08001968   Section        0  stm32f10x_tim.o(i.TIM_Cmd)
    i.TIM_OC1Init                            0x08001980   Section        0  stm32f10x_tim.o(i.TIM_OC1Init)
    i.TIM_OC1PreloadConfig                   0x08001a18   Section        0  stm32f10x_tim.o(i.TIM_OC1PreloadConfig)
    i.TIM_OC2Init                            0x08001a2c   Section        0  stm32f10x_tim.o(i.TIM_OC2Init)
    i.TIM_OC2PreloadConfig                   0x08001ad0   Section        0  stm32f10x_tim.o(i.TIM_OC2PreloadConfig)
    i.TIM_OC3Init                            0x08001aec   Section        0  stm32f10x_tim.o(i.TIM_OC3Init)
    i.TIM_OC3PreloadConfig                   0x08001b8c   Section        0  stm32f10x_tim.o(i.TIM_OC3PreloadConfig)
    i.TIM_OC4Init                            0x08001ba0   Section        0  stm32f10x_tim.o(i.TIM_OC4Init)
    i.TIM_OC4PreloadConfig                   0x08001c1c   Section        0  stm32f10x_tim.o(i.TIM_OC4PreloadConfig)
    i.TIM_SetCompare1                        0x08001c36   Section        0  stm32f10x_tim.o(i.TIM_SetCompare1)
    i.TIM_SetCompare2                        0x08001c3a   Section        0  stm32f10x_tim.o(i.TIM_SetCompare2)
    i.TIM_SetCompare3                        0x08001c3e   Section        0  stm32f10x_tim.o(i.TIM_SetCompare3)
    i.TIM_SetCompare4                        0x08001c42   Section        0  stm32f10x_tim.o(i.TIM_SetCompare4)
    i.TIM_TimeBaseInit                       0x08001c48   Section        0  stm32f10x_tim.o(i.TIM_TimeBaseInit)
    i.USART1_IRQHandler                      0x08001cec   Section        0  usart.o(i.USART1_IRQHandler)
    i.USART1_Init                            0x08001d58   Section        0  usart.o(i.USART1_Init)
    i.USART2_IRQHandler                      0x08001e04   Section        0  tianwen.o(i.USART2_IRQHandler)
    i.USART2_Init                            0x08001f3c   Section        0  tianwen.o(i.USART2_Init)
    i.USART3_IRQHandler                      0x08001fe8   Section        0  bluetooth.o(i.USART3_IRQHandler)
    i.USART3_Init                            0x08002120   Section        0  bluetooth.o(i.USART3_Init)
    i.USART_Cmd                              0x080021cc   Section        0  stm32f10x_usart.o(i.USART_Cmd)
    i.USART_GetFlagStatus                    0x080021e4   Section        0  stm32f10x_usart.o(i.USART_GetFlagStatus)
    i.USART_GetITStatus                      0x080021fe   Section        0  stm32f10x_usart.o(i.USART_GetITStatus)
    i.USART_ITConfig                         0x08002252   Section        0  stm32f10x_usart.o(i.USART_ITConfig)
    i.USART_Init                             0x0800229c   Section        0  stm32f10x_usart.o(i.USART_Init)
    i.USART_ReceiveData                      0x08002374   Section        0  stm32f10x_usart.o(i.USART_ReceiveData)
    i.USART_SendData                         0x0800237e   Section        0  stm32f10x_usart.o(i.USART_SendData)
    i.UsageFault_Handler                     0x08002386   Section        0  stm32f10x_it.o(i.UsageFault_Handler)
    i.Usart_SendByte                         0x0800238c   Section        0  bluetooth.o(i.Usart_SendByte)
    i.dance                                  0x080023c0   Section        0  mode.o(i.dance)
    i.delay_ms                               0x08002748   Section        0  delay.o(i.delay_ms)
    i.delay_us                               0x08002808   Section        0  delay.o(i.delay_us)
    i.fierce                                 0x080028cc   Section        0  mode.o(i.fierce)
    i.laugh                                  0x08002998   Section        0  mode.o(i.laugh)
    i.main                                   0x08002a64   Section        0  main.o(i.main)
    i.pee                                    0x08002bd4   Section        0  mode.o(i.pee)
    i.roll                                   0x08002ca0   Section        0  mode.o(i.roll)
    i.systick_init                           0x08002db0   Section        0  delay.o(i.systick_init)
    .constdata                               0x08002df4   Section    15360  oled_data.o(.constdata)
    .data                                    0x20000000   Section        4  main.o(.data)
    .data                                    0x20000004   Section       64  mode.o(.data)
    value1                                   0x2000000a   Data           2  mode.o(.data)
    value2                                   0x2000000c   Data           2  mode.o(.data)
    a                                        0x2000000e   Data           1  mode.o(.data)
    b                                        0x2000000f   Data           1  mode.o(.data)
    value                                    0x20000010   Data           2  mode.o(.data)
    direction                                0x20000012   Data           2  mode.o(.data)
    value                                    0x20000014   Data           2  mode.o(.data)
    direction                                0x20000016   Data           2  mode.o(.data)
    value                                    0x20000018   Data           2  mode.o(.data)
    direction                                0x2000001a   Data           2  mode.o(.data)
    value                                    0x2000001c   Data           2  mode.o(.data)
    direction                                0x2000001e   Data           2  mode.o(.data)
    value                                    0x20000020   Data           2  mode.o(.data)
    direction                                0x20000022   Data           2  mode.o(.data)
    value                                    0x20000024   Data           2  mode.o(.data)
    direction                                0x20000026   Data           2  mode.o(.data)
    value                                    0x20000028   Data           2  mode.o(.data)
    direction                                0x2000002a   Data           2  mode.o(.data)
    value                                    0x2000002c   Data           2  mode.o(.data)
    direction                                0x2000002e   Data           2  mode.o(.data)
    value                                    0x20000030   Data           2  mode.o(.data)
    direction                                0x20000032   Data           2  mode.o(.data)
    value                                    0x20000034   Data           2  mode.o(.data)
    direction                                0x20000036   Data           2  mode.o(.data)
    value                                    0x20000038   Data           2  mode.o(.data)
    direction                                0x2000003a   Data           2  mode.o(.data)
    value                                    0x2000003c   Data           2  mode.o(.data)
    direction                                0x2000003e   Data           2  mode.o(.data)
    value                                    0x20000040   Data           2  mode.o(.data)
    direction                                0x20000042   Data           2  mode.o(.data)
    .data                                    0x20000044   Section        2  tianwen.o(.data)
    .data                                    0x20000046   Section        6  bluetooth.o(.data)
    .data                                    0x2000004c   Section        8  delay.o(.data)
    .data                                    0x20000054   Section       12  usart.o(.data)
    .data                                    0x20000060   Section       20  stm32f10x_rcc.o(.data)
    APBAHBPrescTable                         0x20000060   Data          16  stm32f10x_rcc.o(.data)
    ADCPrescTable                            0x20000070   Data           4  stm32f10x_rcc.o(.data)
    .bss                                     0x20000074   Section     1024  oled.o(.bss)
    .bss                                     0x20000474   Section      128  usart.o(.bss)
    .bss                                     0x200004f4   Section       96  libspace.o(.bss)
    HEAP                                     0x20000558   Section      512  startup_stm32f10x_md.o(HEAP)
    Heap_Mem                                 0x20000558   Data         512  startup_stm32f10x_md.o(HEAP)
    STACK                                    0x20000758   Section     1024  startup_stm32f10x_md.o(STACK)
    Stack_Mem                                0x20000758   Data        1024  startup_stm32f10x_md.o(STACK)
    __initial_sp                             0x20000b58   Data           0  startup_stm32f10x_md.o(STACK)

    Global Symbols

    Symbol Name                              Value     Ov Type        Size  Object(Section)

    BuildAttributes$$THM_ISAv4$P$D$K$B$S$PE$A:L22UL41UL21$X:L11$S22US41US21$IEEE1$IW$USESV6$~STKCKD$USESV7$~SHL$OSPACE$ROPI$EBA8$UX$STANDARDLIB$REQ8$PRES8$EABIv2 0x00000000   Number         0  anon$$obj.o ABSOLUTE
    __ARM_use_no_argv                        0x00000000   Number         0  main.o ABSOLUTE
    __ARM_exceptions_init                     - Undefined Weak Reference
    __alloca_initialize                       - Undefined Weak Reference
    __arm_preinit_                            - Undefined Weak Reference
    __cpp_initialize__aeabi_                  - Undefined Weak Reference
    __cxa_finalize                            - Undefined Weak Reference
    __rt_locale                               - Undefined Weak Reference
    __sigvec_lookup                           - Undefined Weak Reference
    _atexit_init                              - Undefined Weak Reference
    _call_atexit_fns                          - Undefined Weak Reference
    _clock_init                               - Undefined Weak Reference
    _fp_trap_init                             - Undefined Weak Reference
    _fp_trap_shutdown                         - Undefined Weak Reference
    _get_lc_collate                           - Undefined Weak Reference
    _get_lc_ctype                             - Undefined Weak Reference
    _get_lc_monetary                          - Undefined Weak Reference
    _get_lc_numeric                           - Undefined Weak Reference
    _get_lc_time                              - Undefined Weak Reference
    _getenv_init                              - Undefined Weak Reference
    _handle_redirection                       - Undefined Weak Reference
    _init_alloc                               - Undefined Weak Reference
    _init_user_alloc                          - Undefined Weak Reference
    _initio                                   - Undefined Weak Reference
    _rand_init                                - Undefined Weak Reference
    _signal_finish                            - Undefined Weak Reference
    _signal_init                              - Undefined Weak Reference
    _terminate_alloc                          - Undefined Weak Reference
    _terminate_user_alloc                     - Undefined Weak Reference
    _terminateio                              - Undefined Weak Reference
    __Vectors_Size                           0x000000ec   Number         0  startup_stm32f10x_md.o ABSOLUTE
    __Vectors                                0x08000000   Data           4  startup_stm32f10x_md.o(RESET)
    __Vectors_End                            0x080000ec   Data           0  startup_stm32f10x_md.o(RESET)
    __main                                   0x080000ed   Thumb Code     8  __main.o(!!!main)
    __scatterload                            0x080000f5   Thumb Code     0  __scatter.o(!!!scatter)
    __scatterload_rt2                        0x080000f5   Thumb Code    44  __scatter.o(!!!scatter)
    __scatterload_rt2_thumb_only             0x080000f5   Thumb Code     0  __scatter.o(!!!scatter)
    __scatterload_null                       0x08000103   Thumb Code     0  __scatter.o(!!!scatter)
    __scatterload_copy                       0x08000129   Thumb Code    26  __scatter_copy.o(!!handler_copy)
    __scatterload_zeroinit                   0x08000145   Thumb Code    28  __scatter_zi.o(!!handler_zi)
    __rt_lib_init                            0x08000161   Thumb Code     0  libinit.o(.ARM.Collect$$libinit$$00000000)
    __rt_lib_init_alloca_1                   0x08000163   Thumb Code     0  libinit2.o(.ARM.Collect$$libinit$$0000002E)
    __rt_lib_init_argv_1                     0x08000163   Thumb Code     0  libinit2.o(.ARM.Collect$$libinit$$0000002C)
    __rt_lib_init_atexit_1                   0x08000163   Thumb Code     0  libinit2.o(.ARM.Collect$$libinit$$0000001B)
    __rt_lib_init_clock_1                    0x08000163   Thumb Code     0  libinit2.o(.ARM.Collect$$libinit$$00000021)
    __rt_lib_init_cpp_1                      0x08000163   Thumb Code     0  libinit2.o(.ARM.Collect$$libinit$$00000032)
    __rt_lib_init_exceptions_1               0x08000163   Thumb Code     0  libinit2.o(.ARM.Collect$$libinit$$00000030)
    __rt_lib_init_fp_1                       0x08000163   Thumb Code     0  libinit2.o(.ARM.Collect$$libinit$$00000002)
    __rt_lib_init_fp_trap_1                  0x08000163   Thumb Code     0  libinit2.o(.ARM.Collect$$libinit$$0000001F)
    __rt_lib_init_getenv_1                   0x08000163   Thumb Code     0  libinit2.o(.ARM.Collect$$libinit$$00000023)
    __rt_lib_init_heap_1                     0x08000163   Thumb Code     0  libinit2.o(.ARM.Collect$$libinit$$0000000A)
    __rt_lib_init_lc_collate_1               0x08000163   Thumb Code     0  libinit2.o(.ARM.Collect$$libinit$$00000011)
    __rt_lib_init_lc_ctype_1                 0x08000163   Thumb Code     0  libinit2.o(.ARM.Collect$$libinit$$00000013)
    __rt_lib_init_lc_monetary_1              0x08000163   Thumb Code     0  libinit2.o(.ARM.Collect$$libinit$$00000015)
    __rt_lib_init_lc_numeric_1               0x08000163   Thumb Code     0  libinit2.o(.ARM.Collect$$libinit$$00000017)
    __rt_lib_init_lc_time_1                  0x08000163   Thumb Code     0  libinit2.o(.ARM.Collect$$libinit$$00000019)
    __rt_lib_init_preinit_1                  0x08000163   Thumb Code     0  libinit2.o(.ARM.Collect$$libinit$$00000004)
    __rt_lib_init_rand_1                     0x08000163   Thumb Code     0  libinit2.o(.ARM.Collect$$libinit$$0000000E)
    __rt_lib_init_return                     0x08000163   Thumb Code     0  libinit2.o(.ARM.Collect$$libinit$$00000033)
    __rt_lib_init_signal_1                   0x08000163   Thumb Code     0  libinit2.o(.ARM.Collect$$libinit$$0000001D)
    __rt_lib_init_stdio_1                    0x08000163   Thumb Code     0  libinit2.o(.ARM.Collect$$libinit$$00000025)
    __rt_lib_init_user_alloc_1               0x08000163   Thumb Code     0  libinit2.o(.ARM.Collect$$libinit$$0000000C)
    __rt_lib_shutdown                        0x08000165   Thumb Code     0  libshutdown.o(.ARM.Collect$$libshutdown$$00000000)
    __rt_lib_shutdown_cpp_1                  0x08000167   Thumb Code     0  libshutdown2.o(.ARM.Collect$$libshutdown$$00000002)
    __rt_lib_shutdown_fp_trap_1              0x08000167   Thumb Code     0  libshutdown2.o(.ARM.Collect$$libshutdown$$00000007)
    __rt_lib_shutdown_heap_1                 0x08000167   Thumb Code     0  libshutdown2.o(.ARM.Collect$$libshutdown$$0000000F)
    __rt_lib_shutdown_return                 0x08000167   Thumb Code     0  libshutdown2.o(.ARM.Collect$$libshutdown$$00000010)
    __rt_lib_shutdown_signal_1               0x08000167   Thumb Code     0  libshutdown2.o(.ARM.Collect$$libshutdown$$0000000A)
    __rt_lib_shutdown_stdio_1                0x08000167   Thumb Code     0  libshutdown2.o(.ARM.Collect$$libshutdown$$00000004)
    __rt_lib_shutdown_user_alloc_1           0x08000167   Thumb Code     0  libshutdown2.o(.ARM.Collect$$libshutdown$$0000000C)
    __rt_entry                               0x08000169   Thumb Code     0  __rtentry.o(.ARM.Collect$$rtentry$$00000000)
    __rt_entry_presh_1                       0x08000169   Thumb Code     0  __rtentry2.o(.ARM.Collect$$rtentry$$00000002)
    __rt_entry_sh                            0x08000169   Thumb Code     0  __rtentry4.o(.ARM.Collect$$rtentry$$00000004)
    __rt_entry_li                            0x0800016f   Thumb Code     0  __rtentry2.o(.ARM.Collect$$rtentry$$0000000A)
    __rt_entry_postsh_1                      0x0800016f   Thumb Code     0  __rtentry2.o(.ARM.Collect$$rtentry$$00000009)
    __rt_entry_main                          0x08000173   Thumb Code     0  __rtentry2.o(.ARM.Collect$$rtentry$$0000000D)
    __rt_entry_postli_1                      0x08000173   Thumb Code     0  __rtentry2.o(.ARM.Collect$$rtentry$$0000000C)
    __rt_exit                                0x0800017b   Thumb Code     0  rtexit.o(.ARM.Collect$$rtexit$$00000000)
    __rt_exit_ls                             0x0800017d   Thumb Code     0  rtexit2.o(.ARM.Collect$$rtexit$$00000003)
    __rt_exit_prels_1                        0x0800017d   Thumb Code     0  rtexit2.o(.ARM.Collect$$rtexit$$00000002)
    __rt_exit_exit                           0x08000181   Thumb Code     0  rtexit2.o(.ARM.Collect$$rtexit$$00000004)
    Reset_Handler                            0x08000189   Thumb Code     8  startup_stm32f10x_md.o(.text)
    ADC1_2_IRQHandler                        0x080001a3   Thumb Code     0  startup_stm32f10x_md.o(.text)
    CAN1_RX1_IRQHandler                      0x080001a3   Thumb Code     0  startup_stm32f10x_md.o(.text)
    CAN1_SCE_IRQHandler                      0x080001a3   Thumb Code     0  startup_stm32f10x_md.o(.text)
    DMA1_Channel1_IRQHandler                 0x080001a3   Thumb Code     0  startup_stm32f10x_md.o(.text)
    DMA1_Channel2_IRQHandler                 0x080001a3   Thumb Code     0  startup_stm32f10x_md.o(.text)
    DMA1_Channel3_IRQHandler                 0x080001a3   Thumb Code     0  startup_stm32f10x_md.o(.text)
    DMA1_Channel4_IRQHandler                 0x080001a3   Thumb Code     0  startup_stm32f10x_md.o(.text)
    DMA1_Channel5_IRQHandler                 0x080001a3   Thumb Code     0  startup_stm32f10x_md.o(.text)
    DMA1_Channel6_IRQHandler                 0x080001a3   Thumb Code     0  startup_stm32f10x_md.o(.text)
    DMA1_Channel7_IRQHandler                 0x080001a3   Thumb Code     0  startup_stm32f10x_md.o(.text)
    EXTI0_IRQHandler                         0x080001a3   Thumb Code     0  startup_stm32f10x_md.o(.text)
    EXTI15_10_IRQHandler                     0x080001a3   Thumb Code     0  startup_stm32f10x_md.o(.text)
    EXTI1_IRQHandler                         0x080001a3   Thumb Code     0  startup_stm32f10x_md.o(.text)
    EXTI2_IRQHandler                         0x080001a3   Thumb Code     0  startup_stm32f10x_md.o(.text)
    EXTI3_IRQHandler                         0x080001a3   Thumb Code     0  startup_stm32f10x_md.o(.text)
    EXTI4_IRQHandler                         0x080001a3   Thumb Code     0  startup_stm32f10x_md.o(.text)
    EXTI9_5_IRQHandler                       0x080001a3   Thumb Code     0  startup_stm32f10x_md.o(.text)
    FLASH_IRQHandler                         0x080001a3   Thumb Code     0  startup_stm32f10x_md.o(.text)
    I2C1_ER_IRQHandler                       0x080001a3   Thumb Code     0  startup_stm32f10x_md.o(.text)
    I2C1_EV_IRQHandler                       0x080001a3   Thumb Code     0  startup_stm32f10x_md.o(.text)
    I2C2_ER_IRQHandler                       0x080001a3   Thumb Code     0  startup_stm32f10x_md.o(.text)
    I2C2_EV_IRQHandler                       0x080001a3   Thumb Code     0  startup_stm32f10x_md.o(.text)
    PVD_IRQHandler                           0x080001a3   Thumb Code     0  startup_stm32f10x_md.o(.text)
    RCC_IRQHandler                           0x080001a3   Thumb Code     0  startup_stm32f10x_md.o(.text)
    RTCAlarm_IRQHandler                      0x080001a3   Thumb Code     0  startup_stm32f10x_md.o(.text)
    RTC_IRQHandler                           0x080001a3   Thumb Code     0  startup_stm32f10x_md.o(.text)
    SPI1_IRQHandler                          0x080001a3   Thumb Code     0  startup_stm32f10x_md.o(.text)
    SPI2_IRQHandler                          0x080001a3   Thumb Code     0  startup_stm32f10x_md.o(.text)
    TAMPER_IRQHandler                        0x080001a3   Thumb Code     0  startup_stm32f10x_md.o(.text)
    TIM1_BRK_IRQHandler                      0x080001a3   Thumb Code     0  startup_stm32f10x_md.o(.text)
    TIM1_CC_IRQHandler                       0x080001a3   Thumb Code     0  startup_stm32f10x_md.o(.text)
    TIM1_TRG_COM_IRQHandler                  0x080001a3   Thumb Code     0  startup_stm32f10x_md.o(.text)
    TIM1_UP_IRQHandler                       0x080001a3   Thumb Code     0  startup_stm32f10x_md.o(.text)
    TIM2_IRQHandler                          0x080001a3   Thumb Code     0  startup_stm32f10x_md.o(.text)
    TIM3_IRQHandler                          0x080001a3   Thumb Code     0  startup_stm32f10x_md.o(.text)
    TIM4_IRQHandler                          0x080001a3   Thumb Code     0  startup_stm32f10x_md.o(.text)
    USBWakeUp_IRQHandler                     0x080001a3   Thumb Code     0  startup_stm32f10x_md.o(.text)
    USB_HP_CAN1_TX_IRQHandler                0x080001a3   Thumb Code     0  startup_stm32f10x_md.o(.text)
    USB_LP_CAN1_RX0_IRQHandler               0x080001a3   Thumb Code     0  startup_stm32f10x_md.o(.text)
    WWDG_IRQHandler                          0x080001a3   Thumb Code     0  startup_stm32f10x_md.o(.text)
    __user_initial_stackheap                 0x080001a5   Thumb Code     0  startup_stm32f10x_md.o(.text)
    __use_two_region_memory                  0x080001c9   Thumb Code     2  heapauxi.o(.text)
    __rt_heap_escrow$2region                 0x080001cb   Thumb Code     2  heapauxi.o(.text)
    __rt_heap_expand$2region                 0x080001cd   Thumb Code     2  heapauxi.o(.text)
    __user_setup_stackheap                   0x080001cf   Thumb Code    74  sys_stackheap_outer.o(.text)
    exit                                     0x08000219   Thumb Code    18  exit.o(.text)
    __user_libspace                          0x0800022d   Thumb Code     8  libspace.o(.text)
    __user_perproc_libspace                  0x0800022d   Thumb Code     0  libspace.o(.text)
    __user_perthread_libspace                0x0800022d   Thumb Code     0  libspace.o(.text)
    _sys_exit                                0x08000235   Thumb Code     8  sys_exit.o(.text)
    __I$use$semihosting                      0x08000241   Thumb Code     0  use_no_semi.o(.text)
    __use_no_semihosting_swi                 0x08000241   Thumb Code     2  use_no_semi.o(.text)
    __semihosting_library_function           0x08000243   Thumb Code     0  indicate_semi.o(.text)
    Advance                                  0x08000245   Thumb Code   322  mode.o(i.Advance)
    BusFault_Handler                         0x0800039d   Thumb Code     4  stm32f10x_it.o(i.BusFault_Handler)
    DebugMon_Handler                         0x080003a1   Thumb Code     2  stm32f10x_it.o(i.DebugMon_Handler)
    For                                      0x080003a5   Thumb Code   290  mode.o(i.For)
    GPIO_Init                                0x080004d1   Thumb Code   278  stm32f10x_gpio.o(i.GPIO_Init)
    GPIO_SetBits                             0x080005e7   Thumb Code     4  stm32f10x_gpio.o(i.GPIO_SetBits)
    GPIO_WriteBit                            0x080005eb   Thumb Code    10  stm32f10x_gpio.o(i.GPIO_WriteBit)
    Handshake                                0x080005f5   Thumb Code   210  mode.o(i.Handshake)
    HardFault_Handler                        0x080006e1   Thumb Code     4  stm32f10x_it.o(i.HardFault_Handler)
    Hidden_Action                            0x080006e5   Thumb Code   124  mode.o(i.Hidden_Action)
    LED_Init                                 0x08000769   Thumb Code    50  led.o(i.LED_Init)
    Left                                     0x080007a1   Thumb Code   264  mode.o(i.Left)
    MemManage_Handler                        0x080008bd   Thumb Code     4  stm32f10x_it.o(i.MemManage_Handler)
    NMI_Handler                              0x080008c1   Thumb Code     2  stm32f10x_it.o(i.NMI_Handler)
    NVIC_Init                                0x080008c5   Thumb Code   100  misc.o(i.NVIC_Init)
    NVIC_PriorityGroupConfig                 0x08000935   Thumb Code    10  misc.o(i.NVIC_PriorityGroupConfig)
    OLED_Clear                               0x08000949   Thumb Code    36  oled.o(i.OLED_Clear)
    OLED_ClearArea                           0x08000971   Thumb Code   140  oled.o(i.OLED_ClearArea)
    OLED_GPIO_Init                           0x08000a01   Thumb Code    92  oled.o(i.OLED_GPIO_Init)
    OLED_I2C_SendByte                        0x08000a61   Thumb Code    62  oled.o(i.OLED_I2C_SendByte)
    OLED_I2C_Start                           0x08000a9f   Thumb Code    28  oled.o(i.OLED_I2C_Start)
    OLED_I2C_Stop                            0x08000abb   Thumb Code    22  oled.o(i.OLED_I2C_Stop)
    OLED_Init                                0x08000ad1   Thumb Code   154  oled.o(i.OLED_Init)
    OLED_SetCursor                           0x08000b6b   Thumb Code    34  oled.o(i.OLED_SetCursor)
    OLED_ShowImage                           0x08000b8d   Thumb Code   248  oled.o(i.OLED_ShowImage)
    OLED_Update                              0x08000c89   Thumb Code    36  oled.o(i.OLED_Update)
    OLED_W_SCL                               0x08000cb1   Thumb Code    18  oled.o(i.OLED_W_SCL)
    OLED_W_SDA                               0x08000cc9   Thumb Code    18  oled.o(i.OLED_W_SDA)
    OLED_WriteCommand                        0x08000ce1   Thumb Code    32  oled.o(i.OLED_WriteCommand)
    OLED_WriteData                           0x08000d01   Thumb Code    46  oled.o(i.OLED_WriteData)
    PendSV_Handler                           0x08000d2f   Thumb Code     2  stm32f10x_it.o(i.PendSV_Handler)
    Queen                                    0x08000d31   Thumb Code   322  mode.o(i.Queen)
    RCC_APB1PeriphClockCmd                   0x08000e89   Thumb Code    26  stm32f10x_rcc.o(i.RCC_APB1PeriphClockCmd)
    RCC_APB2PeriphClockCmd                   0x08000ea9   Thumb Code    26  stm32f10x_rcc.o(i.RCC_APB2PeriphClockCmd)
    RCC_GetClocksFreq                        0x08000ec9   Thumb Code   192  stm32f10x_rcc.o(i.RCC_GetClocksFreq)
    Right                                    0x08000f9d   Thumb Code   264  mode.o(i.Right)
    Rock                                     0x080010b9   Thumb Code   244  mode.o(i.Rock)
    SVC_Handler                              0x080011c1   Thumb Code     2  stm32f10x_it.o(i.SVC_Handler)
    Sit                                      0x080012ad   Thumb Code   178  mode.o(i.Sit)
    Sleep                                    0x08001379   Thumb Code   240  mode.o(i.Sleep)
    SlowStand                                0x08001489   Thumb Code   256  mode.o(i.SlowStand)
    Stand                                    0x080015a5   Thumb Code   178  mode.o(i.Stand)
    SysTick_Handler                          0x08001671   Thumb Code     2  stm32f10x_it.o(i.SysTick_Handler)
    SystemInit                               0x08001675   Thumb Code    78  system_stm32f10x.o(i.SystemInit)
    TIM3_CH1_Init                            0x080016d5   Thumb Code   122  leg.o(i.TIM3_CH1_Init)
    TIM4_CH1_Init                            0x08001759   Thumb Code   122  leg.o(i.TIM4_CH1_Init)
    TIM4_CH2_Init                            0x080017dd   Thumb Code   124  leg.o(i.TIM4_CH2_Init)
    TIM4_CH3_Init                            0x08001861   Thumb Code   124  leg.o(i.TIM4_CH3_Init)
    TIM4_CH4_Init                            0x080018e5   Thumb Code   122  leg.o(i.TIM4_CH4_Init)
    TIM_Cmd                                  0x08001969   Thumb Code    24  stm32f10x_tim.o(i.TIM_Cmd)
    TIM_OC1Init                              0x08001981   Thumb Code   132  stm32f10x_tim.o(i.TIM_OC1Init)
    TIM_OC1PreloadConfig                     0x08001a19   Thumb Code    18  stm32f10x_tim.o(i.TIM_OC1PreloadConfig)
    TIM_OC2Init                              0x08001a2d   Thumb Code   154  stm32f10x_tim.o(i.TIM_OC2Init)
    TIM_OC2PreloadConfig                     0x08001ad1   Thumb Code    26  stm32f10x_tim.o(i.TIM_OC2PreloadConfig)
    TIM_OC3Init                              0x08001aed   Thumb Code   150  stm32f10x_tim.o(i.TIM_OC3Init)
    TIM_OC3PreloadConfig                     0x08001b8d   Thumb Code    18  stm32f10x_tim.o(i.TIM_OC3PreloadConfig)
    TIM_OC4Init                              0x08001ba1   Thumb Code   114  stm32f10x_tim.o(i.TIM_OC4Init)
    TIM_OC4PreloadConfig                     0x08001c1d   Thumb Code    26  stm32f10x_tim.o(i.TIM_OC4PreloadConfig)
    TIM_SetCompare1                          0x08001c37   Thumb Code     4  stm32f10x_tim.o(i.TIM_SetCompare1)
    TIM_SetCompare2                          0x08001c3b   Thumb Code     4  stm32f10x_tim.o(i.TIM_SetCompare2)
    TIM_SetCompare3                          0x08001c3f   Thumb Code     4  stm32f10x_tim.o(i.TIM_SetCompare3)
    TIM_SetCompare4                          0x08001c43   Thumb Code     6  stm32f10x_tim.o(i.TIM_SetCompare4)
    TIM_TimeBaseInit                         0x08001c49   Thumb Code   122  stm32f10x_tim.o(i.TIM_TimeBaseInit)
    USART1_IRQHandler                        0x08001ced   Thumb Code    88  usart.o(i.USART1_IRQHandler)
    USART1_Init                              0x08001d59   Thumb Code   164  usart.o(i.USART1_Init)
    USART2_IRQHandler                        0x08001e05   Thumb Code   294  tianwen.o(i.USART2_IRQHandler)
    USART2_Init                              0x08001f3d   Thumb Code   162  tianwen.o(i.USART2_Init)
    USART3_IRQHandler                        0x08001fe9   Thumb Code   290  bluetooth.o(i.USART3_IRQHandler)
    USART3_Init                              0x08002121   Thumb Code   164  bluetooth.o(i.USART3_Init)
    USART_Cmd                                0x080021cd   Thumb Code    24  stm32f10x_usart.o(i.USART_Cmd)
    USART_GetFlagStatus                      0x080021e5   Thumb Code    26  stm32f10x_usart.o(i.USART_GetFlagStatus)
    USART_GetITStatus                        0x080021ff   Thumb Code    84  stm32f10x_usart.o(i.USART_GetITStatus)
    USART_ITConfig                           0x08002253   Thumb Code    74  stm32f10x_usart.o(i.USART_ITConfig)
    USART_Init                               0x0800229d   Thumb Code   210  stm32f10x_usart.o(i.USART_Init)
    USART_ReceiveData                        0x08002375   Thumb Code    10  stm32f10x_usart.o(i.USART_ReceiveData)
    USART_SendData                           0x0800237f   Thumb Code     8  stm32f10x_usart.o(i.USART_SendData)
    UsageFault_Handler                       0x08002387   Thumb Code     4  stm32f10x_it.o(i.UsageFault_Handler)
    Usart_SendByte                           0x0800238d   Thumb Code    46  bluetooth.o(i.Usart_SendByte)
    dance                                    0x080023c1   Thumb Code   882  mode.o(i.dance)
    delay_ms                                 0x08002749   Thumb Code   188  delay.o(i.delay_ms)
    delay_us                                 0x08002809   Thumb Code   190  delay.o(i.delay_us)
    fierce                                   0x080028cd   Thumb Code   186  mode.o(i.fierce)
    laugh                                    0x08002999   Thumb Code   178  mode.o(i.laugh)
    main                                     0x08002a65   Thumb Code   358  main.o(i.main)
    pee                                      0x08002bd5   Thumb Code   178  mode.o(i.pee)
    roll                                     0x08002ca1   Thumb Code   238  mode.o(i.roll)
    systick_init                             0x08002db1   Thumb Code    54  delay.o(i.systick_init)
    BMP1                                     0x08002df4   Data        1024  oled_data.o(.constdata)
    BMP2                                     0x080031f4   Data        1024  oled_data.o(.constdata)
    BMP4                                     0x080035f4   Data        1024  oled_data.o(.constdata)
    BMP3                                     0x080039f4   Data        1024  oled_data.o(.constdata)
    BMP5                                     0x08003df4   Data        1024  oled_data.o(.constdata)
    BMP6                                     0x080041f4   Data        1024  oled_data.o(.constdata)
    BMP7                                     0x080045f4   Data        1024  oled_data.o(.constdata)
    BMP8                                     0x080049f4   Data        1024  oled_data.o(.constdata)
    BMP9                                     0x08004df4   Data        1024  oled_data.o(.constdata)
    BMP10                                    0x080051f4   Data        1024  oled_data.o(.constdata)
    BMP11                                    0x080055f4   Data         512  oled_data.o(.constdata)
    BMP12_1                                  0x080057f4   Data         512  oled_data.o(.constdata)
    BMP12_2                                  0x080059f4   Data         512  oled_data.o(.constdata)
    BMP13_1                                  0x08005bf4   Data         512  oled_data.o(.constdata)
    BMP13_2                                  0x08005df4   Data         512  oled_data.o(.constdata)
    BMP14                                    0x08005ff4   Data         512  oled_data.o(.constdata)
    BMP15                                    0x080061f4   Data        1024  oled_data.o(.constdata)
    BMP16                                    0x080065f4   Data        1024  oled_data.o(.constdata)
    Region$$Table$$Base                      0x080069f4   Number         0  anon$$obj.o(Region$$Table)
    Region$$Table$$Limit                     0x08006a14   Number         0  anon$$obj.o(Region$$Table)
    Sign                                     0x20000000   Data           4  main.o(.data)
    count                                    0x20000004   Data           2  mode.o(.data)
    delay                                    0x20000006   Data           2  mode.o(.data)
    oled_counter                             0x20000008   Data           2  mode.o(.data)
    USART2_Res                               0x20000044   Data           2  tianwen.o(.data)
    Blue_data                                0x20000046   Data           6  bluetooth.o(.data)
    fac_ms                                   0x2000004c   Data           4  delay.o(.data)
    fac_us                                   0x20000050   Data           4  delay.o(.data)
    usart1_rcv_index                         0x20000054   Data           4  usart.o(.data)
    usart1_get_index                         0x20000058   Data           4  usart.o(.data)
    usart1_idle_flag                         0x2000005c   Data           4  usart.o(.data)
    OLED_DisplayBuf                          0x20000074   Data        1024  oled.o(.bss)
    usart1_recv_buf                          0x20000474   Data         128  usart.o(.bss)
    __libspace_start                         0x200004f4   Data          96  libspace.o(.bss)
    __temporary_stack_top$libspace           0x20000554   Data           0  libspace.o(.bss)



==============================================================================

Memory Map of the image

  Image Entry point : 0x08000189

  Load Region LR_1 (Base: 0x08000000, Size: 0x00006a88, Max: 0xffffffff, ABSOLUTE)

    Execution Region ER_RO (Base: 0x08000000, Size: 0x00006a14, Max: 0xffffffff, ABSOLUTE)

    Base Addr    Size         Type   Attr      Idx    E Section Name        Object

    0x08000000   0x000000ec   Data   RO          717    RESET               startup_stm32f10x_md.o
    0x080000ec   0x00000008   Code   RO         3693  * !!!main             c_w.l(__main.o)
    0x080000f4   0x00000034   Code   RO         3850    !!!scatter          c_w.l(__scatter.o)
    0x08000128   0x0000001a   Code   RO         3852    !!handler_copy      c_w.l(__scatter_copy.o)
    0x08000142   0x00000002   PAD
    0x08000144   0x0000001c   Code   RO         3854    !!handler_zi        c_w.l(__scatter_zi.o)
    0x08000160   0x00000002   Code   RO         3720    .ARM.Collect$$libinit$$00000000  c_w.l(libinit.o)
    0x08000162   0x00000000   Code   RO         3727    .ARM.Collect$$libinit$$00000002  c_w.l(libinit2.o)
    0x08000162   0x00000000   Code   RO         3729    .ARM.Collect$$libinit$$00000004  c_w.l(libinit2.o)
    0x08000162   0x00000000   Code   RO         3732    .ARM.Collect$$libinit$$0000000A  c_w.l(libinit2.o)
    0x08000162   0x00000000   Code   RO         3734    .ARM.Collect$$libinit$$0000000C  c_w.l(libinit2.o)
    0x08000162   0x00000000   Code   RO         3736    .ARM.Collect$$libinit$$0000000E  c_w.l(libinit2.o)
    0x08000162   0x00000000   Code   RO         3739    .ARM.Collect$$libinit$$00000011  c_w.l(libinit2.o)
    0x08000162   0x00000000   Code   RO         3741    .ARM.Collect$$libinit$$00000013  c_w.l(libinit2.o)
    0x08000162   0x00000000   Code   RO         3743    .ARM.Collect$$libinit$$00000015  c_w.l(libinit2.o)
    0x08000162   0x00000000   Code   RO         3745    .ARM.Collect$$libinit$$00000017  c_w.l(libinit2.o)
    0x08000162   0x00000000   Code   RO         3747    .ARM.Collect$$libinit$$00000019  c_w.l(libinit2.o)
    0x08000162   0x00000000   Code   RO         3749    .ARM.Collect$$libinit$$0000001B  c_w.l(libinit2.o)
    0x08000162   0x00000000   Code   RO         3751    .ARM.Collect$$libinit$$0000001D  c_w.l(libinit2.o)
    0x08000162   0x00000000   Code   RO         3753    .ARM.Collect$$libinit$$0000001F  c_w.l(libinit2.o)
    0x08000162   0x00000000   Code   RO         3755    .ARM.Collect$$libinit$$00000021  c_w.l(libinit2.o)
    0x08000162   0x00000000   Code   RO         3757    .ARM.Collect$$libinit$$00000023  c_w.l(libinit2.o)
    0x08000162   0x00000000   Code   RO         3759    .ARM.Collect$$libinit$$00000025  c_w.l(libinit2.o)
    0x08000162   0x00000000   Code   RO         3763    .ARM.Collect$$libinit$$0000002C  c_w.l(libinit2.o)
    0x08000162   0x00000000   Code   RO         3765    .ARM.Collect$$libinit$$0000002E  c_w.l(libinit2.o)
    0x08000162   0x00000000   Code   RO         3767    .ARM.Collect$$libinit$$00000030  c_w.l(libinit2.o)
    0x08000162   0x00000000   Code   RO         3769    .ARM.Collect$$libinit$$00000032  c_w.l(libinit2.o)
    0x08000162   0x00000002   Code   RO         3770    .ARM.Collect$$libinit$$00000033  c_w.l(libinit2.o)
    0x08000164   0x00000002   Code   RO         3790    .ARM.Collect$$libshutdown$$00000000  c_w.l(libshutdown.o)
    0x08000166   0x00000000   Code   RO         3803    .ARM.Collect$$libshutdown$$00000002  c_w.l(libshutdown2.o)
    0x08000166   0x00000000   Code   RO         3805    .ARM.Collect$$libshutdown$$00000004  c_w.l(libshutdown2.o)
    0x08000166   0x00000000   Code   RO         3808    .ARM.Collect$$libshutdown$$00000007  c_w.l(libshutdown2.o)
    0x08000166   0x00000000   Code   RO         3811    .ARM.Collect$$libshutdown$$0000000A  c_w.l(libshutdown2.o)
    0x08000166   0x00000000   Code   RO         3813    .ARM.Collect$$libshutdown$$0000000C  c_w.l(libshutdown2.o)
    0x08000166   0x00000000   Code   RO         3816    .ARM.Collect$$libshutdown$$0000000F  c_w.l(libshutdown2.o)
    0x08000166   0x00000002   Code   RO         3817    .ARM.Collect$$libshutdown$$00000010  c_w.l(libshutdown2.o)
    0x08000168   0x00000000   Code   RO         3695    .ARM.Collect$$rtentry$$00000000  c_w.l(__rtentry.o)
    0x08000168   0x00000000   Code   RO         3697    .ARM.Collect$$rtentry$$00000002  c_w.l(__rtentry2.o)
    0x08000168   0x00000006   Code   RO         3709    .ARM.Collect$$rtentry$$00000004  c_w.l(__rtentry4.o)
    0x0800016e   0x00000000   Code   RO         3699    .ARM.Collect$$rtentry$$00000009  c_w.l(__rtentry2.o)
    0x0800016e   0x00000004   Code   RO         3700    .ARM.Collect$$rtentry$$0000000A  c_w.l(__rtentry2.o)
    0x08000172   0x00000000   Code   RO         3702    .ARM.Collect$$rtentry$$0000000C  c_w.l(__rtentry2.o)
    0x08000172   0x00000008   Code   RO         3703    .ARM.Collect$$rtentry$$0000000D  c_w.l(__rtentry2.o)
    0x0800017a   0x00000002   Code   RO         3724    .ARM.Collect$$rtexit$$00000000  c_w.l(rtexit.o)
    0x0800017c   0x00000000   Code   RO         3772    .ARM.Collect$$rtexit$$00000002  c_w.l(rtexit2.o)
    0x0800017c   0x00000004   Code   RO         3773    .ARM.Collect$$rtexit$$00000003  c_w.l(rtexit2.o)
    0x08000180   0x00000006   Code   RO         3774    .ARM.Collect$$rtexit$$00000004  c_w.l(rtexit2.o)
    0x08000186   0x00000002   PAD
    0x08000188   0x00000040   Code   RO          718  * .text               startup_stm32f10x_md.o
    0x080001c8   0x00000006   Code   RO         3691    .text               c_w.l(heapauxi.o)
    0x080001ce   0x0000004a   Code   RO         3711    .text               c_w.l(sys_stackheap_outer.o)
    0x08000218   0x00000012   Code   RO         3713    .text               c_w.l(exit.o)
    0x0800022a   0x00000002   PAD
    0x0800022c   0x00000008   Code   RO         3721    .text               c_w.l(libspace.o)
    0x08000234   0x0000000c   Code   RO         3782    .text               c_w.l(sys_exit.o)
    0x08000240   0x00000002   Code   RO         3793    .text               c_w.l(use_no_semi.o)
    0x08000242   0x00000000   Code   RO         3795    .text               c_w.l(indicate_semi.o)
    0x08000242   0x00000002   PAD
    0x08000244   0x00000158   Code   RO          441    i.Advance           mode.o
    0x0800039c   0x00000004   Code   RO          156    i.BusFault_Handler  stm32f10x_it.o
    0x080003a0   0x00000002   Code   RO          157    i.DebugMon_Handler  stm32f10x_it.o
    0x080003a2   0x00000002   PAD
    0x080003a4   0x0000012c   Code   RO          442    i.For               mode.o
    0x080004d0   0x00000116   Code   RO          764    i.GPIO_Init         stm32f10x_gpio.o
    0x080005e6   0x00000004   Code   RO          772    i.GPIO_SetBits      stm32f10x_gpio.o
    0x080005ea   0x0000000a   Code   RO          775    i.GPIO_WriteBit     stm32f10x_gpio.o
    0x080005f4   0x000000ec   Code   RO          443    i.Handshake         mode.o
    0x080006e0   0x00000004   Code   RO          158    i.HardFault_Handler  stm32f10x_it.o
    0x080006e4   0x00000084   Code   RO          444    i.Hidden_Action     mode.o
    0x08000768   0x00000038   Code   RO          253    i.LED_Init          led.o
    0x080007a0   0x0000011c   Code   RO          445    i.Left              mode.o
    0x080008bc   0x00000004   Code   RO          159    i.MemManage_Handler  stm32f10x_it.o
    0x080008c0   0x00000002   Code   RO          160    i.NMI_Handler       stm32f10x_it.o
    0x080008c2   0x00000002   PAD
    0x080008c4   0x00000070   Code   RO          722    i.NVIC_Init         misc.o
    0x08000934   0x00000014   Code   RO          723    i.NVIC_PriorityGroupConfig  misc.o
    0x08000948   0x00000028   Code   RO          299    i.OLED_Clear        oled.o
    0x08000970   0x00000090   Code   RO          300    i.OLED_ClearArea    oled.o
    0x08000a00   0x00000060   Code   RO          301    i.OLED_GPIO_Init    oled.o
    0x08000a60   0x0000003e   Code   RO          302    i.OLED_I2C_SendByte  oled.o
    0x08000a9e   0x0000001c   Code   RO          303    i.OLED_I2C_Start    oled.o
    0x08000aba   0x00000016   Code   RO          304    i.OLED_I2C_Stop     oled.o
    0x08000ad0   0x0000009a   Code   RO          305    i.OLED_Init         oled.o
    0x08000b6a   0x00000022   Code   RO          306    i.OLED_SetCursor    oled.o
    0x08000b8c   0x000000fc   Code   RO          307    i.OLED_ShowImage    oled.o
    0x08000c88   0x00000028   Code   RO          308    i.OLED_Update       oled.o
    0x08000cb0   0x00000018   Code   RO          309    i.OLED_W_SCL        oled.o
    0x08000cc8   0x00000018   Code   RO          310    i.OLED_W_SDA        oled.o
    0x08000ce0   0x00000020   Code   RO          311    i.OLED_WriteCommand  oled.o
    0x08000d00   0x0000002e   Code   RO          312    i.OLED_WriteData    oled.o
    0x08000d2e   0x00000002   Code   RO          161    i.PendSV_Handler    stm32f10x_it.o
    0x08000d30   0x00000158   Code   RO          446    i.Queen             mode.o
    0x08000e88   0x00000020   Code   RO          898    i.RCC_APB1PeriphClockCmd  stm32f10x_rcc.o
    0x08000ea8   0x00000020   Code   RO          900    i.RCC_APB2PeriphClockCmd  stm32f10x_rcc.o
    0x08000ec8   0x000000d4   Code   RO          908    i.RCC_GetClocksFreq  stm32f10x_rcc.o
    0x08000f9c   0x0000011c   Code   RO          447    i.Right             mode.o
    0x080010b8   0x00000108   Code   RO          448    i.Rock              mode.o
    0x080011c0   0x00000002   Code   RO          162    i.SVC_Handler       stm32f10x_it.o
    0x080011c2   0x00000008   Code   RO          219    i.SetSysClock       system_stm32f10x.o
    0x080011ca   0x00000002   PAD
    0x080011cc   0x000000e0   Code   RO          220    i.SetSysClockTo72   system_stm32f10x.o
    0x080012ac   0x000000cc   Code   RO          449    i.Sit               mode.o
    0x08001378   0x00000110   Code   RO          450    i.Sleep             mode.o
    0x08001488   0x0000011c   Code   RO          451    i.SlowStand         mode.o
    0x080015a4   0x000000cc   Code   RO          452    i.Stand             mode.o
    0x08001670   0x00000002   Code   RO          163    i.SysTick_Handler   stm32f10x_it.o
    0x08001672   0x00000002   PAD
    0x08001674   0x00000060   Code   RO          222    i.SystemInit        system_stm32f10x.o
    0x080016d4   0x00000084   Code   RO          405    i.TIM3_CH1_Init     leg.o
    0x08001758   0x00000084   Code   RO          406    i.TIM4_CH1_Init     leg.o
    0x080017dc   0x00000084   Code   RO          407    i.TIM4_CH2_Init     leg.o
    0x08001860   0x00000084   Code   RO          408    i.TIM4_CH3_Init     leg.o
    0x080018e4   0x00000084   Code   RO          409    i.TIM4_CH4_Init     leg.o
    0x08001968   0x00000018   Code   RO         3103    i.TIM_Cmd           stm32f10x_tim.o
    0x08001980   0x00000098   Code   RO         3132    i.TIM_OC1Init       stm32f10x_tim.o
    0x08001a18   0x00000012   Code   RO         3135    i.TIM_OC1PreloadConfig  stm32f10x_tim.o
    0x08001a2a   0x00000002   PAD
    0x08001a2c   0x000000a4   Code   RO         3137    i.TIM_OC2Init       stm32f10x_tim.o
    0x08001ad0   0x0000001a   Code   RO         3140    i.TIM_OC2PreloadConfig  stm32f10x_tim.o
    0x08001aea   0x00000002   PAD
    0x08001aec   0x000000a0   Code   RO         3142    i.TIM_OC3Init       stm32f10x_tim.o
    0x08001b8c   0x00000012   Code   RO         3145    i.TIM_OC3PreloadConfig  stm32f10x_tim.o
    0x08001b9e   0x00000002   PAD
    0x08001ba0   0x0000007c   Code   RO         3147    i.TIM_OC4Init       stm32f10x_tim.o
    0x08001c1c   0x0000001a   Code   RO         3149    i.TIM_OC4PreloadConfig  stm32f10x_tim.o
    0x08001c36   0x00000004   Code   RO         3164    i.TIM_SetCompare1   stm32f10x_tim.o
    0x08001c3a   0x00000004   Code   RO         3165    i.TIM_SetCompare2   stm32f10x_tim.o
    0x08001c3e   0x00000004   Code   RO         3166    i.TIM_SetCompare3   stm32f10x_tim.o
    0x08001c42   0x00000006   Code   RO         3167    i.TIM_SetCompare4   stm32f10x_tim.o
    0x08001c48   0x000000a4   Code   RO         3174    i.TIM_TimeBaseInit  stm32f10x_tim.o
    0x08001cec   0x0000006c   Code   RO          659    i.USART1_IRQHandler  usart.o
    0x08001d58   0x000000ac   Code   RO          660    i.USART1_Init       usart.o
    0x08001e04   0x00000138   Code   RO          555    i.USART2_IRQHandler  tianwen.o
    0x08001f3c   0x000000ac   Code   RO          556    i.USART2_Init       tianwen.o
    0x08001fe8   0x00000138   Code   RO          576    i.USART3_IRQHandler  bluetooth.o
    0x08002120   0x000000ac   Code   RO          577    i.USART3_Init       bluetooth.o
    0x080021cc   0x00000018   Code   RO         1100    i.USART_Cmd         stm32f10x_usart.o
    0x080021e4   0x0000001a   Code   RO         1103    i.USART_GetFlagStatus  stm32f10x_usart.o
    0x080021fe   0x00000054   Code   RO         1104    i.USART_GetITStatus  stm32f10x_usart.o
    0x08002252   0x0000004a   Code   RO         1106    i.USART_ITConfig    stm32f10x_usart.o
    0x0800229c   0x000000d8   Code   RO         1107    i.USART_Init        stm32f10x_usart.o
    0x08002374   0x0000000a   Code   RO         1114    i.USART_ReceiveData  stm32f10x_usart.o
    0x0800237e   0x00000008   Code   RO         1117    i.USART_SendData    stm32f10x_usart.o
    0x08002386   0x00000004   Code   RO          164    i.UsageFault_Handler  stm32f10x_it.o
    0x0800238a   0x00000002   PAD
    0x0800238c   0x00000034   Code   RO          578    i.Usart_SendByte    bluetooth.o
    0x080023c0   0x00000388   Code   RO          453    i.dance             mode.o
    0x08002748   0x000000c0   Code   RO          603    i.delay_ms          delay.o
    0x08002808   0x000000c4   Code   RO          604    i.delay_us          delay.o
    0x080028cc   0x000000cc   Code   RO          454    i.fierce            mode.o
    0x08002998   0x000000cc   Code   RO          455    i.laugh             mode.o
    0x08002a64   0x00000170   Code   RO            1    i.main              main.o
    0x08002bd4   0x000000cc   Code   RO          456    i.pee               mode.o
    0x08002ca0   0x00000110   Code   RO          457    i.roll              mode.o
    0x08002db0   0x00000044   Code   RO          605    i.systick_init      delay.o
    0x08002df4   0x00003c00   Data   RO          392    .constdata          oled_data.o
    0x080069f4   0x00000020   Data   RO         3848    Region$$Table       anon$$obj.o


    Execution Region ER_RW (Base: 0x20000000, Size: 0x00000074, Max: 0xffffffff, ABSOLUTE)

    Base Addr    Size         Type   Attr      Idx    E Section Name        Object

    0x20000000   0x00000004   Data   RW            2    .data               main.o
    0x20000004   0x00000040   Data   RW          458    .data               mode.o
    0x20000044   0x00000002   Data   RW          557    .data               tianwen.o
    0x20000046   0x00000006   Data   RW          579    .data               bluetooth.o
    0x2000004c   0x00000008   Data   RW          606    .data               delay.o
    0x20000054   0x0000000c   Data   RW          666    .data               usart.o
    0x20000060   0x00000014   Data   RW          928    .data               stm32f10x_rcc.o


    Execution Region ER_ZI (Base: 0x20000074, Size: 0x00000ae4, Max: 0xffffffff, ABSOLUTE)

    Base Addr    Size         Type   Attr      Idx    E Section Name        Object

    0x20000074   0x00000400   Zero   RW          313    .bss                oled.o
    0x20000474   0x00000080   Zero   RW          665    .bss                usart.o
    0x200004f4   0x00000060   Zero   RW         3722    .bss                c_w.l(libspace.o)
    0x20000554   0x00000004   PAD
    0x20000558   0x00000200   Zero   RW          716    HEAP                startup_stm32f10x_md.o
    0x20000758   0x00000400   Zero   RW          715    STACK               startup_stm32f10x_md.o


==============================================================================

Image component sizes


      Code (inc. data)   RO Data    RW Data    ZI Data      Debug   Object Name

       536         36          0          6          0       2467   bluetooth.o
       456         24          0          8          0       1909   delay.o
        56          6          0          0          0     203823   led.o
       660         46          0          0          0       3584   leg.o
       368         10          0          4          0      48826   main.o
       132         22          0          0          0       1479   misc.o
      4940        386          0         64          0      11209   mode.o
       998         32          0          0       1024       8217   oled.o
         0          0      15360          0          0       1177   oled_data.o
        64         26        236          0       1536        780   startup_stm32f10x_md.o
       292          0          0          0          0       3011   stm32f10x_gpio.o
        26          0          0          0          0       3550   stm32f10x_it.o
       276         32          0         20          0       4350   stm32f10x_rcc.o
       894         92          0          0          0       8869   stm32f10x_tim.o
       442          6          0          0          0       6041   stm32f10x_usart.o
         0          0          0          0          0         32   sys.o
       328         28          0          0          0       1729   system_stm32f10x.o
       484         28          0          2          0       1591   tianwen.o
       280         28          0         12        128       1843   usart.o

    ----------------------------------------------------------------------
     11248        802      15628        116       2688     314487   Object Totals
         0          0         32          0          0          0   (incl. Generated)
        16          0          0          0          0          0   (incl. Padding)

    ----------------------------------------------------------------------

      Code (inc. data)   RO Data    RW Data    ZI Data      Debug   Library Member Name

         8          0          0          0          0         68   __main.o
         0          0          0          0          0          0   __rtentry.o
        12          0          0          0          0          0   __rtentry2.o
         6          0          0          0          0          0   __rtentry4.o
        52          8          0          0          0          0   __scatter.o
        26          0          0          0          0          0   __scatter_copy.o
        28          0          0          0          0          0   __scatter_zi.o
        18          0          0          0          0         80   exit.o
         6          0          0          0          0        152   heapauxi.o
         0          0          0          0          0          0   indicate_semi.o
         2          0          0          0          0          0   libinit.o
         2          0          0          0          0          0   libinit2.o
         2          0          0          0          0          0   libshutdown.o
         2          0          0          0          0          0   libshutdown2.o
         8          4          0          0         96         68   libspace.o
         2          0          0          0          0          0   rtexit.o
        10          0          0          0          0          0   rtexit2.o
        12          4          0          0          0         68   sys_exit.o
        74          0          0          0          0         80   sys_stackheap_outer.o
         2          0          0          0          0         68   use_no_semi.o

    ----------------------------------------------------------------------
       280         16          0          0        100        584   Library Totals
         8          0          0          0          4          0   (incl. Padding)

    ----------------------------------------------------------------------

      Code (inc. data)   RO Data    RW Data    ZI Data      Debug   Library Name

       272         16          0          0         96        584   c_w.l

    ----------------------------------------------------------------------
       280         16          0          0        100        584   Library Totals

    ----------------------------------------------------------------------

==============================================================================


      Code (inc. data)   RO Data    RW Data    ZI Data      Debug   

     11528        818      15628        116       2788     310491   Grand Totals
     11528        818      15628        116       2788     310491   ELF Image Totals
     11528        818      15628        116          0          0   ROM Totals

==============================================================================

    Total RO  Size (Code + RO Data)                27156 (  26.52kB)
    Total RW  Size (RW Data + ZI Data)              2904 (   2.84kB)
    Total ROM Size (Code + RO Data + RW Data)      27272 (  26.63kB)

==============================================================================

