Component: ARM Compiler 5.06 update 4 (build 422) Tool: armlink [4d35d2]

==============================================================================

Section Cross References

    main.o(i.main) refers to misc.o(i.NVIC_PriorityGroupConfig) for NVIC_PriorityGroupConfig
    main.o(i.main) refers to delay.o(i.systick_init) for systick_init
    main.o(i.main) refers to led.o(i.LED_Init) for LED_Init
    main.o(i.main) refers to usart.o(i.USART1_Init) for USART1_Init
    main.o(i.main) refers to tianwen.o(i.USART2_Init) for USART2_Init
    main.o(i.main) refers to bluetooth.o(i.USART3_Init) for USART3_Init
    main.o(i.main) refers to oled.o(i.OLED_Init) for OLED_Init
    main.o(i.main) refers to oled.o(i.OLED_Clear) for OLED_Clear
    main.o(i.main) refers to leg.o(i.TIM4_CH1_Init) for TIM4_CH1_Init
    main.o(i.main) refers to leg.o(i.TIM4_CH2_Init) for TIM4_CH2_Init
    main.o(i.main) refers to leg.o(i.TIM4_CH3_Init) for TIM4_CH3_Init
    main.o(i.main) refers to leg.o(i.TIM4_CH4_Init) for TIM4_CH4_Init
    main.o(i.main) refers to leg.o(i.TIM3_CH1_Init) for TIM3_CH1_Init
    main.o(i.main) refers to mode.o(i.Sleep) for Sleep
    main.o(i.main) refers to mode.o(i.SlowStand) for SlowStand
    main.o(i.main) refers to mode.o(i.Stand) for Stand
    main.o(i.main) refers to mode.o(i.Advance) for Advance
    main.o(i.main) refers to mode.o(i.Queen) for Queen
    main.o(i.main) refers to mode.o(i.Left) for Left
    main.o(i.main) refers to mode.o(i.Right) for Right
    main.o(i.main) refers to mode.o(i.Handshake) for Handshake
    main.o(i.main) refers to mode.o(i.Sit) for Sit
    main.o(i.main) refers to mode.o(i.Rock) for Rock
    main.o(i.main) refers to mode.o(i.dance) for dance
    main.o(i.main) refers to mode.o(i.laugh) for laugh
    main.o(i.main) refers to mode.o(i.fierce) for fierce
    main.o(i.main) refers to mode.o(i.pee) for pee
    main.o(i.main) refers to mode.o(i.roll) for roll
    main.o(i.main) refers to mode.o(i.Hidden_Action) for Hidden_Action
    main.o(i.main) refers to delay.o(i.delay_ms) for delay_ms
    main.o(i.main) refers to main.o(.data) for Sign
    system_stm32f10x.o(i.SetSysClock) refers to system_stm32f10x.o(i.SetSysClockTo72) for SetSysClockTo72
    system_stm32f10x.o(i.SystemCoreClockUpdate) refers to system_stm32f10x.o(.data) for SystemCoreClock
    system_stm32f10x.o(i.SystemInit) refers to system_stm32f10x.o(i.SetSysClock) for SetSysClock
    led.o(i.LED_Init) refers to stm32f10x_rcc.o(i.RCC_APB2PeriphClockCmd) for RCC_APB2PeriphClockCmd
    led.o(i.LED_Init) refers to stm32f10x_gpio.o(i.GPIO_Init) for GPIO_Init
    led.o(i.LED_Init) refers to stm32f10x_gpio.o(i.GPIO_SetBits) for GPIO_SetBits
    oled.o(i.OLED_Clear) refers to oled.o(.bss) for OLED_DisplayBuf
    oled.o(i.OLED_ClearArea) refers to oled.o(.bss) for OLED_DisplayBuf
    oled.o(i.OLED_DrawArc) refers to oled.o(i.OLED_IsInAngle) for OLED_IsInAngle
    oled.o(i.OLED_DrawArc) refers to oled.o(i.OLED_DrawPoint) for OLED_DrawPoint
    oled.o(i.OLED_DrawCircle) refers to oled.o(i.OLED_DrawPoint) for OLED_DrawPoint
    oled.o(i.OLED_DrawEllipse) refers to dflt_clz.o(x$fpl$dflt) for __aeabi_i2d
    oled.o(i.OLED_DrawEllipse) refers to daddsub_clz.o(x$fpl$dadd) for __aeabi_dadd
    oled.o(i.OLED_DrawEllipse) refers to dmul.o(x$fpl$dmul) for __aeabi_dmul
    oled.o(i.OLED_DrawEllipse) refers to d2f.o(x$fpl$d2f) for __aeabi_d2f
    oled.o(i.OLED_DrawEllipse) refers to oled.o(i.OLED_DrawPoint) for OLED_DrawPoint
    oled.o(i.OLED_DrawEllipse) refers to fleqf.o(x$fpl$fleqf) for __aeabi_cfcmple
    oled.o(i.OLED_DrawEllipse) refers to fflt_clz.o(x$fpl$fflt) for __aeabi_i2f
    oled.o(i.OLED_DrawEllipse) refers to faddsub_clz.o(x$fpl$fadd) for __aeabi_fadd
    oled.o(i.OLED_DrawEllipse) refers to daddsub_clz.o(x$fpl$dsub) for __aeabi_dsub
    oled.o(i.OLED_DrawEllipse) refers to dleqf.o(x$fpl$dleqf) for __aeabi_cdcmple
    oled.o(i.OLED_DrawLine) refers to oled.o(i.OLED_DrawPoint) for OLED_DrawPoint
    oled.o(i.OLED_DrawPoint) refers to oled.o(.bss) for OLED_DisplayBuf
    oled.o(i.OLED_DrawRectangle) refers to oled.o(i.OLED_DrawPoint) for OLED_DrawPoint
    oled.o(i.OLED_GPIO_Init) refers to stm32f10x_rcc.o(i.RCC_APB2PeriphClockCmd) for RCC_APB2PeriphClockCmd
    oled.o(i.OLED_GPIO_Init) refers to stm32f10x_gpio.o(i.GPIO_Init) for GPIO_Init
    oled.o(i.OLED_GPIO_Init) refers to oled.o(i.OLED_W_SCL) for OLED_W_SCL
    oled.o(i.OLED_GPIO_Init) refers to oled.o(i.OLED_W_SDA) for OLED_W_SDA
    oled.o(i.OLED_GetPoint) refers to oled.o(.bss) for OLED_DisplayBuf
    oled.o(i.OLED_I2C_SendByte) refers to oled.o(i.OLED_W_SDA) for OLED_W_SDA
    oled.o(i.OLED_I2C_SendByte) refers to oled.o(i.OLED_W_SCL) for OLED_W_SCL
    oled.o(i.OLED_I2C_Start) refers to oled.o(i.OLED_W_SDA) for OLED_W_SDA
    oled.o(i.OLED_I2C_Start) refers to oled.o(i.OLED_W_SCL) for OLED_W_SCL
    oled.o(i.OLED_I2C_Stop) refers to oled.o(i.OLED_W_SDA) for OLED_W_SDA
    oled.o(i.OLED_I2C_Stop) refers to oled.o(i.OLED_W_SCL) for OLED_W_SCL
[...]
    Removing stm32f10x_spi.o(i.SPI_I2S_SendData), (4 bytes).
    Removing stm32f10x_spi.o(i.SPI_Init), (60 bytes).
    Removing stm32f10x_spi.o(i.SPI_NSSInternalSoftwareConfig), (30 bytes).
    Removing stm32f10x_spi.o(i.SPI_SSOutputCmd), (24 bytes).
    Removing stm32f10x_spi.o(i.SPI_StructInit), (24 bytes).
    Removing stm32f10x_spi.o(i.SPI_TransmitCRC), (10 bytes).
    Removing stm32f10x_tim.o(i.TI1_Config), (128 bytes).
    Removing stm32f10x_tim.o(i.TI2_Config), (152 bytes).
    Removing stm32f10x_tim.o(i.TI3_Config), (144 bytes).
    Removing stm32f10x_tim.o(i.TI4_Config), (152 bytes).
    Removing stm32f10x_tim.o(i.TIM_ARRPreloadConfig), (24 bytes).
    Removing stm32f10x_tim.o(i.TIM_BDTRConfig), (32 bytes).
    Removing stm32f10x_tim.o(i.TIM_BDTRStructInit), (18 bytes).
    Removing stm32f10x_tim.o(i.TIM_CCPreloadControl), (24 bytes).
    Removing stm32f10x_tim.o(i.TIM_CCxCmd), (30 bytes).
    Removing stm32f10x_tim.o(i.TIM_CCxNCmd), (30 bytes).
    Removing stm32f10x_tim.o(i.TIM_ClearFlag), (6 bytes).
    Removing stm32f10x_tim.o(i.TIM_ClearITPendingBit), (6 bytes).
    Removing stm32f10x_tim.o(i.TIM_ClearOC1Ref), (18 bytes).
    Removing stm32f10x_tim.o(i.TIM_ClearOC2Ref), (24 bytes).
    Removing stm32f10x_tim.o(i.TIM_ClearOC3Ref), (18 bytes).
    Removing stm32f10x_tim.o(i.TIM_ClearOC4Ref), (24 bytes).
    Removing stm32f10x_tim.o(i.TIM_CounterModeConfig), (18 bytes).
    Removing stm32f10x_tim.o(i.TIM_CtrlPWMOutputs), (30 bytes).
    Removing stm32f10x_tim.o(i.TIM_DMACmd), (18 bytes).
    Removing stm32f10x_tim.o(i.TIM_DMAConfig), (10 bytes).
    Removing stm32f10x_tim.o(i.TIM_DeInit), (488 bytes).
    Removing stm32f10x_tim.o(i.TIM_ETRClockMode1Config), (54 bytes).
    Removing stm32f10x_tim.o(i.TIM_ETRClockMode2Config), (32 bytes).
    Removing stm32f10x_tim.o(i.TIM_ETRConfig), (28 bytes).
    Removing stm32f10x_tim.o(i.TIM_EncoderInterfaceConfig), (66 bytes).
    Removing stm32f10x_tim.o(i.TIM_ForcedOC1Config), (18 bytes).
    Removing stm32f10x_tim.o(i.TIM_ForcedOC2Config), (26 bytes).
    Removing stm32f10x_tim.o(i.TIM_ForcedOC3Config), (18 bytes).
    Removing stm32f10x_tim.o(i.TIM_ForcedOC4Config), (26 bytes).
    Removing stm32f10x_tim.o(i.TIM_GenerateEvent), (4 bytes).
    Removing stm32f10x_tim.o(i.TIM_GetCapture1), (6 bytes).
    Removing stm32f10x_tim.o(i.TIM_GetCapture2), (6 bytes).
    Removing stm32f10x_tim.o(i.TIM_GetCapture3), (6 bytes).
    Removing stm32f10x_tim.o(i.TIM_GetCapture4), (8 bytes).
    Removing stm32f10x_tim.o(i.TIM_GetCounter), (6 bytes).
    Removing stm32f10x_tim.o(i.TIM_GetFlagStatus), (18 bytes).
    Removing stm32f10x_tim.o(i.TIM_GetITStatus), (34 bytes).
    Removing stm32f10x_tim.o(i.TIM_GetPrescaler), (6 bytes).
    Removing stm32f10x_tim.o(i.TIM_ICInit), (172 bytes).
    Removing stm32f10x_tim.o(i.TIM_ICStructInit), (18 bytes).
    Removing stm32f10x_tim.o(i.TIM_ITConfig), (18 bytes).
    Removing stm32f10x_tim.o(i.TIM_ITRxExternalClockConfig), (24 bytes).
    Removing stm32f10x_tim.o(i.TIM_InternalClockConfig), (12 bytes).
    Removing stm32f10x_tim.o(i.TIM_OC1FastConfig), (18 bytes).
    Removing stm32f10x_tim.o(i.TIM_OC1NPolarityConfig), (18 bytes).
    Removing stm32f10x_tim.o(i.TIM_OC1PolarityConfig), (18 bytes).
    Removing stm32f10x_tim.o(i.TIM_OC2FastConfig), (26 bytes).
    Removing stm32f10x_tim.o(i.TIM_OC2NPolarityConfig), (26 bytes).
    Removing stm32f10x_tim.o(i.TIM_OC2PolarityConfig), (26 bytes).
    Removing stm32f10x_tim.o(i.TIM_OC3FastConfig), (18 bytes).
    Removing stm32f10x_tim.o(i.TIM_OC3NPolarityConfig), (26 bytes).
    Removing stm32f10x_tim.o(i.TIM_OC3PolarityConfig), (26 bytes).
    Removing stm32f10x_tim.o(i.TIM_OC4FastConfig), (26 bytes).
    Removing stm32f10x_tim.o(i.TIM_OC4PolarityConfig), (26 bytes).
    Removing stm32f10x_tim.o(i.TIM_OCStructInit), (20 bytes).
    Removing stm32f10x_tim.o(i.TIM_PWMIConfig), (124 bytes).
    Removing stm32f10x_tim.o(i.TIM_PrescalerConfig), (6 bytes).
    Removing stm32f10x_tim.o(i.TIM_SelectCCDMA), (24 bytes).
    Removing stm32f10x_tim.o(i.TIM_SelectCOM), (24 bytes).
    Removing stm32f10x_tim.o(i.TIM_SelectHallSensor), (24 bytes).
    Removing stm32f10x_tim.o(i.TIM_SelectInputTrigger), (18 bytes).
    Removing stm32f10x_tim.o(i.TIM_SelectMasterSlaveMode), (18 bytes).
    Removing stm32f10x_tim.o(i.TIM_SelectOCxM), (82 bytes).
    Removing stm32f10x_tim.o(i.TIM_SelectOnePulseMode), (18 bytes).
    Removing stm32f10x_tim.o(i.TIM_SelectOutputTrigger), (18 bytes).
    Removing stm32f10x_tim.o(i.TIM_SelectSlaveMode), (18 bytes).
    Removing stm32f10x_tim.o(i.TIM_SetAutoreload), (4 bytes).
    Removing stm32f10x_tim.o(i.TIM_SetClockDivision), (18 bytes).
    Removing stm32f10x_tim.o(i.TIM_SetCounter), (4 bytes).
    Removing stm32f10x_tim.o(i.TIM_SetIC1Prescaler), (18 bytes).
    Removing stm32f10x_tim.o(i.TIM_SetIC2Prescaler), (26 bytes).
    Removing stm32f10x_tim.o(i.TIM_SetIC3Prescaler), (18 bytes).
    Removing stm32f10x_tim.o(i.TIM_SetIC4Prescaler), (26 bytes).
    Removing stm32f10x_tim.o(i.TIM_TIxExternalClockConfig), (62 bytes).
    Removing stm32f10x_tim.o(i.TIM_TimeBaseStructInit), (18 bytes).
    Removing stm32f10x_tim.o(i.TIM_UpdateDisableConfig), (24 bytes).
    Removing stm32f10x_tim.o(i.TIM_UpdateRequestConfig), (24 bytes).
    Removing stm32f10x_wwdg.o(i.WWDG_ClearFlag), (12 bytes).
    Removing stm32f10x_wwdg.o(i.WWDG_DeInit), (22 bytes).
    Removing stm32f10x_wwdg.o(i.WWDG_Enable), (16 bytes).
    Removing stm32f10x_wwdg.o(i.WWDG_EnableIT), (12 bytes).
    Removing stm32f10x_wwdg.o(i.WWDG_GetFlagStatus), (12 bytes).
    Removing stm32f10x_wwdg.o(i.WWDG_SetCounter), (16 bytes).
    Removing stm32f10x_wwdg.o(i.WWDG_SetPrescaler), (24 bytes).
    Removing stm32f10x_wwdg.o(i.WWDG_SetWindowValue), (40 bytes).

476 unused section(s) (total 21472 bytes) removed from the image.

==============================================================================

Image Symbol Table

    Local Symbols

    Symbol Name                              Value     Ov Type        Size  Object(Section)

    ../clib/angel/boardlib.s                 0x00000000   Number         0  boardinit2.o ABSOLUTE
    ../clib/angel/boardlib.s                 0x00000000   Number         0  boardshut.o ABSOLUTE
    ../clib/angel/boardlib.s                 0x00000000   Number         0  boardinit3.o ABSOLUTE
    ../clib/angel/boardlib.s                 0x00000000   Number         0  boardinit1.o ABSOLUTE
    ../clib/angel/handlers.s                 0x00000000   Number         0  __scatter_copy.o ABSOLUTE
    ../clib/angel/handlers.s                 0x00000000   Number         0  __scatter_zi.o ABSOLUTE
    ../clib/angel/kernel.s                   0x00000000   Number         0  __rtentry.o ABSOLUTE
    ../clib/angel/kernel.s                   0x00000000   Number         0  rtexit.o ABSOLUTE
    ../clib/angel/kernel.s                   0x00000000   Number         0  rtexit2.o ABSOLUTE
    ../clib/angel/kernel.s                   0x00000000   Number         0  __rtentry4.o ABSOLUTE
    ../clib/angel/kernel.s                   0x00000000   Number         0  __rtentry2.o ABSOLUTE
    ../clib/angel/rt.s                       0x00000000   Number         0  rt_errno_addr_intlibspace.o ABSOLUTE
    ../clib/angel/rt.s                       0x00000000   Number         0  rt_locale_intlibspace.o ABSOLUTE
    ../clib/angel/rt.s                       0x00000000   Number         0  rt_locale.o ABSOLUTE
    ../clib/angel/rt.s                       0x00000000   Number         0  rt_raise.o ABSOLUTE
    ../clib/angel/rt.s                       0x00000000   Number         0  rt_ctype_table.o ABSOLUTE
    ../clib/angel/rt.s                       0x00000000   Number         0  rt_errno_addr.o ABSOLUTE
    ../clib/angel/scatter.s                  0x00000000   Number         0  __scatter.o ABSOLUTE
    ../clib/angel/startup.s                  0x00000000   Number         0  __main.o ABSOLUTE
    ../clib/angel/sys.s                      0x00000000   Number         0  indicate_semi.o ABSOLUTE
    ../clib/angel/sys.s                      0x00000000   Number         0  use_no_semi.o ABSOLUTE
    ../clib/angel/sys.s                      0x00000000   Number         0  libspace.o ABSOLUTE
    ../clib/angel/sys.s                      0x00000000   Number         0  sys_stackheap_outer.o ABSOLUTE
    ../clib/angel/sysapp.c                   0x00000000   Number         0  sys_command.o ABSOLUTE
    ../clib/angel/sysapp.c                   0x00000000   Number         0  sys_exit.o ABSOLUTE
    ../clib/angel/sysapp.c                   0x00000000   Number         0  sys_wrch.o ABSOLUTE
    ../clib/armsys.c                         0x00000000   Number         0  no_argv.o ABSOLUTE
    ../clib/armsys.c                         0x00000000   Number         0  _get_argv_nomalloc.o ABSOLUTE
    ../clib/armsys.c                         0x00000000   Number         0  argv_veneer.o ABSOLUTE
    ../clib/armsys.c                         0x00000000   Number         0  argv_veneer.o ABSOLUTE
    ../clib/bigflt.c                         0x00000000   Number         0  bigflt0.o ABSOLUTE
    ../clib/btod.s                           0x00000000   Number         0  btod.o ABSOLUTE
    ../clib/fenv.c                           0x00000000   Number         0  _rserrno.o ABSOLUTE
    ../clib/heapalloc.c                      0x00000000   Number         0  hrguard.o ABSOLUTE
    ../clib/heapaux.c                        0x00000000   Number         0  heapauxi.o ABSOLUTE
    ../clib/libinit.s                        0x00000000   Number         0  libinit.o ABSOLUTE
    ../clib/libinit.s                        0x00000000   Number         0  libshutdown.o ABSOLUTE
    ../clib/libinit.s                        0x00000000   Number         0  libshutdown2.o ABSOLUTE
    ../clib/libinit.s                        0x00000000   Number         0  libinit2.o ABSOLUTE
    ../clib/locale.c                         0x00000000   Number         0  _wcrtomb.o ABSOLUTE
    ../clib/locale.s                         0x00000000   Number         0  lc_numeric_c.o ABSOLUTE
    ../clib/locale.s                         0x00000000   Number         0  lc_ctype_c.o ABSOLUTE
    ../clib/longlong.s                       0x00000000   Number         0  lludiv10.o ABSOLUTE
    ../clib/memcpset.s                       0x00000000   Number         0  strcmpv7m.o ABSOLUTE
    ../clib/misc.s                           0x00000000   Number         0  printf_stubs.o ABSOLUTE
    ../clib/printf.c                         0x00000000   Number         0  __printf_nopercent.o ABSOLUTE
    ../clib/printf.c                         0x00000000   Number         0  _printf_fp_hex.o ABSOLUTE
    ../clib/printf.c                         0x00000000   Number         0  _printf_fp_dec.o ABSOLUTE
    ../clib/printf.c                         0x00000000   Number         0  _printf_intcommon.o ABSOLUTE
    ../clib/printf.c                         0x00000000   Number         0  _printf_hex_ll.o ABSOLUTE
    ../clib/printf.c                         0x00000000   Number         0  _printf_oct_int_ll.o ABSOLUTE
    ../clib/printf.c                         0x00000000   Number         0  _printf_oct_int.o ABSOLUTE
    ../clib/printf.c                         0x00000000   Number         0  _printf_oct_ll.o ABSOLUTE
    ../clib/printf.c                         0x00000000   Number         0  _printf_longlong_dec.o ABSOLUTE
    ../clib/printf.c                         0x00000000   Number         0  _printf_wctomb.o ABSOLUTE
    ../clib/printf.c                         0x00000000   Number         0  _sputc.o ABSOLUTE
    ../clib/printf.c                         0x00000000   Number         0  _printf_char_common.o ABSOLUTE
    ../clib/printf.c                         0x00000000   Number         0  _printf_charcount.o ABSOLUTE
    ../clib/printf.c                         0x00000000   Number         0  _printf_dec.o ABSOLUTE
    ../clib/printf.c                         0x00000000   Number         0  _printf_str.o ABSOLUTE
    ../clib/printf.c                         0x00000000   Number         0  _printf_truncate.o ABSOLUTE
    ../clib/printf.c                         0x00000000   Number         0  __printf.o ABSOLUTE
    ../clib/printf.c                         0x00000000   Number         0  vsprintf.o ABSOLUTE
    ../clib/printf.c                         0x00000000   Number         0  _printf_pad.o ABSOLUTE
    ../clib/printf.c                         0x00000000   Number         0  __printf_flags_ss_wp.o ABSOLUTE
    ../clib/printf.c                         0x00000000   Number         0  __printf_ss_wp.o ABSOLUTE
    ../clib/printf.c                         0x00000000   Number         0  __printf_flags_wp.o ABSOLUTE
    ../clib/printf.c                         0x00000000   Number         0  __printf_wp.o ABSOLUTE
    ../clib/printf.c                         0x00000000   Number         0  __printf_flags_ss.o ABSOLUTE
    ../clib/printf.c                         0x00000000   Number         0  __printf_ss.o ABSOLUTE
    ../clib/printf.c                         0x00000000   Number         0  __printf_flags.o ABSOLUTE
    ../clib/printf.c                         0x00000000   Number         0  _printf_hex_int_ll_ptr.o ABSOLUTE
    ../clib/printf.c                         0x00000000   Number         0  _printf_hex_ll_ptr.o ABSOLUTE
    ../clib/printf.c                         0x00000000   Number         0  _printf_fp_infnan.o ABSOLUTE
    ../clib/printf.c                         0x00000000   Number         0  _printf_hex_int_ptr.o ABSOLUTE
    ../clib/printf.c                         0x00000000   Number         0  _printf_hex_ptr.o ABSOLUTE
    ../clib/printf.c                         0x00000000   Number         0  _printf_hex_int_ll.o ABSOLUTE
    ../clib/printf.c                         0x00000000   Number         0  _printf_hex_int.o ABSOLUTE
    ../clib/printf.c                         0x00000000   Number         0  _printf_wchar.o ABSOLUTE
    ../clib/printf.c                         0x00000000   Number         0  _printf_char.o ABSOLUTE
    ../clib/printf_percent.s                 0x00000000   Number         0  _printf_s.o ABSOLUTE
    ../clib/printf_percent.s                 0x00000000   Number         0  _printf_o.o ABSOLUTE
    ../clib/printf_percent.s                 0x00000000   Number         0  _printf_x.o ABSOLUTE
    ../clib/printf_percent.s                 0x00000000   Number         0  _printf_p.o ABSOLUTE
    ../clib/printf_percent.s                 0x00000000   Number         0  _printf_n.o ABSOLUTE
    ../clib/printf_percent.s                 0x00000000   Number         0  _printf_llx.o ABSOLUTE
    ../clib/printf_percent.s                 0x00000000   Number         0  _printf_percent.o ABSOLUTE
    ../clib/printf_percent.s                 0x00000000   Number         0  _printf_llo.o ABSOLUTE
    ../clib/printf_percent.s                 0x00000000   Number         0  _printf_ls.o ABSOLUTE
    ../clib/printf_percent.s                 0x00000000   Number         0  _printf_l.o ABSOLUTE
    ../clib/printf_percent.s                 0x00000000   Number         0  _printf_lc.o ABSOLUTE
    ../clib/printf_percent.s                 0x00000000   Number         0  _printf_c.o ABSOLUTE
    ../clib/printf_percent.s                 0x00000000   Number         0  _printf_percent_end.o ABSOLUTE
    ../clib/printf_percent.s                 0x00000000   Number         0  _printf_f.o ABSOLUTE
    ../clib/printf_percent.s                 0x00000000   Number         0  _printf_u.o ABSOLUTE
    ../clib/printf_percent.s                 0x00000000   Number         0  _printf_e.o ABSOLUTE
    ../clib/printf_percent.s                 0x00000000   Number         0  _printf_g.o ABSOLUTE
    ../clib/printf_percent.s                 0x00000000   Number         0  _printf_a.o ABSOLUTE
    ../clib/printf_percent.s                 0x00000000   Number         0  _printf_d.o ABSOLUTE
    ../clib/printf_percent.s                 0x00000000   Number         0  _printf_lli.o ABSOLUTE
    ../clib/printf_percent.s                 0x00000000   Number         0  _printf_i.o ABSOLUTE
    ../clib/printf_percent.s                 0x00000000   Number         0  _printf_lld.o ABSOLUTE
    ../clib/printf_percent.s                 0x00000000   Number         0  _printf_llu.o ABSOLUTE
    ../clib/printf_percent.s                 0x00000000   Number         0  _printf_ll.o ABSOLUTE
    ../clib/signal.c                         0x00000000   Number         0  defsig_rtmem_outer.o ABSOLUTE
    ../clib/signal.c                         0x00000000   Number         0  defsig_fpe_inner.o ABSOLUTE
    ../clib/signal.c                         0x00000000   Number         0  defsig_other.o ABSOLUTE
    ../clib/signal.c                         0x00000000   Number         0  defsig_segv_inner.o ABSOLUTE
    ../clib/signal.c                         0x00000000   Number         0  defsig_cppl_inner.o ABSOLUTE
    ../clib/signal.c                         0x00000000   Number         0  defsig_pvfn_inner.o ABSOLUTE
    ../clib/signal.c                         0x00000000   Number         0  defsig_stak_inner.o ABSOLUTE
    ../clib/signal.c                         0x00000000   Number         0  defsig_rtred_inner.o ABSOLUTE
    ../clib/signal.c                         0x00000000   Number         0  defsig_abrt_inner.o ABSOLUTE
    ../clib/signal.c                         0x00000000   Number         0  defsig_general.o ABSOLUTE
    ../clib/signal.c                         0x00000000   Number         0  __raise.o ABSOLUTE
    ../clib/signal.c                         0x00000000   Number         0  defsig_rtmem_inner.o ABSOLUTE
    ../clib/signal.c                         0x00000000   Number         0  defsig_exit.o ABSOLUTE
    ../clib/signal.c                         0x00000000   Number         0  defsig_rtmem_formal.o ABSOLUTE
    ../clib/signal.s                         0x00000000   Number         0  defsig.o ABSOLUTE
    ../clib/stdlib.c                         0x00000000   Number         0  exit.o ABSOLUTE
    ../fplib/d2f.s                           0x00000000   Number         0  d2f.o ABSOLUTE
    ../fplib/daddsub.s                       0x00000000   Number         0  daddsub_clz.o ABSOLUTE
    ../fplib/dcheck1.s                       0x00000000   Number         0  dcheck1.o ABSOLUTE
    ../fplib/dcmpi.s                         0x00000000   Number         0  dcmpi.o ABSOLUTE
    ../fplib/ddiv.s                          0x00000000   Number         0  ddiv.o ABSOLUTE
    ../fplib/dfix.s                          0x00000000   Number         0  dfix.o ABSOLUTE
    ../fplib/dfixu.s                         0x00000000   Number         0  dfixu.o ABSOLUTE
    ../fplib/dflt.s                          0x00000000   Number         0  dflt_clz.o ABSOLUTE
    ../fplib/dleqf.s                         0x00000000   Number         0  dleqf.o ABSOLUTE
    ../fplib/dmul.s                          0x00000000   Number         0  dmul.o ABSOLUTE
    ../fplib/dnaninf.s                       0x00000000   Number         0  dnaninf.o ABSOLUTE
    ../fplib/dretinf.s                       0x00000000   Number         0  dretinf.o ABSOLUTE
    ../fplib/drleqf.s                        0x00000000   Number         0  drleqf.o ABSOLUTE
    ../fplib/drnd.s                          0x00000000   Number         0  drnd.o ABSOLUTE
    ../fplib/faddsub.s                       0x00000000   Number         0  faddsub_clz.o ABSOLUTE
    ../fplib/fcmpi.s                         0x00000000   Number         0  fcmpi.o ABSOLUTE
    ../fplib/fflt.s                          0x00000000   Number         0  fflt_clz.o ABSOLUTE
    ../fplib/fleqf.s                         0x00000000   Number         0  fleqf.o ABSOLUTE
    ../fplib/fnaninf.s                       0x00000000   Number         0  fnaninf.o ABSOLUTE
    ../fplib/fpinit.s                        0x00000000   Number         0  fpinit.o ABSOLUTE
    ../fplib/fretinf.s                       0x00000000   Number         0  fretinf.o ABSOLUTE
    ../fplib/istatus.s                       0x00000000   Number         0  istatus.o ABSOLUTE
    ../fplib/printf1.s                       0x00000000   Number         0  printf1.o ABSOLUTE
    ../fplib/printf2.s                       0x00000000   Number         0  printf2.o ABSOLUTE
    ../fplib/printf2a.s                      0x00000000   Number         0  printf2a.o ABSOLUTE
    ../fplib/printf2b.s                      0x00000000   Number         0  printf2b.o ABSOLUTE
    ../fplib/retnan.s                        0x00000000   Number         0  retnan.o ABSOLUTE
    ../fplib/scalbn.s                        0x00000000   Number         0  scalbn.o ABSOLUTE
    ../fplib/trapv.s                         0x00000000   Number         0  trapv.o ABSOLUTE
    ../fplib/usenofp.s                       0x00000000   Number         0  usenofp.o ABSOLUTE
    ../mathlib/atan.c                        0x00000000   Number         0  atan.o ABSOLUTE
    ../mathlib/atan.c                        0x00000000   Number         0  atan_x.o ABSOLUTE
    ../mathlib/atan2.c                       0x00000000   Number         0  atan2_x.o ABSOLUTE
    ../mathlib/atan2.c                       0x00000000   Number         0  atan2.o ABSOLUTE
    ../mathlib/dunder.c                      0x00000000   Number         0  dunder.o ABSOLUTE
    ../mathlib/fpclassify.c                  0x00000000   Number         0  fpclassify.o ABSOLUTE
    ../mathlib/poly.c                        0x00000000   Number         0  poly.o ABSOLUTE
    ../mathlib/qnan.c                        0x00000000   Number         0  qnan.o ABSOLUTE
    ../mathlib/round.c                       0x00000000   Number         0  round.o ABSOLUTE
    ..\CORE\core_cm3.c                       0x00000000   Number         0  core_cm3.o ABSOLUTE
    ..\CORE\startup_stm32f10x_md.s           0x00000000   Number         0  startup_stm32f10x_md.o ABSOLUTE
    ..\HARDWARE\LED\led.c                    0x00000000   Number         0  led.o ABSOLUTE
    ..\HARDWARE\LEG\leg.c                    0x00000000   Number         0  leg.o ABSOLUTE
    ..\HARDWARE\MODE\mode.c                  0x00000000   Number         0  mode.o ABSOLUTE
    ..\HARDWARE\OLED\OLED.c                  0x00000000   Number         0  oled.o ABSOLUTE
    ..\HARDWARE\OLED\OLED_Data.c             0x00000000   Number         0  oled_data.o ABSOLUTE
    ..\HARDWARE\Tianwen\tianwen.c            0x00000000   Number         0  tianwen.o ABSOLUTE
    ..\HARDWARE\bluebooth\bluetooth.c        0x00000000   Number         0  bluetooth.o ABSOLUTE
    ..\STM32F10x_FWLib\src\misc.c            0x00000000   Number         0  misc.o ABSOLUTE
    ..\STM32F10x_FWLib\src\stm32f10x_adc.c   0x00000000   Number         0  stm32f10x_adc.o ABSOLUTE
    ..\STM32F10x_FWLib\src\stm32f10x_bkp.c   0x00000000   Number         0  stm32f10x_bkp.o ABSOLUTE
    ..\STM32F10x_FWLib\src\stm32f10x_can.c   0x00000000   Number         0  stm32f10x_can.o ABSOLUTE
    ..\STM32F10x_FWLib\src\stm32f10x_cec.c   0x00000000   Number         0  stm32f10x_cec.o ABSOLUTE
    ..\STM32F10x_FWLib\src\stm32f10x_crc.c   0x00000000   Number         0  stm32f10x_crc.o ABSOLUTE
    ..\STM32F10x_FWLib\src\stm32f10x_dac.c   0x00000000   Number         0  stm32f10x_dac.o ABSOLUTE
    ..\STM32F10x_FWLib\src\stm32f10x_dbgmcu.c 0x00000000   Number         0  stm32f10x_dbgmcu.o ABSOLUTE
    ..\STM32F10x_FWLib\src\stm32f10x_dma.c   0x00000000   Number         0  stm32f10x_dma.o ABSOLUTE
    ..\STM32F10x_FWLib\src\stm32f10x_exti.c  0x00000000   Number         0  stm32f10x_exti.o ABSOLUTE
    ..\STM32F10x_FWLib\src\stm32f10x_flash.c 0x00000000   Number         0  stm32f10x_flash.o ABSOLUTE
    ..\STM32F10x_FWLib\src\stm32f10x_fsmc.c  0x00000000   Number         0  stm32f10x_fsmc.o ABSOLUTE
    ..\STM32F10x_FWLib\src\stm32f10x_gpio.c  0x00000000   Number         0  stm32f10x_gpio.o ABSOLUTE
    ..\STM32F10x_FWLib\src\stm32f10x_i2c.c   0x00000000   Number         0  stm32f10x_i2c.o ABSOLUTE
    ..\STM32F10x_FWLib\src\stm32f10x_iwdg.c  0x00000000   Number         0  stm32f10x_iwdg.o ABSOLUTE
    ..\STM32F10x_FWLib\src\stm32f10x_pwr.c   0x00000000   Number         0  stm32f10x_pwr.o ABSOLUTE
    ..\STM32F10x_FWLib\src\stm32f10x_rcc.c   0x00000000   Number         0  stm32f10x_rcc.o ABSOLUTE
    ..\STM32F10x_FWLib\src\stm32f10x_rtc.c   0x00000000   Number         0  stm32f10x_rtc.o ABSOLUTE
    ..\STM32F10x_FWLib\src\stm32f10x_sdio.c  0x00000000   Number         0  stm32f10x_sdio.o ABSOLUTE
    ..\STM32F10x_FWLib\src\stm32f10x_spi.c   0x00000000   Number         0  stm32f10x_spi.o ABSOLUTE
    ..\STM32F10x_FWLib\src\stm32f10x_tim.c   0x00000000   Number         0  stm32f10x_tim.o ABSOLUTE
    ..\STM32F10x_FWLib\src\stm32f10x_usart.c 0x00000000   Number         0  stm32f10x_usart.o ABSOLUTE
    ..\STM32F10x_FWLib\src\stm32f10x_wwdg.c  0x00000000   Number         0  stm32f10x_wwdg.o ABSOLUTE
    ..\SYSTEM\delay\delay.c                  0x00000000   Number         0  delay.o ABSOLUTE
    ..\SYSTEM\sys\sys.c                      0x00000000   Number         0  sys.o ABSOLUTE
    ..\SYSTEM\usart\usart.c                  0x00000000   Number         0  usart.o ABSOLUTE
    ..\\CORE\\core_cm3.c                     0x00000000   Number         0  core_cm3.o ABSOLUTE
    ..\\SYSTEM\\sys\\sys.c                   0x00000000   Number         0  sys.o ABSOLUTE
    dc.s                                     0x00000000   Number         0  dc.o ABSOLUTE
    main.c                                   0x00000000   Number         0  main.o ABSOLUTE
    stm32f10x_it.c                           0x00000000   Number         0  stm32f10x_it.o ABSOLUTE
    system_stm32f10x.c                       0x00000000   Number         0  system_stm32f10x.o ABSOLUTE
    RESET                                    0x08000000   Section      236  startup_stm32f10x_md.o(RESET)
    !!!main                                  0x080000ec   Section        8  __main.o(!!!main)
    !!!scatter                               0x080000f4   Section       52  __scatter.o(!!!scatter)
    !!handler_copy                           0x08000128   Section       26  __scatter_copy.o(!!handler_copy)
    !!handler_zi                             0x08000144   Section       28  __scatter_zi.o(!!handler_zi)
    .ARM.Collect$$libinit$$00000000          0x08000160   Section        2  libinit.o(.ARM.Collect$$libinit$$00000000)
    .ARM.Collect$$libinit$$00000002          0x08000162   Section        0  libinit2.o(.ARM.Collect$$libinit$$00000002)
    .ARM.Collect$$libinit$$00000004          0x08000162   Section        0  libinit2.o(.ARM.Collect$$libinit$$00000004)
    .ARM.Collect$$libinit$$0000000A          0x08000162   Section        0  libinit2.o(.ARM.Collect$$libinit$$0000000A)
    .ARM.Collect$$libinit$$0000000C          0x08000162   Section        0  libinit2.o(.ARM.Collect$$libinit$$0000000C)
    .ARM.Collect$$libinit$$0000000E          0x08000162   Section        0  libinit2.o(.ARM.Collect$$libinit$$0000000E)
    .ARM.Collect$$libinit$$00000011          0x08000162   Section        0  libinit2.o(.ARM.Collect$$libinit$$00000011)
    .ARM.Collect$$libinit$$00000013          0x08000162   Section        0  libinit2.o(.ARM.Collect$$libinit$$00000013)
    .ARM.Collect$$libinit$$00000015          0x08000162   Section        0  libinit2.o(.ARM.Collect$$libinit$$00000015)
    .ARM.Collect$$libinit$$00000017          0x08000162   Section        0  libinit2.o(.ARM.Collect$$libinit$$00000017)
    .ARM.Collect$$libinit$$00000019          0x08000162   Section        0  libinit2.o(.ARM.Collect$$libinit$$00000019)
    .ARM.Collect$$libinit$$0000001B          0x08000162   Section        0  libinit2.o(.ARM.Collect$$libinit$$0000001B)
    .ARM.Collect$$libinit$$0000001D          0x08000162   Section        0  libinit2.o(.ARM.Collect$$libinit$$0000001D)
    .ARM.Collect$$libinit$$0000001F          0x08000162   Section        0  libinit2.o(.ARM.Collect$$libinit$$0000001F)
    .ARM.Collect$$libinit$$00000021          0x08000162   Section        0  libinit2.o(.ARM.Collect$$libinit$$00000021)
    .ARM.Collect$$libinit$$00000023          0x08000162   Section        0  libinit2.o(.ARM.Collect$$libinit$$00000023)
    .ARM.Collect$$libinit$$00000025          0x08000162   Section        0  libinit2.o(.ARM.Collect$$libinit$$00000025)
    .ARM.Collect$$libinit$$0000002C          0x08000162   Section        0  libinit2.o(.ARM.Collect$$libinit$$0000002C)
    .ARM.Collect$$libinit$$0000002E          0x08000162   Section        0  libinit2.o(.ARM.Collect$$libinit$$0000002E)
    .ARM.Collect$$libinit$$00000030          0x08000162   Section        0  libinit2.o(.ARM.Collect$$libinit$$00000030)
    .ARM.Collect$$libinit$$00000032          0x08000162   Section        0  libinit2.o(.ARM.Collect$$libinit$$00000032)
    .ARM.Collect$$libinit$$00000033          0x08000162   Section        2  libinit2.o(.ARM.Collect$$libinit$$00000033)
    .ARM.Collect$$libshutdown$$00000000      0x08000164   Section        2  libshutdown.o(.ARM.Collect$$libshutdown$$00000000)
    .ARM.Collect$$libshutdown$$00000002      0x08000166   Section        0  libshutdown2.o(.ARM.Collect$$libshutdown$$00000002)
    .ARM.Collect$$libshutdown$$00000004      0x08000166   Section        0  libshutdown2.o(.ARM.Collect$$libshutdown$$00000004)
    .ARM.Collect$$libshutdown$$00000007      0x08000166   Section        0  libshutdown2.o(.ARM.Collect$$libshutdown$$00000007)
    .ARM.Collect$$libshutdown$$0000000A      0x08000166   Section        0  libshutdown2.o(.ARM.Collect$$libshutdown$$0000000A)
    .ARM.Collect$$libshutdown$$0000000C      0x08000166   Section        0  libshutdown2.o(.ARM.Collect$$libshutdown$$0000000C)
    .ARM.Collect$$libshutdown$$0000000F      0x08000166   Section        0  libshutdown2.o(.ARM.Collect$$libshutdown$$0000000F)
    .ARM.Collect$$libshutdown$$00000010      0x08000166   Section        2  libshutdown2.o(.ARM.Collect$$libshutdown$$00000010)
    .ARM.Collect$$rtentry$$00000000          0x08000168   Section        0  __rtentry.o(.ARM.Collect$$rtentry$$00000000)
    .ARM.Collect$$rtentry$$00000002          0x08000168   Section        0  __rtentry2.o(.ARM.Collect$$rtentry$$00000002)
    .ARM.Collect$$rtentry$$00000004          0x08000168   Section        6  __rtentry4.o(.ARM.Collect$$rtentry$$00000004)
    .ARM.Collect$$rtentry$$00000009          0x0800016e   Section        0  __rtentry2.o(.ARM.Collect$$rtentry$$00000009)
    .ARM.Collect$$rtentry$$0000000A          0x0800016e   Section        4  __rtentry2.o(.ARM.Collect$$rtentry$$0000000A)
    .ARM.Collect$$rtentry$$0000000C          0x08000172   Section        0  __rtentry2.o(.ARM.Collect$$rtentry$$0000000C)
    .ARM.Collect$$rtentry$$0000000D          0x08000172   Section        8  __rtentry2.o(.ARM.Collect$$rtentry$$0000000D)
    .ARM.Collect$$rtexit$$00000000           0x0800017a   Section        2  rtexit.o(.ARM.Collect$$rtexit$$00000000)
    .ARM.Collect$$rtexit$$00000002           0x0800017c   Section        0  rtexit2.o(.ARM.Collect$$rtexit$$00000002)
    .ARM.Collect$$rtexit$$00000003           0x0800017c   Section        4  rtexit2.o(.ARM.Collect$$rtexit$$00000003)
    .ARM.Collect$$rtexit$$00000004           0x08000180   Section        6  rtexit2.o(.ARM.Collect$$rtexit$$00000004)
    .text                                    0x08000188   Section       64  startup_stm32f10x_md.o(.text)
    .text                                    0x080001c8   Section        0  heapauxi.o(.text)
    .text                                    0x080001d0   Section        8  libspace.o(.text)
    .text                                    0x080001d8   Section       74  sys_stackheap_outer.o(.text)
    .text                                    0x08000222   Section        0  exit.o(.text)
    .text                                    0x08000234   Section        0  sys_exit.o(.text)
    .text                                    0x08000240   Section        2  use_no_semi.o(.text)
    .text                                    0x08000242   Section        0  indicate_semi.o(.text)
    i.Advance                                0x08000244   Section        0  mode.o(i.Advance)
    i.BusFault_Handler                       0x0800039c   Section        0  stm32f10x_it.o(i.BusFault_Handler)
    i.DebugMon_Handler                       0x080003a0   Section        0  stm32f10x_it.o(i.DebugMon_Handler)
    i.For                                    0x080003a4   Section        0  mode.o(i.For)
    i.GPIO_Init                              0x080004d0   Section        0  stm32f10x_gpio.o(i.GPIO_Init)
    i.GPIO_SetBits                           0x080005e6   Section        0  stm32f10x_gpio.o(i.GPIO_SetBits)
    i.GPIO_WriteBit                          0x080005ea   Section        0  stm32f10x_gpio.o(i.GPIO_WriteBit)
    i.Handshake                              0x080005f4   Section        0  mode.o(i.Handshake)
    i.HardFault_Handler                      0x080006e0   Section        0  stm32f10x_it.o(i.HardFault_Handler)
    i.Hidden_Action                          0x080006e4   Section        0  mode.o(i.Hidden_Action)
    i.LED_Init                               0x08000764   Section        0  led.o(i.LED_Init)
    i.Left                                   0x0800079c   Section        0  mode.o(i.Left)
    i.MemManage_Handler                      0x080008b8   Section        0  stm32f10x_it.o(i.MemManage_Handler)
    i.NMI_Handler                            0x080008bc   Section        0  stm32f10x_it.o(i.NMI_Handler)
    i.NVIC_Init                              0x080008c0   Section        0  misc.o(i.NVIC_Init)
    i.NVIC_PriorityGroupConfig               0x08000930   Section        0  misc.o(i.NVIC_PriorityGroupConfig)
    i.OLED_Clear                             0x08000944   Section        0  oled.o(i.OLED_Clear)
    i.OLED_ClearArea                         0x0800096c   Section        0  oled.o(i.OLED_ClearArea)
    i.OLED_GPIO_Init                         0x080009fc   Section        0  oled.o(i.OLED_GPIO_Init)
    i.OLED_I2C_SendByte                      0x08000a5c   Section        0  oled.o(i.OLED_I2C_SendByte)
    i.OLED_I2C_Start                         0x08000a9a   Section        0  oled.o(i.OLED_I2C_Start)
    i.OLED_I2C_Stop                          0x08000ab6   Section        0  oled.o(i.OLED_I2C_Stop)
    i.OLED_Init                              0x08000acc   Section        0  oled.o(i.OLED_Init)
    i.OLED_SetCursor                         0x08000b66   Section        0  oled.o(i.OLED_SetCursor)
    i.OLED_ShowImage                         0x08000b88   Section        0  oled.o(i.OLED_ShowImage)
    i.OLED_Update                            0x08000c84   Section        0  oled.o(i.OLED_Update)
    i.OLED_W_SCL                             0x08000cac   Section        0  oled.o(i.OLED_W_SCL)
    i.OLED_W_SDA                             0x08000cc4   Section        0  oled.o(i.OLED_W_SDA)
    i.OLED_WriteCommand                      0x08000cdc   Section        0  oled.o(i.OLED_WriteCommand)
    i.OLED_WriteData                         0x08000cfc   Section        0  oled.o(i.OLED_WriteData)
    i.PendSV_Handler                         0x08000d2a   Section        0  stm32f10x_it.o(i.PendSV_Handler)
    i.Queen                                  0x08000d2c   Section        0  mode.o(i.Queen)
    i.RCC_APB1PeriphClockCmd                 0x08000e84   Section        0  stm32f10x_rcc.o(i.RCC_APB1PeriphClockCmd)
    i.RCC_APB2PeriphClockCmd                 0x08000ea4   Section        0  stm32f10x_rcc.o(i.RCC_APB2PeriphClockCmd)
    i.RCC_GetClocksFreq                      0x08000ec4   Section        0  stm32f10x_rcc.o(i.RCC_GetClocksFreq)
    i.Right                                  0x08000f98   Section        0  mode.o(i.Right)
    i.Rock                                   0x080010b4   Section        0  mode.o(i.Rock)
    i.SVC_Handler                            0x080011bc   Section        0  stm32f10x_it.o(i.SVC_Handler)
    i.SetSysClock                            0x080011be   Section        0  system_stm32f10x.o(i.SetSysClock)
    SetSysClock                              0x080011bf   Thumb Code     8  system_stm32f10x.o(i.SetSysClock)
    i.SetSysClockTo72                        0x080011c8   Section        0  system_stm32f10x.o(i.SetSysClockTo72)
    SetSysClockTo72                          0x080011c9   Thumb Code   214  system_stm32f10x.o(i.SetSysClockTo72)
    i.Sit                                    0x080012a8   Section        0  mode.o(i.Sit)
    i.Sleep                                  0x08001374   Section        0  mode.o(i.Sleep)
    i.SlowStand                              0x08001484   Section        0  mode.o(i.SlowStand)
    i.Stand                                  0x08001560   Section        0  mode.o(i.Stand)
    i.SysTick_Handler                        0x0800162c   Section        0  stm32f10x_it.o(i.SysTick_Handler)
    i.SystemInit                             0x08001630   Section        0  system_stm32f10x.o(i.SystemInit)
    i.TIM3_CH1_Init                          0x08001690   Section        0  leg.o(i.TIM3_CH1_Init)
    i.TIM4_CH1_Init                          0x08001714   Section        0  leg.o(i.TIM4_CH1_Init)
    i.TIM4_CH2_Init                          0x08001798   Section        0  leg.o(i.TIM4_CH2_Init)
    i.TIM4_CH3_Init                          0x0800181c   Section        0  leg.o(i.TIM4_CH3_Init)
    i.TIM4_CH4_Init                          0x080018a0   Section        0  leg.o(i.TIM4_CH4_Init)
    i.TIM_Cmd                                0x08001924   Section        0  stm32f10x_tim.o(i.TIM_Cmd)
    i.TIM_OC1Init                            0x0800193c   Section        0  stm32f10x_tim.o(i.TIM_OC1Init)
    i.TIM_OC1PreloadConfig                   0x080019d4   Section        0  stm32f10x_tim.o(i.TIM_OC1PreloadConfig)
    i.TIM_OC2Init                            0x080019e8   Section        0  stm32f10x_tim.o(i.TIM_OC2Init)
    i.TIM_OC2PreloadConfig                   0x08001a8c   Section        0  stm32f10x_tim.o(i.TIM_OC2PreloadConfig)
    i.TIM_OC3Init                            0x08001aa8   Section        0  stm32f10x_tim.o(i.TIM_OC3Init)
    i.TIM_OC3PreloadConfig                   0x08001b48   Section        0  stm32f10x_tim.o(i.TIM_OC3PreloadConfig)
    i.TIM_OC4Init                            0x08001b5c   Section        0  stm32f10x_tim.o(i.TIM_OC4Init)
    i.TIM_OC4PreloadConfig                   0x08001bd8   Section        0  stm32f10x_tim.o(i.TIM_OC4PreloadConfig)
    i.TIM_SetCompare1                        0x08001bf2   Section        0  stm32f10x_tim.o(i.TIM_SetCompare1)
    i.TIM_SetCompare2                        0x08001bf6   Section        0  stm32f10x_tim.o(i.TIM_SetCompare2)
    i.TIM_SetCompare3                        0x08001bfa   Section        0  stm32f10x_tim.o(i.TIM_SetCompare3)
    i.TIM_SetCompare4                        0x08001bfe   Section        0  stm32f10x_tim.o(i.TIM_SetCompare4)
    i.TIM_TimeBaseInit                       0x08001c04   Section        0  stm32f10x_tim.o(i.TIM_TimeBaseInit)
    i.USART1_IRQHandler                      0x08001ca8   Section        0  usart.o(i.USART1_IRQHandler)
    i.USART1_Init                            0x08001d14   Section        0  usart.o(i.USART1_Init)
    i.USART2_IRQHandler                      0x08001dc0   Section        0  tianwen.o(i.USART2_IRQHandler)
    i.USART2_Init                            0x08001ef8   Section        0  tianwen.o(i.USART2_Init)
    i.USART3_IRQHandler                      0x08001fa4   Section        0  bluetooth.o(i.USART3_IRQHandler)
    i.USART3_Init                            0x080020dc   Section        0  bluetooth.o(i.USART3_Init)
    i.USART_Cmd                              0x08002188   Section        0  stm32f10x_usart.o(i.USART_Cmd)
    i.USART_GetFlagStatus                    0x080021a0   Section        0  stm32f10x_usart.o(i.USART_GetFlagStatus)
    i.USART_GetITStatus                      0x080021ba   Section        0  stm32f10x_usart.o(i.USART_GetITStatus)
    i.USART_ITConfig                         0x0800220e   Section        0  stm32f10x_usart.o(i.USART_ITConfig)
    i.USART_Init                             0x08002258   Section        0  stm32f10x_usart.o(i.USART_Init)
    i.USART_ReceiveData                      0x08002330   Section        0  stm32f10x_usart.o(i.USART_ReceiveData)
    i.USART_SendData                         0x0800233a   Section        0  stm32f10x_usart.o(i.USART_SendData)
    i.UsageFault_Handler                     0x08002342   Section        0  stm32f10x_it.o(i.UsageFault_Handler)
    i.Usart_SendByte                         0x08002348   Section        0  bluetooth.o(i.Usart_SendByte)
    i.dance                                  0x0800237c   Section        0  mode.o(i.dance)
    i.delay_ms                               0x08002704   Section        0  delay.o(i.delay_ms)
    i.delay_us                               0x080027c4   Section        0  delay.o(i.delay_us)
    i.fierce                                 0x08002888   Section        0  mode.o(i.fierce)
    i.laugh                                  0x08002954   Section        0  mode.o(i.laugh)
    i.main                                   0x08002a20   Section        0  main.o(i.main)
    i.pee                                    0x08002b78   Section        0  mode.o(i.pee)
    i.roll                                   0x08002c44   Section        0  mode.o(i.roll)
    i.systick_init                           0x08002d54   Section        0  delay.o(i.systick_init)
    .constdata                               0x08002d98   Section    17550  oled_data.o(.constdata)
    .data                                    0x20000000   Section        8  main.o(.data)
    .data                                    0x20000008   Section       64  mode.o(.data)
    value1                                   0x2000000e   Data           2  mode.o(.data)
    value2                                   0x20000010   Data           2  mode.o(.data)
    a                                        0x20000012   Data           1  mode.o(.data)
    b                                        0x20000013   Data           1  mode.o(.data)
    value                                    0x20000014   Data           2  mode.o(.data)
    direction                                0x20000016   Data           2  mode.o(.data)
    value                                    0x20000018   Data           2  mode.o(.data)
    direction                                0x2000001a   Data           2  mode.o(.data)
    value                                    0x2000001c   Data           2  mode.o(.data)
    direction                                0x2000001e   Data           2  mode.o(.data)
    value                                    0x20000020   Data           2  mode.o(.data)
    direction                                0x20000022   Data           2  mode.o(.data)
    value                                    0x20000024   Data           2  mode.o(.data)
    direction                                0x20000026   Data           2  mode.o(.data)
    value                                    0x20000028   Data           2  mode.o(.data)
    direction                                0x2000002a   Data           2  mode.o(.data)
    value                                    0x2000002c   Data           2  mode.o(.data)
    direction                                0x2000002e   Data           2  mode.o(.data)
    value                                    0x20000030   Data           2  mode.o(.data)
    direction                                0x20000032   Data           2  mode.o(.data)
    value                                    0x20000034   Data           2  mode.o(.data)
    direction                                0x20000036   Data           2  mode.o(.data)
    value                                    0x20000038   Data           2  mode.o(.data)
    direction                                0x2000003a   Data           2  mode.o(.data)
    value                                    0x2000003c   Data           2  mode.o(.data)
    direction                                0x2000003e   Data           2  mode.o(.data)
    value                                    0x20000040   Data           2  mode.o(.data)
    direction                                0x20000042   Data           2  mode.o(.data)
    value                                    0x20000044   Data           2  mode.o(.data)
    direction                                0x20000046   Data           2  mode.o(.data)
    .data                                    0x20000048   Section        8  tianwen.o(.data)
    .data                                    0x20000050   Section       14  bluetooth.o(.data)
    .data                                    0x20000060   Section        8  delay.o(.data)
    .data                                    0x20000068   Section       12  usart.o(.data)
    .data                                    0x20000074   Section       20  stm32f10x_rcc.o(.data)
    APBAHBPrescTable                         0x20000074   Data          16  stm32f10x_rcc.o(.data)
    ADCPrescTable                            0x20000084   Data           4  stm32f10x_rcc.o(.data)
    .bss                                     0x20000088   Section     1024  oled.o(.bss)
    .bss                                     0x20000488   Section      128  usart.o(.bss)
    .bss                                     0x20000508   Section       96  libspace.o(.bss)
    HEAP                                     0x20000568   Section      512  startup_stm32f10x_md.o(HEAP)
    Heap_Mem                                 0x20000568   Data         512  startup_stm32f10x_md.o(HEAP)
    STACK                                    0x20000768   Section     1024  startup_stm32f10x_md.o(STACK)
    Stack_Mem                                0x20000768   Data        1024  startup_stm32f10x_md.o(STACK)
    __initial_sp                             0x20000b68   Data           0  startup_stm32f10x_md.o(STACK)

    Global Symbols

    Symbol Name                              Value     Ov Type        Size  Object(Section)

    BuildAttributes$$THM_ISAv4$P$D$K$B$S$PE$A:L22UL41UL21$X:L11$S22US41US21$IEEE1$IW$USESV6$~STKCKD$USESV7$~SHL$OTIME$ROPI$IEEEX$EBA8$UX$STANDARDLIB$REQ8$PRES8$EABIv2 0x00000000   Number         0  anon$$obj.o ABSOLUTE
    __ARM_use_no_argv                        0x00000000   Number         0  main.o ABSOLUTE
    _printf_flags                            0x00000000   Number         0  printf_stubs.o ABSOLUTE
    _printf_return_value                     0x00000000   Number         0  printf_stubs.o ABSOLUTE
    _printf_sizespec                         0x00000000   Number         0  printf_stubs.o ABSOLUTE
    _printf_widthprec                        0x00000000   Number         0  printf_stubs.o ABSOLUTE
    __ARM_exceptions_init                     - Undefined Weak Reference
    __alloca_initialize                       - Undefined Weak Reference
    __arm_preinit_                            - Undefined Weak Reference
    __cpp_initialize__aeabi_                  - Undefined Weak Reference
    __cxa_finalize                            - Undefined Weak Reference
    __sigvec_lookup                           - Undefined Weak Reference
    _atexit_init                              - Undefined Weak Reference
    _call_atexit_fns                          - Undefined Weak Reference
    _clock_init                               - Undefined Weak Reference
    _fp_trap_init                             - Undefined Weak Reference
    _fp_trap_shutdown                         - Undefined Weak Reference
    _get_lc_collate                           - Undefined Weak Reference
    _get_lc_monetary                          - Undefined Weak Reference
    _get_lc_time                              - Undefined Weak Reference
    _getenv_init                              - Undefined Weak Reference
    _handle_redirection                       - Undefined Weak Reference
    _init_alloc                               - Undefined Weak Reference
    _init_user_alloc                          - Undefined Weak Reference
    _initio                                   - Undefined Weak Reference
    _printf_mbtowc                            - Undefined Weak Reference
    _printf_wc                                - Undefined Weak Reference
    _rand_init                                - Undefined Weak Reference
    _signal_finish                            - Undefined Weak Reference
    _signal_init                              - Undefined Weak Reference
    _terminate_alloc                          - Undefined Weak Reference
    _terminate_user_alloc                     - Undefined Weak Reference
    _terminateio                              - Undefined Weak Reference
    __Vectors_Size                           0x000000ec   Number         0  startup_stm32f10x_md.o ABSOLUTE
    __Vectors                                0x08000000   Data           4  startup_stm32f10x_md.o(RESET)
    __Vectors_End                            0x080000ec   Data           0  startup_stm32f10x_md.o(RESET)
    __main                                   0x080000ed   Thumb Code     8  __main.o(!!!main)
    __scatterload                            0x080000f5   Thumb Code     0  __scatter.o(!!!scatter)
    __scatterload_rt2                        0x080000f5   Thumb Code    44  __scatter.o(!!!scatter)
    __scatterload_rt2_thumb_only             0x080000f5   Thumb Code     0  __scatter.o(!!!scatter)
    __scatterload_null                       0x08000103   Thumb Code     0  __scatter.o(!!!scatter)
    __scatterload_copy                       0x08000129   Thumb Code    26  __scatter_copy.o(!!handler_copy)
    __scatterload_zeroinit                   0x08000145   Thumb Code    28  __scatter_zi.o(!!handler_zi)
    __rt_lib_init                            0x08000161   Thumb Code     0  libinit.o(.ARM.Collect$$libinit$$00000000)
    __rt_lib_init_alloca_1                   0x08000163   Thumb Code     0  libinit2.o(.ARM.Collect$$libinit$$0000002E)
    __rt_lib_init_argv_1                     0x08000163   Thumb Code     0  libinit2.o(.ARM.Collect$$libinit$$0000002C)
    __rt_lib_init_atexit_1                   0x08000163   Thumb Code     0  libinit2.o(.ARM.Collect$$libinit$$0000001B)
    __rt_lib_init_clock_1                    0x08000163   Thumb Code     0  libinit2.o(.ARM.Collect$$libinit$$00000021)
    __rt_lib_init_cpp_1                      0x08000163   Thumb Code     0  libinit2.o(.ARM.Collect$$libinit$$00000032)
    __rt_lib_init_exceptions_1               0x08000163   Thumb Code     0  libinit2.o(.ARM.Collect$$libinit$$00000030)
    __rt_lib_init_fp_1                       0x08000163   Thumb Code     0  libinit2.o(.ARM.Collect$$libinit$$00000002)
    __rt_lib_init_fp_trap_1                  0x08000163   Thumb Code     0  libinit2.o(.ARM.Collect$$libinit$$0000001F)
    __rt_lib_init_getenv_1                   0x08000163   Thumb Code     0  libinit2.o(.ARM.Collect$$libinit$$00000023)
    __rt_lib_init_heap_1                     0x08000163   Thumb Code     0  libinit2.o(.ARM.Collect$$libinit$$0000000A)
    __rt_lib_init_lc_collate_1               0x08000163   Thumb Code     0  libinit2.o(.ARM.Collect$$libinit$$00000011)
    __rt_lib_init_lc_ctype_1                 0x08000163   Thumb Code     0  libinit2.o(.ARM.Collect$$libinit$$00000013)
    __rt_lib_init_lc_monetary_1              0x08000163   Thumb Code     0  libinit2.o(.ARM.Collect$$libinit$$00000015)
    __rt_lib_init_lc_numeric_1               0x08000163   Thumb Code     0  libinit2.o(.ARM.Collect$$libinit$$00000017)
    __rt_lib_init_lc_time_1                  0x08000163   Thumb Code     0  libinit2.o(.ARM.Collect$$libinit$$00000019)
    __rt_lib_init_preinit_1                  0x08000163   Thumb Code     0  libinit2.o(.ARM.Collect$$libinit$$00000004)
    __rt_lib_init_rand_1                     0x08000163   Thumb Code     0  libinit2.o(.ARM.Collect$$libinit$$0000000E)
    __rt_lib_init_return                     0x08000163   Thumb Code     0  libinit2.o(.ARM.Collect$$libinit$$00000033)
    __rt_lib_init_signal_1                   0x08000163   Thumb Code     0  libinit2.o(.ARM.Collect$$libinit$$0000001D)
    __rt_lib_init_stdio_1                    0x08000163   Thumb Code     0  libinit2.o(.ARM.Collect$$libinit$$00000025)
    __rt_lib_init_user_alloc_1               0x08000163   Thumb Code     0  libinit2.o(.ARM.Collect$$libinit$$0000000C)
    __rt_lib_shutdown                        0x08000165   Thumb Code     0  libshutdown.o(.ARM.Collect$$libshutdown$$00000000)
    __rt_lib_shutdown_cpp_1                  0x08000167   Thumb Code     0  libshutdown2.o(.ARM.Collect$$libshutdown$$00000002)
    __rt_lib_shutdown_fp_trap_1              0x08000167   Thumb Code     0  libshutdown2.o(.ARM.Collect$$libshutdown$$00000007)
    __rt_lib_shutdown_heap_1                 0x08000167   Thumb Code     0  libshutdown2.o(.ARM.Collect$$libshutdown$$0000000F)
    __rt_lib_shutdown_return                 0x08000167   Thumb Code     0  libshutdown2.o(.ARM.Collect$$libshutdown$$00000010)
    __rt_lib_shutdown_signal_1               0x08000167   Thumb Code     0  libshutdown2.o(.ARM.Collect$$libshutdown$$0000000A)
    __rt_lib_shutdown_stdio_1                0x08000167   Thumb Code     0  libshutdown2.o(.ARM.Collect$$libshutdown$$00000004)
    __rt_lib_shutdown_user_alloc_1           0x08000167   Thumb Code     0  libshutdown2.o(.ARM.Collect$$libshutdown$$0000000C)
    __rt_entry                               0x08000169   Thumb Code     0  __rtentry.o(.ARM.Collect$$rtentry$$00000000)
    __rt_entry_presh_1                       0x08000169   Thumb Code     0  __rtentry2.o(.ARM.Collect$$rtentry$$00000002)
    __rt_entry_sh                            0x08000169   Thumb Code     0  __rtentry4.o(.ARM.Collect$$rtentry$$00000004)
    __rt_entry_li                            0x0800016f   Thumb Code     0  __rtentry2.o(.ARM.Collect$$rtentry$$0000000A)
    __rt_entry_postsh_1                      0x0800016f   Thumb Code     0  __rtentry2.o(.ARM.Collect$$rtentry$$00000009)
    __rt_entry_main                          0x08000173   Thumb Code     0  __rtentry2.o(.ARM.Collect$$rtentry$$0000000D)
    __rt_entry_postli_1                      0x08000173   Thumb Code     0  __rtentry2.o(.ARM.Collect$$rtentry$$0000000C)
    __rt_exit                                0x0800017b   Thumb Code     0  rtexit.o(.ARM.Collect$$rtexit$$00000000)
    __rt_exit_ls                             0x0800017d   Thumb Code     0  rtexit2.o(.ARM.Collect$$rtexit$$00000003)
    __rt_exit_prels_1                        0x0800017d   Thumb Code     0  rtexit2.o(.ARM.Collect$$rtexit$$00000002)
    __rt_exit_exit                           0x08000181   Thumb Code     0  rtexit2.o(.ARM.Collect$$rtexit$$00000004)
    Reset_Handler                            0x08000189   Thumb Code     8  startup_stm32f10x_md.o(.text)
    ADC1_2_IRQHandler                        0x080001a3   Thumb Code     0  startup_stm32f10x_md.o(.text)
    CAN1_RX1_IRQHandler                      0x080001a3   Thumb Code     0  startup_stm32f10x_md.o(.text)
    CAN1_SCE_IRQHandler                      0x080001a3   Thumb Code     0  startup_stm32f10x_md.o(.text)
    DMA1_Channel1_IRQHandler                 0x080001a3   Thumb Code     0  startup_stm32f10x_md.o(.text)
    DMA1_Channel2_IRQHandler                 0x080001a3   Thumb Code     0  startup_stm32f10x_md.o(.text)
    DMA1_Channel3_IRQHandler                 0x080001a3   Thumb Code     0  startup_stm32f10x_md.o(.text)
    DMA1_Channel4_IRQHandler                 0x080001a3   Thumb Code     0  startup_stm32f10x_md.o(.text)
    DMA1_Channel5_IRQHandler                 0x080001a3   Thumb Code     0  startup_stm32f10x_md.o(.text)
    DMA1_Channel6_IRQHandler                 0x080001a3   Thumb Code     0  startup_stm32f10x_md.o(.text)
    DMA1_Channel7_IRQHandler                 0x080001a3   Thumb Code     0  startup_stm32f10x_md.o(.text)
    EXTI0_IRQHandler                         0x080001a3   Thumb Code     0  startup_stm32f10x_md.o(.text)
    EXTI15_10_IRQHandler                     0x080001a3   Thumb Code     0  startup_stm32f10x_md.o(.text)
    EXTI1_IRQHandler                         0x080001a3   Thumb Code     0  startup_stm32f10x_md.o(.text)
    EXTI2_IRQHandler                         0x080001a3   Thumb Code     0  startup_stm32f10x_md.o(.text)
    EXTI3_IRQHandler                         0x080001a3   Thumb Code     0  startup_stm32f10x_md.o(.text)
    EXTI4_IRQHandler                         0x080001a3   Thumb Code     0  startup_stm32f10x_md.o(.text)
    EXTI9_5_IRQHandler                       0x080001a3   Thumb Code     0  startup_stm32f10x_md.o(.text)
    FLASH_IRQHandler                         0x080001a3   Thumb Code     0  startup_stm32f10x_md.o(.text)
    I2C1_ER_IRQHandler                       0x080001a3   Thumb Code     0  startup_stm32f10x_md.o(.text)
    I2C1_EV_IRQHandler                       0x080001a3   Thumb Code     0  startup_stm32f10x_md.o(.text)
    I2C2_ER_IRQHandler                       0x080001a3   Thumb Code     0  startup_stm32f10x_md.o(.text)
    I2C2_EV_IRQHandler                       0x080001a3   Thumb Code     0  startup_stm32f10x_md.o(.text)
    PVD_IRQHandler                           0x080001a3   Thumb Code     0  startup_stm32f10x_md.o(.text)
    RCC_IRQHandler                           0x080001a3   Thumb Code     0  startup_stm32f10x_md.o(.text)
    RTCAlarm_IRQHandler                      0x080001a3   Thumb Code     0  startup_stm32f10x_md.o(.text)
    RTC_IRQHandler                           0x080001a3   Thumb Code     0  startup_stm32f10x_md.o(.text)
    SPI1_IRQHandler                          0x080001a3   Thumb Code     0  startup_stm32f10x_md.o(.text)
    SPI2_IRQHandler                          0x080001a3   Thumb Code     0  startup_stm32f10x_md.o(.text)
    TAMPER_IRQHandler                        0x080001a3   Thumb Code     0  startup_stm32f10x_md.o(.text)
    TIM1_BRK_IRQHandler                      0x080001a3   Thumb Code     0  startup_stm32f10x_md.o(.text)
    TIM1_CC_IRQHandler                       0x080001a3   Thumb Code     0  startup_stm32f10x_md.o(.text)
    TIM1_TRG_COM_IRQHandler                  0x080001a3   Thumb Code     0  startup_stm32f10x_md.o(.text)
    TIM1_UP_IRQHandler                       0x080001a3   Thumb Code     0  startup_stm32f10x_md.o(.text)
    TIM2_IRQHandler                          0x080001a3   Thumb Code     0  startup_stm32f10x_md.o(.text)
    TIM3_IRQHandler                          0x080001a3   Thumb Code     0  startup_stm32f10x_md.o(.text)
    TIM4_IRQHandler                          0x080001a3   Thumb Code     0  startup_stm32f10x_md.o(.text)
    USBWakeUp_IRQHandler                     0x080001a3   Thumb Code     0  startup_stm32f10x_md.o(.text)
    USB_HP_CAN1_TX_IRQHandler                0x080001a3   Thumb Code     0  startup_stm32f10x_md.o(.text)
    USB_LP_CAN1_RX0_IRQHandler               0x080001a3   Thumb Code     0  startup_stm32f10x_md.o(.text)
    WWDG_IRQHandler                          0x080001a3   Thumb Code     0  startup_stm32f10x_md.o(.text)
    __user_initial_stackheap                 0x080001a5   Thumb Code     0  startup_stm32f10x_md.o(.text)
    __use_two_region_memory                  0x080001c9   Thumb Code     2  heapauxi.o(.text)
    __rt_heap_escrow$2region                 0x080001cb   Thumb Code     2  heapauxi.o(.text)
    __rt_heap_expand$2region                 0x080001cd   Thumb Code     2  heapauxi.o(.text)
    __user_libspace                          0x080001d1   Thumb Code     8  libspace.o(.text)
    __user_perproc_libspace                  0x080001d1   Thumb Code     0  libspace.o(.text)
    __user_perthread_libspace                0x080001d1   Thumb Code     0  libspace.o(.text)
    __user_setup_stackheap                   0x080001d9   Thumb Code    74  sys_stackheap_outer.o(.text)
    exit                                     0x08000223   Thumb Code    18  exit.o(.text)
    _sys_exit                                0x08000235   Thumb Code     8  sys_exit.o(.text)
    __I$use$semihosting                      0x08000241   Thumb Code     0  use_no_semi.o(.text)
    __use_no_semihosting_swi                 0x08000241   Thumb Code     2  use_no_semi.o(.text)
    __semihosting_library_function           0x08000243   Thumb Code     0  indicate_semi.o(.text)
    Advance                                  0x08000245   Thumb Code   322  mode.o(i.Advance)
    BusFault_Handler                         0x0800039d   Thumb Code     4  stm32f10x_it.o(i.BusFault_Handler)
    DebugMon_Handler                         0x080003a1   Thumb Code     2  stm32f10x_it.o(i.DebugMon_Handler)
    For                                      0x080003a5   Thumb Code   290  mode.o(i.For)
    GPIO_Init                                0x080004d1   Thumb Code   278  stm32f10x_gpio.o(i.GPIO_Init)
    GPIO_SetBits                             0x080005e7   Thumb Code     4  stm32f10x_gpio.o(i.GPIO_SetBits)
    GPIO_WriteBit                            0x080005eb   Thumb Code    10  stm32f10x_gpio.o(i.GPIO_WriteBit)
    Handshake                                0x080005f5   Thumb Code   210  mode.o(i.Handshake)
    HardFault_Handler                        0x080006e1   Thumb Code     4  stm32f10x_it.o(i.HardFault_Handler)
    Hidden_Action                            0x080006e5   Thumb Code   120  mode.o(i.Hidden_Action)
    LED_Init                                 0x08000765   Thumb Code    50  led.o(i.LED_Init)
    Left                                     0x0800079d   Thumb Code   264  mode.o(i.Left)
    MemManage_Handler                        0x080008b9   Thumb Code     4  stm32f10x_it.o(i.MemManage_Handler)
    NMI_Handler                              0x080008bd   Thumb Code     2  stm32f10x_it.o(i.NMI_Handler)
    NVIC_Init                                0x080008c1   Thumb Code   100  misc.o(i.NVIC_Init)
    NVIC_PriorityGroupConfig                 0x08000931   Thumb Code    10  misc.o(i.NVIC_PriorityGroupConfig)
    OLED_Clear                               0x08000945   Thumb Code    36  oled.o(i.OLED_Clear)
    OLED_ClearArea                           0x0800096d   Thumb Code   140  oled.o(i.OLED_ClearArea)
    OLED_GPIO_Init                           0x080009fd   Thumb Code    92  oled.o(i.OLED_GPIO_Init)
    OLED_I2C_SendByte                        0x08000a5d   Thumb Code    62  oled.o(i.OLED_I2C_SendByte)
    OLED_I2C_Start                           0x08000a9b   Thumb Code    28  oled.o(i.OLED_I2C_Start)
    OLED_I2C_Stop                            0x08000ab7   Thumb Code    22  oled.o(i.OLED_I2C_Stop)
    OLED_Init                                0x08000acd   Thumb Code   154  oled.o(i.OLED_Init)
    OLED_SetCursor                           0x08000b67   Thumb Code    34  oled.o(i.OLED_SetCursor)
    OLED_ShowImage                           0x08000b89   Thumb Code   248  oled.o(i.OLED_ShowImage)
    OLED_Update                              0x08000c85   Thumb Code    36  oled.o(i.OLED_Update)
    OLED_W_SCL                               0x08000cad   Thumb Code    18  oled.o(i.OLED_W_SCL)
    OLED_W_SDA                               0x08000cc5   Thumb Code    18  oled.o(i.OLED_W_SDA)
    OLED_WriteCommand                        0x08000cdd   Thumb Code    32  oled.o(i.OLED_WriteCommand)
    OLED_WriteData                           0x08000cfd   Thumb Code    46  oled.o(i.OLED_WriteData)
    PendSV_Handler                           0x08000d2b   Thumb Code     2  stm32f10x_it.o(i.PendSV_Handler)
    Queen                                    0x08000d2d   Thumb Code   322  mode.o(i.Queen)
    RCC_APB1PeriphClockCmd                   0x08000e85   Thumb Code    26  stm32f10x_rcc.o(i.RCC_APB1PeriphClockCmd)
    RCC_APB2PeriphClockCmd                   0x08000ea5   Thumb Code    26  stm32f10x_rcc.o(i.RCC_APB2PeriphClockCmd)
    RCC_GetClocksFreq                        0x08000ec5   Thumb Code   192  stm32f10x_rcc.o(i.RCC_GetClocksFreq)
    Right                                    0x08000f99   Thumb Code   264  mode.o(i.Right)
    Rock                                     0x080010b5   Thumb Code   244  mode.o(i.Rock)
    SVC_Handler                              0x080011bd   Thumb Code     2  stm32f10x_it.o(i.SVC_Handler)
    Sit                                      0x080012a9   Thumb Code   178  mode.o(i.Sit)
    Sleep                                    0x08001375   Thumb Code   240  mode.o(i.Sleep)
    SlowStand                                0x08001485   Thumb Code   200  mode.o(i.SlowStand)
    Stand                                    0x08001561   Thumb Code   178  mode.o(i.Stand)
    SysTick_Handler                          0x0800162d   Thumb Code     2  stm32f10x_it.o(i.SysTick_Handler)
    SystemInit                               0x08001631   Thumb Code    78  system_stm32f10x.o(i.SystemInit)
    TIM3_CH1_Init                            0x08001691   Thumb Code   122  leg.o(i.TIM3_CH1_Init)
    TIM4_CH1_Init                            0x08001715   Thumb Code   122  leg.o(i.TIM4_CH1_Init)
    TIM4_CH2_Init                            0x08001799   Thumb Code   124  leg.o(i.TIM4_CH2_Init)
    TIM4_CH3_Init                            0x0800181d   Thumb Code   124  leg.o(i.TIM4_CH3_Init)
    TIM4_CH4_Init                            0x080018a1   Thumb Code   122  leg.o(i.TIM4_CH4_Init)
    TIM_Cmd                                  0x08001925   Thumb Code    24  stm32f10x_tim.o(i.TIM_Cmd)
    TIM_OC1Init                              0x0800193d   Thumb Code   132  stm32f10x_tim.o(i.TIM_OC1Init)
    TIM_OC1PreloadConfig                     0x080019d5   Thumb Code    18  stm32f10x_tim.o(i.TIM_OC1PreloadConfig)
    TIM_OC2Init                              0x080019e9   Thumb Code   154  stm32f10x_tim.o(i.TIM_OC2Init)
    TIM_OC2PreloadConfig                     0x08001a8d   Thumb Code    26  stm32f10x_tim.o(i.TIM_OC2PreloadConfig)
    TIM_OC3Init                              0x08001aa9   Thumb Code   150  stm32f10x_tim.o(i.TIM_OC3Init)
    TIM_OC3PreloadConfig                     0x08001b49   Thumb Code    18  stm32f10x_tim.o(i.TIM_OC3PreloadConfig)
    TIM_OC4Init                              0x08001b5d   Thumb Code   114  stm32f10x_tim.o(i.TIM_OC4Init)
    TIM_OC4PreloadConfig                     0x08001bd9   Thumb Code    26  stm32f10x_tim.o(i.TIM_OC4PreloadConfig)
    TIM_SetCompare1                          0x08001bf3   Thumb Code     4  stm32f10x_tim.o(i.TIM_SetCompare1)
    TIM_SetCompare2                          0x08001bf7   Thumb Code     4  stm32f10x_tim.o(i.TIM_SetCompare2)
    TIM_SetCompare3                          0x08001bfb   Thumb Code     4  stm32f10x_tim.o(i.TIM_SetCompare3)
    TIM_SetCompare4                          0x08001bff   Thumb Code     6  stm32f10x_tim.o(i.TIM_SetCompare4)
    TIM_TimeBaseInit                         0x08001c05   Thumb Code   122  stm32f10x_tim.o(i.TIM_TimeBaseInit)
    USART1_IRQHandler                        0x08001ca9   Thumb Code    88  usart.o(i.USART1_IRQHandler)
    USART1_Init                              0x08001d15   Thumb Code   164  usart.o(i.USART1_Init)
    USART2_IRQHandler                        0x08001dc1   Thumb Code   294  tianwen.o(i.USART2_IRQHandler)
    USART2_Init                              0x08001ef9   Thumb Code   162  tianwen.o(i.USART2_Init)
    USART3_IRQHandler                        0x08001fa5   Thumb Code   290  bluetooth.o(i.USART3_IRQHandler)
    USART3_Init                              0x080020dd   Thumb Code   164  bluetooth.o(i.USART3_Init)
    USART_Cmd                                0x08002189   Thumb Code    24  stm32f10x_usart.o(i.USART_Cmd)
    USART_GetFlagStatus                      0x080021a1   Thumb Code    26  stm32f10x_usart.o(i.USART_GetFlagStatus)
    USART_GetITStatus                        0x080021bb   Thumb Code    84  stm32f10x_usart.o(i.USART_GetITStatus)
    USART_ITConfig                           0x0800220f   Thumb Code    74  stm32f10x_usart.o(i.USART_ITConfig)
    USART_Init                               0x08002259   Thumb Code   210  stm32f10x_usart.o(i.USART_Init)
    USART_ReceiveData                        0x08002331   Thumb Code    10  stm32f10x_usart.o(i.USART_ReceiveData)
    USART_SendData                           0x0800233b   Thumb Code     8  stm32f10x_usart.o(i.USART_SendData)
    UsageFault_Handler                       0x08002343   Thumb Code     4  stm32f10x_it.o(i.UsageFault_Handler)
    Usart_SendByte                           0x08002349   Thumb Code    46  bluetooth.o(i.Usart_SendByte)
    dance                                    0x0800237d   Thumb Code   882  mode.o(i.dance)
    delay_ms                                 0x08002705   Thumb Code   188  delay.o(i.delay_ms)
    delay_us                                 0x080027c5   Thumb Code   190  delay.o(i.delay_us)
    fierce                                   0x08002889   Thumb Code   186  mode.o(i.fierce)
    laugh                                    0x08002955   Thumb Code   178  mode.o(i.laugh)
    main                                     0x08002a21   Thumb Code   338  main.o(i.main)
    pee                                      0x08002b79   Thumb Code   178  mode.o(i.pee)
    roll                                     0x08002c45   Thumb Code   238  mode.o(i.roll)
    systick_init                             0x08002d55   Thumb Code    54  delay.o(i.systick_init)
    OLED_F8x16                               0x08002d98   Data        1520  oled_data.o(.constdata)
    OLED_F6x8                                0x08003388   Data         570  oled_data.o(.constdata)
    OLED_CF16x16                             0x080035c2   Data         455  oled_data.o(.constdata)
    Diode                                    0x08003789   Data          32  oled_data.o(.constdata)
    Eye1                                     0x080037a9   Data         100  oled_data.o(.constdata)
    Eye2                                     0x0800380d   Data          25  oled_data.o(.constdata)
    BMP1                                     0x08003826   Data        1024  oled_data.o(.constdata)
    BMP2                                     0x08003c26   Data        1024  oled_data.o(.constdata)
    BMP4                                     0x08004026   Data        1024  oled_data.o(.constdata)
    BMP3                                     0x08004426   Data        1024  oled_data.o(.constdata)
    BMP5                                     0x08004826   Data        1024  oled_data.o(.constdata)
    BMP6                                     0x08004c26   Data        1024  oled_data.o(.constdata)
    BMP7                                     0x08005026   Data        1024  oled_data.o(.constdata)
    BMP8                                     0x08005426   Data        1024  oled_data.o(.constdata)
    BMP9                                     0x08005826   Data        1024  oled_data.o(.constdata)
    BMP10                                    0x08005c26   Data        1024  oled_data.o(.constdata)
    BMP11                                    0x08006026   Data        1024  oled_data.o(.constdata)
    BMP12_1                                  0x08006426   Data         512  oled_data.o(.constdata)
    BMP12_2                                  0x08006626   Data         512  oled_data.o(.constdata)
    BMP13_1                                  0x08006826   Data         512  oled_data.o(.constdata)
    BMP13_2                                  0x08006a26   Data         512  oled_data.o(.constdata)
    BMP14                                    0x08006c26   Data         512  oled_data.o(.constdata)
    BMP15                                    0x08006e26   Data        1024  oled_data.o(.constdata)
    Region$$Table$$Base                      0x08007228   Number         0  anon$$obj.o(Region$$Table)
    Region$$Table$$Limit                     0x08007248   Number         0  anon$$obj.o(Region$$Table)
    USART1_Sign                              0x20000000   Data           1  main.o(.data)
    Sign                                     0x20000004   Data           4  main.o(.data)
    count                                    0x20000008   Data           2  mode.o(.data)
    delay                                    0x2000000a   Data           2  mode.o(.data)
    oled_counter                             0x2000000c   Data           2  mode.o(.data)
    USART2_Res                               0x20000048   Data           2  tianwen.o(.data)
    USART2_Res2                              0x2000004a   Data           2  tianwen.o(.data)
    USART2_Sign                              0x2000004c   Data           4  tianwen.o(.data)
    Sign1                                    0x20000050   Data           1  bluetooth.o(.data)
    USART3_Sign                              0x20000054   Data           4  bluetooth.o(.data)
    Blue_data                                0x20000058   Data           6  bluetooth.o(.data)
    fac_ms                                   0x20000060   Data           4  delay.o(.data)
    fac_us                                   0x20000064   Data           4  delay.o(.data)
    usart1_rcv_index                         0x20000068   Data           4  usart.o(.data)
    usart1_get_index                         0x2000006c   Data           4  usart.o(.data)
    usart1_idle_flag                         0x20000070   Data           4  usart.o(.data)
    OLED_DisplayBuf                          0x20000088   Data        1024  oled.o(.bss)
    usart1_recv_buf                          0x20000488   Data         128  usart.o(.bss)
    __libspace_start                         0x20000508   Data          96  libspace.o(.bss)
    __temporary_stack_top$libspace           0x20000568   Data           0  libspace.o(.bss)



==============================================================================

Memory Map of the image

  Image Entry point : 0x08000189

  Load Region LR_1 (Base: 0x08000000, Size: 0x000072d0, Max: 0xffffffff, ABSOLUTE)

    Execution Region ER_RO (Base: 0x08000000, Size: 0x00007248, Max: 0xffffffff, ABSOLUTE)

    Base Addr    Size         Type   Attr      Idx    E Section Name        Object

    0x08000000   0x000000ec   Data   RO          871    RESET               startup_stm32f10x_md.o
    0x080000ec   0x00000008   Code   RO         3851  * !!!main             c_w.l(__main.o)
    0x080000f4   0x00000034   Code   RO         4282    !!!scatter          c_w.l(__scatter.o)
    0x08000128   0x0000001a   Code   RO         4284    !!handler_copy      c_w.l(__scatter_copy.o)
    0x08000142   0x00000002   PAD
    0x08000144   0x0000001c   Code   RO         4286    !!handler_zi        c_w.l(__scatter_zi.o)
    0x08000160   0x00000002   Code   RO         4144    .ARM.Collect$$libinit$$00000000  c_w.l(libinit.o)
    0x08000162   0x00000000   Code   RO         4155    .ARM.Collect$$libinit$$00000002  c_w.l(libinit2.o)
    0x08000162   0x00000000   Code   RO         4157    .ARM.Collect$$libinit$$00000004  c_w.l(libinit2.o)
    0x08000162   0x00000000   Code   RO         4160    .ARM.Collect$$libinit$$0000000A  c_w.l(libinit2.o)
    0x08000162   0x00000000   Code   RO         4162    .ARM.Collect$$libinit$$0000000C  c_w.l(libinit2.o)
    0x08000162   0x00000000   Code   RO         4164    .ARM.Collect$$libinit$$0000000E  c_w.l(libinit2.o)
    0x08000162   0x00000000   Code   RO         4167    .ARM.Collect$$libinit$$00000011  c_w.l(libinit2.o)
    0x08000162   0x00000000   Code   RO         4169    .ARM.Collect$$libinit$$00000013  c_w.l(libinit2.o)
    0x08000162   0x00000000   Code   RO         4171    .ARM.Collect$$libinit$$00000015  c_w.l(libinit2.o)
    0x08000162   0x00000000   Code   RO         4173    .ARM.Collect$$libinit$$00000017  c_w.l(libinit2.o)
    0x08000162   0x00000000   Code   RO         4175    .ARM.Collect$$libinit$$00000019  c_w.l(libinit2.o)
    0x08000162   0x00000000   Code   RO         4177    .ARM.Collect$$libinit$$0000001B  c_w.l(libinit2.o)
    0x08000162   0x00000000   Code   RO         4179    .ARM.Collect$$libinit$$0000001D  c_w.l(libinit2.o)
    0x08000162   0x00000000   Code   RO         4181    .ARM.Collect$$libinit$$0000001F  c_w.l(libinit2.o)
    0x08000162   0x00000000   Code   RO         4183    .ARM.Collect$$libinit$$00000021  c_w.l(libinit2.o)
    0x08000162   0x00000000   Code   RO         4185    .ARM.Collect$$libinit$$00000023  c_w.l(libinit2.o)
    0x08000162   0x00000000   Code   RO         4187    .ARM.Collect$$libinit$$00000025  c_w.l(libinit2.o)
    0x08000162   0x00000000   Code   RO         4191    .ARM.Collect$$libinit$$0000002C  c_w.l(libinit2.o)
    0x08000162   0x00000000   Code   RO         4193    .ARM.Collect$$libinit$$0000002E  c_w.l(libinit2.o)
    0x08000162   0x00000000   Code   RO         4195    .ARM.Collect$$libinit$$00000030  c_w.l(libinit2.o)
    0x08000162   0x00000000   Code   RO         4197    .ARM.Collect$$libinit$$00000032  c_w.l(libinit2.o)
    0x08000162   0x00000002   Code   RO         4198    .ARM.Collect$$libinit$$00000033  c_w.l(libinit2.o)
    0x08000164   0x00000002   Code   RO         4222    .ARM.Collect$$libshutdown$$00000000  c_w.l(libshutdown.o)
    0x08000166   0x00000000   Code   RO         4235    .ARM.Collect$$libshutdown$$00000002  c_w.l(libshutdown2.o)
    0x08000166   0x00000000   Code   RO         4237    .ARM.Collect$$libshutdown$$00000004  c_w.l(libshutdown2.o)
    0x08000166   0x00000000   Code   RO         4240    .ARM.Collect$$libshutdown$$00000007  c_w.l(libshutdown2.o)
    0x08000166   0x00000000   Code   RO         4243    .ARM.Collect$$libshutdown$$0000000A  c_w.l(libshutdown2.o)
    0x08000166   0x00000000   Code   RO         4245    .ARM.Collect$$libshutdown$$0000000C  c_w.l(libshutdown2.o)
    0x08000166   0x00000000   Code   RO         4248    .ARM.Collect$$libshutdown$$0000000F  c_w.l(libshutdown2.o)
    0x08000166   0x00000002   Code   RO         4249    .ARM.Collect$$libshutdown$$00000010  c_w.l(libshutdown2.o)
    0x08000168   0x00000000   Code   RO         3909    .ARM.Collect$$rtentry$$00000000  c_w.l(__rtentry.o)
    0x08000168   0x00000000   Code   RO         4052    .ARM.Collect$$rtentry$$00000002  c_w.l(__rtentry2.o)
    0x08000168   0x00000006   Code   RO         4064    .ARM.Collect$$rtentry$$00000004  c_w.l(__rtentry4.o)
    0x0800016e   0x00000000   Code   RO         4054    .ARM.Collect$$rtentry$$00000009  c_w.l(__rtentry2.o)
    0x0800016e   0x00000004   Code   RO         4055    .ARM.Collect$$rtentry$$0000000A  c_w.l(__rtentry2.o)
    0x08000172   0x00000000   Code   RO         4057    .ARM.Collect$$rtentry$$0000000C  c_w.l(__rtentry2.o)
    0x08000172   0x00000008   Code   RO         4058    .ARM.Collect$$rtentry$$0000000D  c_w.l(__rtentry2.o)
    0x0800017a   0x00000002   Code   RO         4149    .ARM.Collect$$rtexit$$00000000  c_w.l(rtexit.o)
    0x0800017c   0x00000000   Code   RO         4202    .ARM.Collect$$rtexit$$00000002  c_w.l(rtexit2.o)
    0x0800017c   0x00000004   Code   RO         4203    .ARM.Collect$$rtexit$$00000003  c_w.l(rtexit2.o)
    0x08000180   0x00000006   Code   RO         4204    .ARM.Collect$$rtexit$$00000004  c_w.l(rtexit2.o)
    0x08000186   0x00000002   PAD
    0x08000188   0x00000040   Code   RO          872  * .text               startup_stm32f10x_md.o
    0x080001c8   0x00000006   Code   RO         3849    .text               c_w.l(heapauxi.o)
    0x080001ce   0x00000002   PAD
    0x080001d0   0x00000008   Code   RO         4095    .text               c_w.l(libspace.o)
    0x080001d8   0x0000004a   Code   RO         4098    .text               c_w.l(sys_stackheap_outer.o)
    0x08000222   0x00000012   Code   RO         4137    .text               c_w.l(exit.o)
    0x08000234   0x0000000c   Code   RO         4214    .text               c_w.l(sys_exit.o)
    0x08000240   0x00000002   Code   RO         4225    .text               c_w.l(use_no_semi.o)
    0x08000242   0x00000000   Code   RO         4227    .text               c_w.l(indicate_semi.o)
    0x08000242   0x00000002   PAD
    0x08000244   0x00000158   Code   RO          589    i.Advance           mode.o
    0x0800039c   0x00000004   Code   RO          158    i.BusFault_Handler  stm32f10x_it.o
    0x080003a0   0x00000002   Code   RO          159    i.DebugMon_Handler  stm32f10x_it.o
    0x080003a2   0x00000002   PAD
    0x080003a4   0x0000012c   Code   RO          590    i.For               mode.o
    0x080004d0   0x00000116   Code   RO          918    i.GPIO_Init         stm32f10x_gpio.o
    0x080005e6   0x00000004   Code   RO          926    i.GPIO_SetBits      stm32f10x_gpio.o
    0x080005ea   0x0000000a   Code   RO          929    i.GPIO_WriteBit     stm32f10x_gpio.o
    0x080005f4   0x000000ec   Code   RO          591    i.Handshake         mode.o
    0x080006e0   0x00000004   Code   RO          160    i.HardFault_Handler  stm32f10x_it.o
    0x080006e4   0x00000080   Code   RO          592    i.Hidden_Action     mode.o
    0x08000764   0x00000038   Code   RO          255    i.LED_Init          led.o
    0x0800079c   0x0000011c   Code   RO          593    i.Left              mode.o
    0x080008b8   0x00000004   Code   RO          161    i.MemManage_Handler  stm32f10x_it.o
    0x080008bc   0x00000002   Code   RO          162    i.NMI_Handler       stm32f10x_it.o
    0x080008be   0x00000002   PAD
    0x080008c0   0x00000070   Code   RO          876    i.NVIC_Init         misc.o
    0x08000930   0x00000014   Code   RO          877    i.NVIC_PriorityGroupConfig  misc.o
    0x08000944   0x00000028   Code   RO          309    i.OLED_Clear        oled.o
    0x0800096c   0x00000090   Code   RO          310    i.OLED_ClearArea    oled.o
    0x080009fc   0x00000060   Code   RO          317    i.OLED_GPIO_Init    oled.o
    0x08000a5c   0x0000003e   Code   RO          319    i.OLED_I2C_SendByte  oled.o
    0x08000a9a   0x0000001c   Code   RO          320    i.OLED_I2C_Start    oled.o
    0x08000ab6   0x00000016   Code   RO          321    i.OLED_I2C_Stop     oled.o
    0x08000acc   0x0000009a   Code   RO          322    i.OLED_Init         oled.o
    0x08000b66   0x00000022   Code   RO          328    i.OLED_SetCursor    oled.o
    0x08000b88   0x000000fc   Code   RO          334    i.OLED_ShowImage    oled.o
    0x08000c84   0x00000028   Code   RO          338    i.OLED_Update       oled.o
    0x08000cac   0x00000018   Code   RO          340    i.OLED_W_SCL        oled.o
    0x08000cc4   0x00000018   Code   RO          341    i.OLED_W_SDA        oled.o
    0x08000cdc   0x00000020   Code   RO          342    i.OLED_WriteCommand  oled.o
    0x08000cfc   0x0000002e   Code   RO          343    i.OLED_WriteData    oled.o
    0x08000d2a   0x00000002   Code   RO          163    i.PendSV_Handler    stm32f10x_it.o
    0x08000d2c   0x00000158   Code   RO          594    i.Queen             mode.o
    0x08000e84   0x00000020   Code   RO         1052    i.RCC_APB1PeriphClockCmd  stm32f10x_rcc.o
    0x08000ea4   0x00000020   Code   RO         1054    i.RCC_APB2PeriphClockCmd  stm32f10x_rcc.o
    0x08000ec4   0x000000d4   Code   RO         1062    i.RCC_GetClocksFreq  stm32f10x_rcc.o
    0x08000f98   0x0000011c   Code   RO          595    i.Right             mode.o
    0x080010b4   0x00000108   Code   RO          596    i.Rock              mode.o
    0x080011bc   0x00000002   Code   RO          164    i.SVC_Handler       stm32f10x_it.o
    0x080011be   0x00000008   Code   RO          221    i.SetSysClock       system_stm32f10x.o
    0x080011c6   0x00000002   PAD
    0x080011c8   0x000000e0   Code   RO          222    i.SetSysClockTo72   system_stm32f10x.o
    0x080012a8   0x000000cc   Code   RO          597    i.Sit               mode.o
    0x08001374   0x00000110   Code   RO          598    i.Sleep             mode.o
    0x08001484   0x000000dc   Code   RO          599    i.SlowStand         mode.o
    0x08001560   0x000000cc   Code   RO          600    i.Stand             mode.o
    0x0800162c   0x00000002   Code   RO          165    i.SysTick_Handler   stm32f10x_it.o
    0x0800162e   0x00000002   PAD
    0x08001630   0x00000060   Code   RO          224    i.SystemInit        system_stm32f10x.o
    0x08001690   0x00000084   Code   RO          553    i.TIM3_CH1_Init     leg.o
    0x08001714   0x00000084   Code   RO          554    i.TIM4_CH1_Init     leg.o
    0x08001798   0x00000084   Code   RO          555    i.TIM4_CH2_Init     leg.o
    0x0800181c   0x00000084   Code   RO          556    i.TIM4_CH3_Init     leg.o
    0x080018a0   0x00000084   Code   RO          557    i.TIM4_CH4_Init     leg.o
    0x08001924   0x00000018   Code   RO         3257    i.TIM_Cmd           stm32f10x_tim.o
    0x0800193c   0x00000098   Code   RO         3286    i.TIM_OC1Init       stm32f10x_tim.o
    0x080019d4   0x00000012   Code   RO         3289    i.TIM_OC1PreloadConfig  stm32f10x_tim.o
    0x080019e6   0x00000002   PAD
    0x080019e8   0x000000a4   Code   RO         3291    i.TIM_OC2Init       stm32f10x_tim.o
    0x08001a8c   0x0000001a   Code   RO         3294    i.TIM_OC2PreloadConfig  stm32f10x_tim.o
    0x08001aa6   0x00000002   PAD
    0x08001aa8   0x000000a0   Code   RO         3296    i.TIM_OC3Init       stm32f10x_tim.o
    0x08001b48   0x00000012   Code   RO         3299    i.TIM_OC3PreloadConfig  stm32f10x_tim.o
    0x08001b5a   0x00000002   PAD
    0x08001b5c   0x0000007c   Code   RO         3301    i.TIM_OC4Init       stm32f10x_tim.o
    0x08001bd8   0x0000001a   Code   RO         3303    i.TIM_OC4PreloadConfig  stm32f10x_tim.o
    0x08001bf2   0x00000004   Code   RO         3318    i.TIM_SetCompare1   stm32f10x_tim.o
    0x08001bf6   0x00000004   Code   RO         3319    i.TIM_SetCompare2   stm32f10x_tim.o
    0x08001bfa   0x00000004   Code   RO         3320    i.TIM_SetCompare3   stm32f10x_tim.o
    0x08001bfe   0x00000006   Code   RO         3321    i.TIM_SetCompare4   stm32f10x_tim.o
    0x08001c04   0x000000a4   Code   RO         3328    i.TIM_TimeBaseInit  stm32f10x_tim.o
    0x08001ca8   0x0000006c   Code   RO          813    i.USART1_IRQHandler  usart.o
    0x08001d14   0x000000ac   Code   RO          814    i.USART1_Init       usart.o
    0x08001dc0   0x00000138   Code   RO          703    i.USART2_IRQHandler  tianwen.o
    0x08001ef8   0x000000ac   Code   RO          704    i.USART2_Init       tianwen.o
    0x08001fa4   0x00000138   Code   RO          727    i.USART3_IRQHandler  bluetooth.o
    0x080020dc   0x000000ac   Code   RO          728    i.USART3_Init       bluetooth.o
    0x08002188   0x00000018   Code   RO         1254    i.USART_Cmd         stm32f10x_usart.o
    0x080021a0   0x0000001a   Code   RO         1257    i.USART_GetFlagStatus  stm32f10x_usart.o
    0x080021ba   0x00000054   Code   RO         1258    i.USART_GetITStatus  stm32f10x_usart.o
    0x0800220e   0x0000004a   Code   RO         1260    i.USART_ITConfig    stm32f10x_usart.o
    0x08002258   0x000000d8   Code   RO         1261    i.USART_Init        stm32f10x_usart.o
    0x08002330   0x0000000a   Code   RO         1268    i.USART_ReceiveData  stm32f10x_usart.o
    0x0800233a   0x00000008   Code   RO         1271    i.USART_SendData    stm32f10x_usart.o
    0x08002342   0x00000004   Code   RO          166    i.UsageFault_Handler  stm32f10x_it.o
    0x08002346   0x00000002   PAD
    0x08002348   0x00000034   Code   RO          729    i.Usart_SendByte    bluetooth.o
    0x0800237c   0x00000388   Code   RO          601    i.dance             mode.o
    0x08002704   0x000000c0   Code   RO          757    i.delay_ms          delay.o
    0x080027c4   0x000000c4   Code   RO          758    i.delay_us          delay.o
    0x08002888   0x000000cc   Code   RO          602    i.fierce            mode.o
    0x08002954   0x000000cc   Code   RO          603    i.laugh             mode.o
    0x08002a20   0x00000158   Code   RO            1    i.main              main.o
    0x08002b78   0x000000cc   Code   RO          604    i.pee               mode.o
    0x08002c44   0x00000110   Code   RO          605    i.roll              mode.o
    0x08002d54   0x00000044   Code   RO          759    i.systick_init      delay.o
    0x08002d98   0x0000448e   Data   RO          541    .constdata          oled_data.o
    0x08007226   0x00000002   PAD
    0x08007228   0x00000020   Data   RO         4280    Region$$Table       anon$$obj.o


    Execution Region ER_RW (Base: 0x20000000, Size: 0x00000088, Max: 0xffffffff, ABSOLUTE)

    Base Addr    Size         Type   Attr      Idx    E Section Name        Object

    0x20000000   0x00000008   Data   RW            2    .data               main.o
    0x20000008   0x00000040   Data   RW          606    .data               mode.o
    0x20000048   0x00000008   Data   RW          705    .data               tianwen.o
    0x20000050   0x0000000e   Data   RW          730    .data               bluetooth.o
    0x2000005e   0x00000002   PAD
    0x20000060   0x00000008   Data   RW          760    .data               delay.o
    0x20000068   0x0000000c   Data   RW          820    .data               usart.o
    0x20000074   0x00000014   Data   RW         1082    .data               stm32f10x_rcc.o


    Execution Region ER_ZI (Base: 0x20000088, Size: 0x00000ae0, Max: 0xffffffff, ABSOLUTE)

    Base Addr    Size         Type   Attr      Idx    E Section Name        Object

    0x20000088   0x00000400   Zero   RW          345    .bss                oled.o
    0x20000488   0x00000080   Zero   RW          819    .bss                usart.o
    0x20000508   0x00000060   Zero   RW         4096    .bss                c_w.l(libspace.o)
    0x20000568   0x00000200   Zero   RW          870    HEAP                startup_stm32f10x_md.o
    0x20000768   0x00000400   Zero   RW          869    STACK               startup_stm32f10x_md.o


==============================================================================

Image component sizes


      Code (inc. data)   RO Data    RW Data    ZI Data      Debug   Object Name

       536         36          0         14          0       2553   bluetooth.o
       456         24          0          8          0       1909   delay.o
        56          6          0          0          0     203823   led.o
       660         46          0          0          0       3584   leg.o
       344          6          0          8          0     250518   main.o
       132         22          0          0          0       1479   misc.o
      4872        378          0         64          0      11177   mode.o
       998         32          0          0       1024       8257   oled.o
         0          0      17550          0          0       1805   oled_data.o
        64         26        236          0       1536        780   startup_stm32f10x_md.o
       292          0          0          0          0       3011   stm32f10x_gpio.o
        26          0          0          0          0       3550   stm32f10x_it.o
       276         32          0         20          0       4350   stm32f10x_rcc.o
       894         92          0          0          0       8869   stm32f10x_tim.o
       442          6          0          0          0       6041   stm32f10x_usart.o
         0          0          0          0          0         32   sys.o
       328         28          0          0          0       1729   system_stm32f10x.o
       484         28          0          8          0       1687   tianwen.o
       280         28          0         12        128       1843   usart.o

    ----------------------------------------------------------------------
     11156        790      17820        136       2688     516997   Object Totals
         0          0         32          0          0          0   (incl. Generated)
        16          0          2          2          0          0   (incl. Padding)

    ----------------------------------------------------------------------

      Code (inc. data)   RO Data    RW Data    ZI Data      Debug   Library Member Name

         8          0          0          0          0         68   __main.o
         0          0          0          0          0          0   __rtentry.o
        12          0          0          0          0          0   __rtentry2.o
         6          0          0          0          0          0   __rtentry4.o
        52          8          0          0          0          0   __scatter.o
        26          0          0          0          0          0   __scatter_copy.o
        28          0          0          0          0          0   __scatter_zi.o
        18          0          0          0          0         80   exit.o
         6          0          0          0          0        152   heapauxi.o
         0          0          0          0          0          0   indicate_semi.o
         2          0          0          0          0          0   libinit.o
         2          0          0          0          0          0   libinit2.o
         2          0          0          0          0          0   libshutdown.o
         2          0          0          0          0          0   libshutdown2.o
         8          4          0          0         96         68   libspace.o
         2          0          0          0          0          0   rtexit.o
        10          0          0          0          0          0   rtexit2.o
        12          4          0          0          0         68   sys_exit.o
        74          0          0          0          0         80   sys_stackheap_outer.o
         2          0          0          0          0         68   use_no_semi.o

    ----------------------------------------------------------------------
       280         16          0          0         96        584   Library Totals
         8          0          0          0          0          0   (incl. Padding)

    ----------------------------------------------------------------------

      Code (inc. data)   RO Data    RW Data    ZI Data      Debug   Library Name

       272         16          0          0         96        584   c_w.l

    ----------------------------------------------------------------------
       280         16          0          0         96        584   Library Totals

    ----------------------------------------------------------------------

==============================================================================


      Code (inc. data)   RO Data    RW Data    ZI Data      Debug   

     11436        806      17820        136       2784     513001   Grand Totals
     11436        806      17820        136       2784     513001   ELF Image Totals
     11436        806      17820        136          0          0   ROM Totals

==============================================================================

    Total RO  Size (Code + RO Data)                29256 (  28.57kB)
    Total RW  Size (RW Data + ZI Data)              2920 (   2.85kB)
    Total ROM Size (Code + RO Data + RW Data)      29392 (  28.70kB)

==============================================================================

