<html>
<body>
<pre>
<h1>礦ision Build Log</h1>
<h2>Tool Versions:</h2>
IDE-Version: μVision V5.23.0.0
Copyright (C) 2017 ARM Ltd and ARM Germany GmbH. All rights reserved.
License Information: larythks gg, ll, LIC=BL28G-V113R-RFSIZ-J4RQY-65JI1-XHTP0
 
Tool Versions:
Toolchain:       MDK-ARM Professional  Version: 5.23
Toolchain Path:  F:\Keil for ARM\ARM\ARMCC\Bin
C Compiler:      Armcc.exe V5.06 update 4 (build 422)
Assembler:       Armasm.exe V5.06 update 4 (build 422)
Linker/Locator:  ArmLink.exe V5.06 update 4 (build 422)
Library Manager: ArmAr.exe V5.06 update 4 (build 422)
Hex Converter:   FromElf.exe V5.06 update 4 (build 422)
CPU DLL:         SARMCM3.DLL V5.23
Dialog DLL:      DARMSTM.DLL V1.68.0.0
Target DLL:      STLink\ST-LINKIII-KEIL_SWO.dll V2.0.18.0
Dialog DLL:      DARMSTM.DLL V1.68.0.0
 
<h2>Project:</h2>
F:\desktop_pet\机器狗资料B\Keil5代码\USER\LED.uvprojx
Project File Date:  07/16/2025

<h2>Output:</h2>
*** Using Compiler 'V5.06 update 4 (build 422)', folder: 'F:\Keil for ARM\ARM\ARMCC\Bin'
Build target 'LED'
compiling usart.c...
compiling bluetooth.c...
linking...
Program Size: Code=11436 RO-data=17820 RW-data=136 ZI-data=2784  
FromELF: creating hex file...
"..\OBJ\LED.axf" - 0 Error(s), 0 Warning(s).

<h2>Collection of Component include folders:</h2>
  .\RTE\_LED
  F:\Keil for ARM\ARM\PACK\Keil\STM32F1xx_DFP\2.4.1\Device\Include

<h2>Collection of Component Files used:</h2>
Build Time Elapsed:  00:00:01
</pre>
</body>
</html>
